01:08:52 **** Incremental Build of configuration Debug for project AKU_Arthitecture_v.1.0.0 ****
make -j8 all 
arm-none-eabi-gcc "../Core/Src/aku_infra_imu.c" -mcpu=cortex-m4 -std=gnu11 -g3 -DDEBUG -DUSE_HAL_DRIVER -DSTM32F446xx -c -I../Core/Inc -I../Drivers/STM32F4xx_HAL_Driver/Inc -I../Drivers/STM32F4xx_HAL_Driver/Inc/Legacy -I../Middlewares/Third_Party/FreeRTOS/Source/include -I../Middlewares/Third_Party/FreeRTOS/Source/CMSIS_RTOS -I../Middlewares/Third_Party/FreeRTOS/Source/portable/GCC/ARM_CM4F -I../Drivers/CMSIS/Device/ST/STM32F4xx/Include -I../Drivers/CMSIS/Include -O0 -ffunction-sections -fdata-sections -Wall -fstack-usage -fcyclomatic-complexity -MMD -MP -MF"Core/Src/aku_infra_imu.d" -MT"Core/Src/aku_infra_imu.o" --specs=nano.specs -mfpu=fpv4-sp-d16 -mfloat-abi=hard -mthumb -o "Core/Src/aku_infra_imu.o"
arm-none-eabi-gcc -o "AKU_Arthitecture_v.1.0.0.elf" @"objects.list"   -mcpu=cortex-m4 -T"C:\Users\batuh\OneDrive\Belgeler\AKU_2_batoddy\AKU-2-Developement-Codes\Avionics\STM_32\AKU_Arthitecture_v.1.0.0\STM32F446RETX_FLASH.ld" --specs=nosys.specs -Wl,-Map="AKU_Arthitecture_v.1.0.0.map" -Wl,--gc-sections -static --specs=nano.specs -mfpu=fpv4-sp-d16 -mfloat-abi=hard -mthumb -Wl,--start-group -lc -lm -Wl,--end-group
Finished building target: AKU_Arthitecture_v.1.0.0.elf
 
arm-none-eabi-size   AKU_Arthitecture_v.1.0.0.elf 
arm-none-eabi-objdump -h -S  AKU_Arthitecture_v.1.0.0.elf  > "AKU_Arthitecture_v.1.0.0.list"
   text	   data	    bss	    dec	    hex	filename
  47376	    172	  48908	  96456	  178c8	AKU_Arthitecture_v.1.0.0.elf
Finished building: default.size.stdout
 
Finished building: AKU_Arthitecture_v.1.0.0.list
 

01:08:53 Build Finished. 0 errors, 0 warnings. (took 1s.191ms)

