18:48:22 **** Incremental Build of configuration Debug for project AKU2_GroundTest1_TARDIS2 ****
make -j8 all 
arm-none-eabi-gcc "../Core/Src/aku_infra_data.c" -mcpu=cortex-m4 -std=gnu11 -g3 -DDEBUG -DUSE_HAL_DRIVER -DSTM32F446xx -c -I../Core/Inc -I../FATFS/Target -I../FATFS/App -I../USB_DEVICE/App -I../USB_DEVICE/Target -I../Drivers/STM32F4xx_HAL_Driver/Inc -I../Drivers/STM32F4xx_HAL_Driver/Inc/Legacy -I../Middlewares/Third_Party/FreeRTOS/Source/include -I../Middlewares/Third_Party/FreeRTOS/Source/CMSIS_RTOS -I../Middlewares/Third_Party/FreeRTOS/Source/portable/GCC/ARM_CM4F -I../Middlewares/Third_Party/FatFs/src -I../Middlewares/ST/STM32_USB_Device_Library/Core/Inc -I../Middlewares/ST/STM32_USB_Device_Library/Class/CDC/Inc -I../Drivers/CMSIS/Device/ST/STM32F4xx/Include -I../Drivers/CMSIS/Include -O0 -ffunction-sections -fdata-sections -Wall -u_printf_float -fstack-usage -fcyclomatic-complexity -MMD -MP -MF"Core/Src/aku_infra_data.d" -MT"Core/Src/aku_infra_data.o" --specs=nano.specs -mfpu=fpv4-sp-d16 -mfloat-abi=hard -mthumb -o "Core/Src/aku_infra_data.o"
../Core/Src/aku_infra_data.c: In function 'transmit_usb_data_eulerNservo':
../Core/Src/aku_infra_data.c:34:19: warning: pointer targets in passing argument 1 of 'CDC_Transmit_FS' differ in signedness [-Wpointer-sign]
   34 |   CDC_Transmit_FS(usb_data, strlen(usb_data));
      |                   ^~~~~~~~
      |                   |
      |                   char *
In file included from ../Core/Src/aku_infra_data.c:28:
../USB_DEVICE/App/usbd_cdc_if.h:108:34: note: expected 'uint8_t *' {aka 'unsigned char *'} but argument is of type 'char *'
  108 | uint8_t CDC_Transmit_FS(uint8_t* Buf, uint16_t Len);
      |                         ~~~~~~~~~^~~
arm-none-eabi-gcc -o "AKU2_GroundTest1_TARDIS2.elf" @"objects.list"   -mcpu=cortex-m4 -T"C:\Users\batuh\OneDrive\Belgeler\AKU_2_batoddy\AKU-2-Developement-Codes\Avionics\STM_32\AKU2_GroundTest1_TARDIS2\STM32F446RETX_FLASH.ld" --specs=nosys.specs -Wl,-Map="AKU2_GroundTest1_TARDIS2.map" -Wl,--gc-sections -static -u_printf_float --specs=nano.specs -mfpu=fpv4-sp-d16 -mfloat-abi=hard -mthumb -Wl,--start-group -lc -lm -Wl,--end-group
Finished building target: AKU2_GroundTest1_TARDIS2.elf
 
arm-none-eabi-size   AKU2_GroundTest1_TARDIS2.elf 
arm-none-eabi-objdump -h -S  AKU2_GroundTest1_TARDIS2.elf  > "AKU2_GroundTest1_TARDIS2.list"
   text	   data	    bss	    dec	    hex	filename
 102392	    912	  40936	 144240	  23370	AKU2_GroundTest1_TARDIS2.elf
Finished building: default.size.stdout
 
Finished building: AKU2_GroundTest1_TARDIS2.list
 
18:48:27 **** Incremental Build of configuration Debug for project AKU2_GroundTest1_TARDIS2 ****
make -j8 all 
arm-none-eabi-size   AKU2_GroundTest1_TARDIS2.elf 
   text	   data	    bss	    dec	    hex	filename
 102392	    912	  40936	 144240	  23370	AKU2_GroundTest1_TARDIS2.elf
Finished building: default.size.stdout
 
18:50:06 **** Incremental Build of configuration Debug for project AKU2_GroundTest1_TARDIS2 ****
make -j8 all 
arm-none-eabi-gcc "../Core/Src/aku_infra_data.c" -mcpu=cortex-m4 -std=gnu11 -g3 -DDEBUG -DUSE_HAL_DRIVER -DSTM32F446xx -c -I../Core/Inc -I../FATFS/Target -I../FATFS/App -I../USB_DEVICE/App -I../USB_DEVICE/Target -I../Drivers/STM32F4xx_HAL_Driver/Inc -I../Drivers/STM32F4xx_HAL_Driver/Inc/Legacy -I../Middlewares/Third_Party/FreeRTOS/Source/include -I../Middlewares/Third_Party/FreeRTOS/Source/CMSIS_RTOS -I../Middlewares/Third_Party/FreeRTOS/Source/portable/GCC/ARM_CM4F -I../Middlewares/Third_Party/FatFs/src -I../Middlewares/ST/STM32_USB_Device_Library/Core/Inc -I../Middlewares/ST/STM32_USB_Device_Library/Class/CDC/Inc -I../Drivers/CMSIS/Device/ST/STM32F4xx/Include -I../Drivers/CMSIS/Include -O0 -ffunction-sections -fdata-sections -Wall -u_printf_float -fstack-usage -fcyclomatic-complexity -MMD -MP -MF"Core/Src/aku_infra_data.d" -MT"Core/Src/aku_infra_data.o" --specs=nano.specs -mfpu=fpv4-sp-d16 -mfloat-abi=hard -mthumb -o "Core/Src/aku_infra_data.o"
../Core/Src/aku_infra_data.c: In function 'transmit_usb_data_eulerNservo':
../Core/Src/aku_infra_data.c:34:19: warning: pointer targets in passing argument 1 of 'CDC_Transmit_FS' differ in signedness [-Wpointer-sign]
   34 |   CDC_Transmit_FS(usb_data, strlen(usb_data));
      |                   ^~~~~~~~
      |                   |
      |                   char *
In file included from ../Core/Src/aku_infra_data.c:28:
../USB_DEVICE/App/usbd_cdc_if.h:108:34: note: expected 'uint8_t *' {aka 'unsigned char *'} but argument is of type 'char *'
  108 | uint8_t CDC_Transmit_FS(uint8_t* Buf, uint16_t Len);
      |                         ~~~~~~~~~^~~
arm-none-eabi-gcc -o "AKU2_GroundTest1_TARDIS2.elf" @"objects.list"   -mcpu=cortex-m4 -T"C:\Users\batuh\OneDrive\Belgeler\AKU_2_batoddy\AKU-2-Developement-Codes\Avionics\STM_32\AKU2_GroundTest1_TARDIS2\STM32F446RETX_FLASH.ld" --specs=nosys.specs -Wl,-Map="AKU2_GroundTest1_TARDIS2.map" -Wl,--gc-sections -static -u_printf_float --specs=nano.specs -mfpu=fpv4-sp-d16 -mfloat-abi=hard -mthumb -Wl,--start-group -lc -lm -Wl,--end-group
Finished building target: AKU2_GroundTest1_TARDIS2.elf
 
arm-none-eabi-size   AKU2_GroundTest1_TARDIS2.elf 
arm-none-eabi-objdump -h -S  AKU2_GroundTest1_TARDIS2.elf  > "AKU2_GroundTest1_TARDIS2.list"
   text	   data	    bss	    dec	    hex	filename
 102392	    912	  40936	 144240	  23370	AKU2_GroundTest1_TARDIS2.elf
Finished building: default.size.stdout
 
Finished building: AKU2_GroundTest1_TARDIS2.list
 
