../Core/Inc/bno055_stm32.h:20:6:bno055_assignI2C	16	static
../Core/Inc/bno055_stm32.h:24:6:bno055_delay	16	static
../Core/Inc/bno055_stm32.h:32:6:bno055_writeData	40	static
../Core/Inc/bno055_stm32.h:95:6:bno055_readData	24	static
../Core/Src/aku_infra_imu.c:44:6:imu_read_register	24	static
../Core/Src/aku_infra_imu.c:51:6:config_IMU	8	static
../Core/Src/aku_infra_imu.c:60:6:read_imu_data	176	static
../Core/Src/aku_infra_imu.c:96:6:init_IMU	8	static
../Core/Src/aku_infra_imu.c:108:6:read_IMU	16	static
../Core/Src/aku_infra_imu.c:136:6:empty_imu_registers	16	static
../Core/Src/aku_infra_imu.c:145:6:get_offset_data	136	static
../Core/Src/aku_infra_imu.c:186:9:check_imu_connection	16	static
../Core/Src/aku_infra_imu.c:194:9:check_imu_status	16	static
