Archive member included to satisfy reference by file (symbol)

c:/st/stm32cubeide_1.12.0/stm32cubeide/plugins/com.st.stm32cube.ide.mcu.externaltools.gnu-tools-for-stm32.10.3-2021.10.win32_1.0.200.202301161003/tools/bin/../lib/gcc/arm-none-eabi/10.3.1/../../../../arm-none-eabi/lib/thumb/v7e-m+fp/hard\libc_nano.a(lib_a-errno.o)
                              ./Core/Src/syscalls.o (__errno)
c:/st/stm32cubeide_1.12.0/stm32cubeide/plugins/com.st.stm32cube.ide.mcu.externaltools.gnu-tools-for-stm32.10.3-2021.10.win32_1.0.200.202301161003/tools/bin/../lib/gcc/arm-none-eabi/10.3.1/../../../../arm-none-eabi/lib/thumb/v7e-m+fp/hard\libc_nano.a(lib_a-exit.o)
                              c:/st/stm32cubeide_1.12.0/stm32cubeide/plugins/com.st.stm32cube.ide.mcu.externaltools.gnu-tools-for-stm32.10.3-2021.10.win32_1.0.200.202301161003/tools/bin/../lib/gcc/arm-none-eabi/10.3.1/../../../../arm-none-eabi/lib/thumb/v7e-m+fp/hard/crt0.o (exit)
c:/st/stm32cubeide_1.12.0/stm32cubeide/plugins/com.st.stm32cube.ide.mcu.externaltools.gnu-tools-for-stm32.10.3-2021.10.win32_1.0.200.202301161003/tools/bin/../lib/gcc/arm-none-eabi/10.3.1/../../../../arm-none-eabi/lib/thumb/v7e-m+fp/hard\libc_nano.a(lib_a-findfp.o)
                              ./Middlewares/Third_Party/FreeRTOS/Source/tasks.o (__sf_fake_stderr)
c:/st/stm32cubeide_1.12.0/stm32cubeide/plugins/com.st.stm32cube.ide.mcu.externaltools.gnu-tools-for-stm32.10.3-2021.10.win32_1.0.200.202301161003/tools/bin/../lib/gcc/arm-none-eabi/10.3.1/../../../../arm-none-eabi/lib/thumb/v7e-m+fp/hard\libc_nano.a(lib_a-fwalk.o)
                              c:/st/stm32cubeide_1.12.0/stm32cubeide/plugins/com.st.stm32cube.ide.mcu.externaltools.gnu-tools-for-stm32.10.3-2021.10.win32_1.0.200.202301161003/tools/bin/../lib/gcc/arm-none-eabi/10.3.1/../../../../arm-none-eabi/lib/thumb/v7e-m+fp/hard\libc_nano.a(lib_a-findfp.o) (_fwalk)
c:/st/stm32cubeide_1.12.0/stm32cubeide/plugins/com.st.stm32cube.ide.mcu.externaltools.gnu-tools-for-stm32.10.3-2021.10.win32_1.0.200.202301161003/tools/bin/../lib/gcc/arm-none-eabi/10.3.1/../../../../arm-none-eabi/lib/thumb/v7e-m+fp/hard\libc_nano.a(lib_a-impure.o)
                              c:/st/stm32cubeide_1.12.0/stm32cubeide/plugins/com.st.stm32cube.ide.mcu.externaltools.gnu-tools-for-stm32.10.3-2021.10.win32_1.0.200.202301161003/tools/bin/../lib/gcc/arm-none-eabi/10.3.1/../../../../arm-none-eabi/lib/thumb/v7e-m+fp/hard\libc_nano.a(lib_a-exit.o) (_global_impure_ptr)
c:/st/stm32cubeide_1.12.0/stm32cubeide/plugins/com.st.stm32cube.ide.mcu.externaltools.gnu-tools-for-stm32.10.3-2021.10.win32_1.0.200.202301161003/tools/bin/../lib/gcc/arm-none-eabi/10.3.1/../../../../arm-none-eabi/lib/thumb/v7e-m+fp/hard\libc_nano.a(lib_a-init.o)
                              c:/st/stm32cubeide_1.12.0/stm32cubeide/plugins/com.st.stm32cube.ide.mcu.externaltools.gnu-tools-for-stm32.10.3-2021.10.win32_1.0.200.202301161003/tools/bin/../lib/gcc/arm-none-eabi/10.3.1/../../../../arm-none-eabi/lib/thumb/v7e-m+fp/hard/crt0.o (__libc_init_array)
c:/st/stm32cubeide_1.12.0/stm32cubeide/plugins/com.st.stm32cube.ide.mcu.externaltools.gnu-tools-for-stm32.10.3-2021.10.win32_1.0.200.202301161003/tools/bin/../lib/gcc/arm-none-eabi/10.3.1/../../../../arm-none-eabi/lib/thumb/v7e-m+fp/hard\libc_nano.a(lib_a-lock.o)
                              c:/st/stm32cubeide_1.12.0/stm32cubeide/plugins/com.st.stm32cube.ide.mcu.externaltools.gnu-tools-for-stm32.10.3-2021.10.win32_1.0.200.202301161003/tools/bin/../lib/gcc/arm-none-eabi/10.3.1/../../../../arm-none-eabi/lib/thumb/v7e-m+fp/hard\libc_nano.a(lib_a-findfp.o) (__retarget_lock_init_recursive)
c:/st/stm32cubeide_1.12.0/stm32cubeide/plugins/com.st.stm32cube.ide.mcu.externaltools.gnu-tools-for-stm32.10.3-2021.10.win32_1.0.200.202301161003/tools/bin/../lib/gcc/arm-none-eabi/10.3.1/../../../../arm-none-eabi/lib/thumb/v7e-m+fp/hard\libc_nano.a(lib_a-memcpy-stub.o)
                              ./Core/Src/bno055.o (memcpy)
c:/st/stm32cubeide_1.12.0/stm32cubeide/plugins/com.st.stm32cube.ide.mcu.externaltools.gnu-tools-for-stm32.10.3-2021.10.win32_1.0.200.202301161003/tools/bin/../lib/gcc/arm-none-eabi/10.3.1/../../../../arm-none-eabi/lib/thumb/v7e-m+fp/hard\libc_nano.a(lib_a-memset.o)
                              c:/st/stm32cubeide_1.12.0/stm32cubeide/plugins/com.st.stm32cube.ide.mcu.externaltools.gnu-tools-for-stm32.10.3-2021.10.win32_1.0.200.202301161003/tools/bin/../lib/gcc/arm-none-eabi/10.3.1/../../../../arm-none-eabi/lib/thumb/v7e-m+fp/hard/crt0.o (memset)
c:/st/stm32cubeide_1.12.0/stm32cubeide/plugins/com.st.stm32cube.ide.mcu.externaltools.gnu-tools-for-stm32.10.3-2021.10.win32_1.0.200.202301161003/tools/bin/../lib/gcc/arm-none-eabi/10.3.1/../../../../arm-none-eabi/lib/thumb/v7e-m+fp/hard\libc_nano.a(lib_a-nano-mallocr.o)
[...]
Memory Configuration

Name             Origin             Length             Attributes
RAM              0x0000000020000000 0x0000000000020000 xrw
FLASH            0x0000000008000000 0x0000000000080000 xr
*default*        0x0000000000000000 0xffffffffffffffff

Linker script and memory map

LOAD c:/st/stm32cubeide_1.12.0/stm32cubeide/plugins/com.st.stm32cube.ide.mcu.externaltools.gnu-tools-for-stm32.10.3-2021.10.win32_1.0.200.202301161003/tools/bin/../lib/gcc/arm-none-eabi/10.3.1/thumb/v7e-m+fp/hard/crti.o
LOAD c:/st/stm32cubeide_1.12.0/stm32cubeide/plugins/com.st.stm32cube.ide.mcu.externaltools.gnu-tools-for-stm32.10.3-2021.10.win32_1.0.200.202301161003/tools/bin/../lib/gcc/arm-none-eabi/10.3.1/thumb/v7e-m+fp/hard/crtbegin.o
LOAD c:/st/stm32cubeide_1.12.0/stm32cubeide/plugins/com.st.stm32cube.ide.mcu.externaltools.gnu-tools-for-stm32.10.3-2021.10.win32_1.0.200.202301161003/tools/bin/../lib/gcc/arm-none-eabi/10.3.1/../../../../arm-none-eabi/lib/thumb/v7e-m+fp/hard/crt0.o
LOAD ./Core/Src/aku_infra_SD.o
LOAD ./Core/Src/aku_infra_barometer.o
LOAD ./Core/Src/aku_infra_flash_mem.o
LOAD ./Core/Src/aku_infra_imu.o
LOAD ./Core/Src/aku_infrastructure.o
LOAD ./Core/Src/bno055.o
LOAD ./Core/Src/freertos.o
LOAD ./Core/Src/gpio.o
LOAD ./Core/Src/i2c.o
LOAD ./Core/Src/main.o
LOAD ./Core/Src/spi.o
LOAD ./Core/Src/stm32f4xx_hal_msp.o
LOAD ./Core/Src/stm32f4xx_hal_timebase_tim.o
LOAD ./Core/Src/stm32f4xx_it.o
LOAD ./Core/Src/syscalls.o
LOAD ./Core/Src/sysmem.o
LOAD ./Core/Src/system_stm32f4xx.o
LOAD ./Core/Src/tim.o
LOAD ./Core/Src/usart.o
LOAD ./Core/Src/yrt_ms5611.o
LOAD ./Core/Startup/startup_stm32f446retx.o
LOAD ./Drivers/STM32F4xx_HAL_Driver/Src/stm32f4xx_hal.o
LOAD ./Drivers/STM32F4xx_HAL_Driver/Src/stm32f4xx_hal_cortex.o
LOAD ./Drivers/STM32F4xx_HAL_Driver/Src/stm32f4xx_hal_dma.o
LOAD ./Drivers/STM32F4xx_HAL_Driver/Src/stm32f4xx_hal_dma_ex.o
LOAD ./Drivers/STM32F4xx_HAL_Driver/Src/stm32f4xx_hal_exti.o
LOAD ./Drivers/STM32F4xx_HAL_Driver/Src/stm32f4xx_hal_flash.o
LOAD ./Drivers/STM32F4xx_HAL_Driver/Src/stm32f4xx_hal_flash_ex.o
LOAD ./Drivers/STM32F4xx_HAL_Driver/Src/stm32f4xx_hal_flash_ramfunc.o
LOAD ./Drivers/STM32F4xx_HAL_Driver/Src/stm32f4xx_hal_gpio.o
LOAD ./Drivers/STM32F4xx_HAL_Driver/Src/stm32f4xx_hal_i2c.o
LOAD ./Drivers/STM32F4xx_HAL_Driver/Src/stm32f4xx_hal_i2c_ex.o
LOAD ./Drivers/STM32F4xx_HAL_Driver/Src/stm32f4xx_hal_pwr.o
LOAD ./Drivers/STM32F4xx_HAL_Driver/Src/stm32f4xx_hal_pwr_ex.o
LOAD ./Drivers/STM32F4xx_HAL_Driver/Src/stm32f4xx_hal_rcc.o
LOAD ./Drivers/STM32F4xx_HAL_Driver/Src/stm32f4xx_hal_rcc_ex.o
LOAD ./Drivers/STM32F4xx_HAL_Driver/Src/stm32f4xx_hal_spi.o
LOAD ./Drivers/STM32F4xx_HAL_Driver/Src/stm32f4xx_hal_tim.o
LOAD ./Drivers/STM32F4xx_HAL_Driver/Src/stm32f4xx_hal_tim_ex.o
LOAD ./Drivers/STM32F4xx_HAL_Driver/Src/stm32f4xx_hal_uart.o
LOAD ./Middlewares/Third_Party/FreeRTOS/Source/CMSIS_RTOS/cmsis_os.o
LOAD ./Middlewares/Third_Party/FreeRTOS/Source/croutine.o
LOAD ./Middlewares/Third_Party/FreeRTOS/Source/event_groups.o
LOAD ./Middlewares/Third_Party/FreeRTOS/Source/list.o
LOAD ./Middlewares/Third_Party/FreeRTOS/Source/queue.o
LOAD ./Middlewares/Third_Party/FreeRTOS/Source/stream_buffer.o
LOAD ./Middlewares/Third_Party/FreeRTOS/Source/tasks.o
LOAD ./Middlewares/Third_Party/FreeRTOS/Source/timers.o
LOAD ./Middlewares/Third_Party/FreeRTOS/Source/portable/GCC/ARM_CM4F/port.o
LOAD ./Middlewares/Third_Party/FreeRTOS/Source/portable/MemMang/heap_4.o
START GROUP
LOAD c:/st/stm32cubeide_1.12.0/stm32cubeide/plugins/com.st.stm32cube.ide.mcu.externaltools.gnu-tools-for-stm32.10.3-2021.10.win32_1.0.200.202301161003/tools/bin/../lib/gcc/arm-none-eabi/10.3.1/../../../../arm-none-eabi/lib/thumb/v7e-m+fp/hard\libc_nano.a
LOAD c:/st/stm32cubeide_1.12.0/stm32cubeide/plugins/com.st.stm32cube.ide.mcu.externaltools.gnu-tools-for-stm32.10.3-2021.10.win32_1.0.200.202301161003/tools/bin/../lib/gcc/arm-none-eabi/10.3.1/../../../../arm-none-eabi/lib/thumb/v7e-m+fp/hard\libm.a
END GROUP
START GROUP
LOAD c:/st/stm32cubeide_1.12.0/stm32cubeide/plugins/com.st.stm32cube.ide.mcu.externaltools.gnu-tools-for-stm32.10.3-2021.10.win32_1.0.200.202301161003/tools/bin/../lib/gcc/arm-none-eabi/10.3.1/thumb/v7e-m+fp/hard\libgcc.a
LOAD c:/st/stm32cubeide_1.12.0/stm32cubeide/plugins/com.st.stm32cube.ide.mcu.externaltools.gnu-tools-for-stm32.10.3-2021.10.win32_1.0.200.202301161003/tools/bin/../lib/gcc/arm-none-eabi/10.3.1/../../../../arm-none-eabi/lib/thumb/v7e-m+fp/hard\libc_nano.a
END GROUP
START GROUP
LOAD c:/st/stm32cubeide_1.12.0/stm32cubeide/plugins/com.st.stm32cube.ide.mcu.externaltools.gnu-tools-for-stm32.10.3-2021.10.win32_1.0.200.202301161003/tools/bin/../lib/gcc/arm-none-eabi/10.3.1/thumb/v7e-m+fp/hard\libgcc.a
LOAD c:/st/stm32cubeide_1.12.0/stm32cubeide/plugins/com.st.stm32cube.ide.mcu.externaltools.gnu-tools-for-stm32.10.3-2021.10.win32_1.0.200.202301161003/tools/bin/../lib/gcc/arm-none-eabi/10.3.1/../../../../arm-none-eabi/lib/thumb/v7e-m+fp/hard\libc_nano.a
LOAD c:/st/stm32cubeide_1.12.0/stm32cubeide/plugins/com.st.stm32cube.ide.mcu.externaltools.gnu-tools-for-stm32.10.3-2021.10.win32_1.0.200.202301161003/tools/bin/../lib/gcc/arm-none-eabi/10.3.1/../../../../arm-none-eabi/lib/thumb/v7e-m+fp/hard\libnosys.a
END GROUP
START GROUP
LOAD c:/st/stm32cubeide_1.12.0/stm32cubeide/plugins/com.st.stm32cube.ide.mcu.externaltools.gnu-tools-for-stm32.10.3-2021.10.win32_1.0.200.202301161003/tools/bin/../lib/gcc/arm-none-eabi/10.3.1/thumb/v7e-m+fp/hard\libgcc.a
LOAD c:/st/stm32cubeide_1.12.0/stm32cubeide/plugins/com.st.stm32cube.ide.mcu.externaltools.gnu-tools-for-stm32.10.3-2021.10.win32_1.0.200.202301161003/tools/bin/../lib/gcc/arm-none-eabi/10.3.1/../../../../arm-none-eabi/lib/thumb/v7e-m+fp/hard\libc_nano.a
LOAD c:/st/stm32cubeide_1.12.0/stm32cubeide/plugins/com.st.stm32cube.ide.mcu.externaltools.gnu-tools-for-stm32.10.3-2021.10.win32_1.0.200.202301161003/tools/bin/../lib/gcc/arm-none-eabi/10.3.1/../../../../arm-none-eabi/lib/thumb/v7e-m+fp/hard\libnosys.a
END GROUP
LOAD c:/st/stm32cubeide_1.12.0/stm32cubeide/plugins/com.st.stm32cube.ide.mcu.externaltools.gnu-tools-for-stm32.10.3-2021.10.win32_1.0.200.202301161003/tools/bin/../lib/gcc/arm-none-eabi/10.3.1/thumb/v7e-m+fp/hard/crtend.o
LOAD c:/st/stm32cubeide_1.12.0/stm32cubeide/plugins/com.st.stm32cube.ide.mcu.externaltools.gnu-tools-for-stm32.10.3-2021.10.win32_1.0.200.202301161003/tools/bin/../lib/gcc/arm-none-eabi/10.3.1/thumb/v7e-m+fp/hard/crtn.o
                0x0000000020020000                _estack = (ORIGIN (RAM) + LENGTH (RAM))
                0x0000000000000200                _Min_Heap_Size = 0x200
                0x0000000000000400                _Min_Stack_Size = 0x400

.isr_vector     0x0000000008000000      0x1c4
                0x0000000008000000                . = ALIGN (0x4)
 *(.isr_vector)
 .isr_vector    0x0000000008000000      0x1c4 ./Core/Startup/startup_stm32f446retx.o
                0x0000000008000000                g_pfnVectors
                0x00000000080001c4                . = ALIGN (0x4)

.text           0x00000000080001d0     0xb404
                0x00000000080001d0                . = ALIGN (0x4)
 *(.text)
 .text          0x00000000080001d0       0x40 c:/st/stm32cubeide_1.12.0/stm32cubeide/plugins/com.st.stm32cube.ide.mcu.externaltools.gnu-tools-for-stm32.10.3-2021.10.win32_1.0.200.202301161003/tools/bin/../lib/gcc/arm-none-eabi/10.3.1/thumb/v7e-m+fp/hard/crtbegin.o
 .text          0x0000000008000210       0xa0 c:/st/stm32cubeide_1.12.0/stm32cubeide/plugins/com.st.stm32cube.ide.mcu.externaltools.gnu-tools-for-stm32.10.3-2021.10.win32_1.0.200.202301161003/tools/bin/../lib/gcc/arm-none-eabi/10.3.1/../../../../arm-none-eabi/lib/thumb/v7e-m+fp/hard\libc_nano.a(lib_a-memchr.o)
                0x0000000008000210                memchr
 .text          0x00000000080002b0      0x378 c:/st/stm32cubeide_1.12.0/stm32cubeide/plugins/com.st.stm32cube.ide.mcu.externaltools.gnu-tools-for-stm32.10.3-2021.10.win32_1.0.200.202301161003/tools/bin/../lib/gcc/arm-none-eabi/10.3.1/thumb/v7e-m+fp/hard\libgcc.a(_arm_addsubdf3.o)
                0x00000000080002b0                __aeabi_drsub
                0x00000000080002b8                __aeabi_dsub
                0x00000000080002b8                __subdf3
                0x00000000080002bc                __aeabi_dadd
                0x00000000080002bc                __adddf3
                0x0000000008000534                __floatunsidf
                0x0000000008000534                __aeabi_ui2d
                0x0000000008000554                __floatsidf
                0x0000000008000554                __aeabi_i2d
                0x0000000008000578                __aeabi_f2d
                0x0000000008000578                __extendsfdf2
                0x00000000080005bc                __floatundidf
                0x00000000080005bc                __aeabi_ul2d
                0x00000000080005cc                __floatdidf
                0x00000000080005cc                __aeabi_l2d
 .text          0x0000000008000628      0x424 c:/st/stm32cubeide_1.12.0/stm32cubeide/plugins/com.st.stm32cube.ide.mcu.externaltools.gnu-tools-for-stm32.10.3-2021.10.win32_1.0.200.202301161003/tools/bin/../lib/gcc/arm-none-eabi/10.3.1/thumb/v7e-m+fp/hard\libgcc.a(_arm_muldivdf3.o)
                0x0000000008000628                __aeabi_dmul
                0x0000000008000628                __muldf3
                0x000000000800087c                __divdf3
                0x000000000800087c                __aeabi_ddiv
 .text          0x0000000008000a4c      0x110 c:/st/stm32cubeide_1.12.0/stm32cubeide/plugins/com.st.stm32cube.ide.mcu.externaltools.gnu-tools-for-stm32.10.3-2021.10.win32_1.0.200.202301161003/tools/bin/../lib/gcc/arm-none-eabi/10.3.1/thumb/v7e-m+fp/hard\libgcc.a(_arm_cmpdf2.o)
                0x0000000008000a4c                __gtdf2
                0x0000000008000a4c                __gedf2
                0x0000000008000a54                __ltdf2
                0x0000000008000a54                __ledf2
                0x0000000008000a5c                __nedf2
                0x0000000008000a5c                __eqdf2
                0x0000000008000a5c                __cmpdf2
                0x0000000008000ad8                __aeabi_cdrcmple
                0x0000000008000ae8                __aeabi_cdcmpeq
                0x0000000008000ae8                __aeabi_cdcmple
                0x0000000008000af8                __aeabi_dcmpeq
                0x0000000008000b0c                __aeabi_dcmplt
                0x0000000008000b20                __aeabi_dcmple
                0x0000000008000b34                __aeabi_dcmpge
                0x0000000008000b48                __aeabi_dcmpgt
 .text          0x0000000008000b5c       0x2c c:/st/stm32cubeide_1.12.0/stm32cubeide/plugins/com.st.stm32cube.ide.mcu.externaltools.gnu-tools-for-stm32.10.3-2021.10.win32_1.0.200.202301161003/tools/bin/../lib/gcc/arm-none-eabi/10.3.1/thumb/v7e-m+fp/hard\libgcc.a(_arm_unorddf2.o)
                0x0000000008000b5c                __unorddf2
                0x0000000008000b5c                __aeabi_dcmpun
 .text          0x0000000008000b88       0xa0 c:/st/stm32cubeide_1.12.0/stm32cubeide/plugins/com.st.stm32cube.ide.mcu.externaltools.gnu-tools-for-stm32.10.3-2021.10.win32_1.0.200.202301161003/tools/bin/../lib/gcc/arm-none-eabi/10.3.1/thumb/v7e-m+fp/hard\libgcc.a(_arm_truncdfsf2.o)
                0x0000000008000b88                __truncdfsf2
                0x0000000008000b88                __aeabi_d2f
 .text          0x0000000008000c28       0x30 c:/st/stm32cubeide_1.12.0/stm32cubeide/plugins/com.st.stm32cube.ide.mcu.externaltools.gnu-tools-for-stm32.10.3-2021.10.win32_1.0.200.202301161003/tools/bin/../lib/gcc/arm-none-eabi/10.3.1/thumb/v7e-m+fp/hard\libgcc.a(_aeabi_uldivmod.o)
                0x0000000008000c28                __aeabi_uldivmod
 .text          0x0000000008000c58      0x2d0 c:/st/stm32cubeide_1.12.0/stm32cubeide/plugins/com.st.stm32cube.ide.mcu.externaltools.gnu-tools-for-stm32.10.3-2021.10.win32_1.0.200.202301161003/tools/bin/../lib/gcc/arm-none-eabi/10.3.1/thumb/v7e-m+fp/hard\libgcc.a(_udivmoddi4.o)
                0x0000000008000c58                __udivmoddi4
 .text          0x0000000008000f28        0x4 c:/st/stm32cubeide_1.12.0/stm32cubeide/plugins/com.st.stm32cube.ide.mcu.externaltools.gnu-tools-for-stm32.10.3-2021.10.win32_1.0.200.202301161003/tools/bin/../lib/gcc/arm-none-eabi/10.3.1/thumb/v7e-m+fp/hard\libgcc.a(_dvmd_tls.o)
                0x0000000008000f28                __aeabi_idiv0
                0x0000000008000f28                __aeabi_ldiv0
 *(.text*)
 .text.config_barometer
                0x0000000008000f2c       0x2c ./Core/Src/aku_infra_barometer.o
                0x0000000008000f2c                config_barometer
 .text.read_barometer_data
                0x0000000008000f58       0x1e ./Core/Src/aku_infra_barometer.o
                0x0000000008000f58                read_barometer_data
 *fill*         0x0000000008000f76        0x2 
 .text.get_base_pressure
                0x0000000008000f78       0x74 ./Core/Src/aku_infra_barometer.o
                0x0000000008000f78                get_base_pressure
 .text.empty_barometer_registers
                0x0000000008000fec       0x40 ./Core/Src/aku_infra_barometer.o
                0x0000000008000fec                empty_barometer_registers
 .text.init_Barometer
                0x000000000800102c       0x14 ./Core/Src/aku_infra_barometer.o
                0x000000000800102c                init_Barometer
 .text.calculateAltitude
                0x0000000008001040       0xb0 ./Core/Src/aku_infra_barometer.o
                0x0000000008001040                calculateAltitude
 .text.read_Barometer
                0x00000000080010f0       0x8c ./Core/Src/aku_infra_barometer.o
                0x00000000080010f0                read_Barometer
 .text.bno055_assignI2C
                0x000000000800117c       0x20 ./Core/Src/aku_infra_imu.o
                0x000000000800117c                bno055_assignI2C
 .text.bno055_delay
                0x000000000800119c       0x18 ./Core/Src/aku_infra_imu.o
                0x000000000800119c                bno055_delay
 .text.bno055_writeData
                0x00000000080011b4      0x1d8 ./Core/Src/aku_infra_imu.o
                0x00000000080011b4                bno055_writeData
 .text.bno055_readData
                0x000000000800138c       0x44 ./Core/Src/aku_infra_imu.o
                0x000000000800138c                bno055_readData
 .text.config_IMU
                0x00000000080013d0       0x30 ./Core/Src/aku_infra_imu.o
                0x00000000080013d0                config_IMU
 .text.read_imu_data
                0x0000000008001400      0x222 ./Core/Src/aku_infra_imu.o
                0x0000000008001400                read_imu_data
 *fill*         0x0000000008001622        0x2 
 .text.init_IMU
                0x0000000008001624       0x28 ./Core/Src/aku_infra_imu.o
                0x0000000008001624                init_IMU
 *fill*         0x000000000800164c        0x4 
 .text.read_IMU
                0x0000000008001650      0x1e0 ./Core/Src/aku_infra_imu.o
                0x0000000008001650                read_IMU
 .text.get_offset_data
                0x0000000008001830      0x280 ./Core/Src/aku_infra_imu.o
                0x0000000008001830                get_offset_data
 .text.timer_init
                0x0000000008001ab0       0x14 ./Core/Src/aku_infrastructure.o
                0x0000000008001ab0                timer_init
 .text.aku_delay
                0x0000000008001ac4       0x16 ./Core/Src/aku_infrastructure.o
                0x0000000008001ac4                aku_delay
 .text.aku_chronometer
                0x0000000008001ada       0x2e ./Core/Src/aku_infrastructure.o
                0x0000000008001ada                aku_chronometer
 .text.bno055_setPage
                0x0000000008001b08       0x1c ./Core/Src/bno055.o
                0x0000000008001b08                bno055_setPage
 .text.bno055_setOperationMode
                0x0000000008001b24       0x30 ./Core/Src/bno055.o
                0x0000000008001b24                bno055_setOperationMode
 .text.bno055_setOperationModeNDOF
                0x0000000008001b54        0xe ./Core/Src/bno055.o
                0x0000000008001b54                bno055_setOperationModeNDOF
 .text.bno055_reset
                0x0000000008001b62       0x18 ./Core/Src/bno055.o
                0x0000000008001b62                bno055_reset
 *fill*         0x0000000008001b7a        0x2 
 .text.bno055_getVector
                0x0000000008001b7c      0x288 ./Core/Src/bno055.o
                0x0000000008001b7c                bno055_getVector
 .text.bno055_getVectorAccelerometer
                0x0000000008001e04       0x86 ./Core/Src/bno055.o
                0x0000000008001e04                bno055_getVectorAccelerometer
 .text.bno055_getVectorMagnetometer
                0x0000000008001e8a       0x86 ./Core/Src/bno055.o
                0x0000000008001e8a                bno055_getVectorMagnetometer
 .text.bno055_getVectorGyroscope
                0x0000000008001f10       0x86 ./Core/Src/bno055.o
                0x0000000008001f10                bno055_getVectorGyroscope
 .text.bno055_getVectorEuler
                0x0000000008001f96       0x86 ./Core/Src/bno055.o
                0x0000000008001f96                bno055_getVectorEuler
 .text.bno055_getVectorLinearAccel
                0x000000000800201c       0x86 ./Core/Src/bno055.o
                0x000000000800201c                bno055_getVectorLinearAccel
 .text.vApplicationStackOverflowHook
                0x00000000080020a2       0x16 ./Core/Src/freertos.o
                0x00000000080020a2                vApplicationStackOverflowHook
 .text.vApplicationGetIdleTaskMemory
                0x00000000080020b8       0x34 ./Core/Src/freertos.o
                0x00000000080020b8                vApplicationGetIdleTaskMemory
 .text.MX_FREERTOS_Init
                0x00000000080020ec       0x68 ./Core/Src/freertos.o
                0x00000000080020ec                MX_FREERTOS_Init
 .text.Read_Sensor_Data_Task
                0x0000000008002154       0x38 ./Core/Src/freertos.o
                0x0000000008002154                Read_Sensor_Data_Task
 .text.Flight_States_Task
                0x000000000800218c       0x10 ./Core/Src/freertos.o
                0x000000000800218c                Flight_States_Task
 .text.MX_GPIO_Init
                0x000000000800219c      0x124 ./Core/Src/gpio.o
                0x000000000800219c                MX_GPIO_Init
 .text.MX_I2C1_Init
                0x00000000080022c0       0x5c ./Core/Src/i2c.o
                0x00000000080022c0                MX_I2C1_Init
 .text.MX_I2C2_Init
                0x000000000800231c       0x5c ./Core/Src/i2c.o
                0x000000000800231c                MX_I2C2_Init
 .text.HAL_I2C_MspInit
                0x0000000008002378      0x13c ./Core/Src/i2c.o
                0x0000000008002378                HAL_I2C_MspInit
 .text.main     0x00000000080024b4       0x36 ./Core/Src/main.o
                0x00000000080024b4                main
 *fill*         0x00000000080024ea        0x2 
 .text.SystemClock_Config
                0x00000000080024ec       0xe4 ./Core/Src/main.o
                0x00000000080024ec                SystemClock_Config
 .text.HAL_TIM_PeriodElapsedCallback
                0x00000000080025d0       0x24 ./Core/Src/main.o
                0x00000000080025d0                HAL_TIM_PeriodElapsedCallback
 .text.Error_Handler
                0x00000000080025f4        0xa ./Core/Src/main.o
                0x00000000080025f4                Error_Handler
 *fill*         0x00000000080025fe        0x2 
 .text.MX_SPI2_Init
                0x0000000008002600       0x6c ./Core/Src/spi.o
                0x0000000008002600                MX_SPI2_Init
 .text.HAL_SPI_MspInit
                0x000000000800266c       0xf0 ./Core/Src/spi.o
                0x000000000800266c                HAL_SPI_MspInit
 .text.HAL_MspInit
                0x000000000800275c       0x58 ./Core/Src/stm32f4xx_hal_msp.o
                0x000000000800275c                HAL_MspInit
 .text.HAL_InitTick
                0x00000000080027b4       0xe8 ./Core/Src/stm32f4xx_hal_timebase_tim.o
                0x00000000080027b4                HAL_InitTick
 .text.NMI_Handler
                0x000000000800289c        0x6 ./Core/Src/stm32f4xx_it.o
                0x000000000800289c                NMI_Handler
 .text.HardFault_Handler
                0x00000000080028a2        0x6 ./Core/Src/stm32f4xx_it.o
                0x00000000080028a2                HardFault_Handler
 .text.MemManage_Handler
                0x00000000080028a8        0x6 ./Core/Src/stm32f4xx_it.o
                0x00000000080028a8                MemManage_Handler
 .text.BusFault_Handler
                0x00000000080028ae        0x6 ./Core/Src/stm32f4xx_it.o
                0x00000000080028ae                BusFault_Handler
 .text.UsageFault_Handler
                0x00000000080028b4        0x6 ./Core/Src/stm32f4xx_it.o
                0x00000000080028b4                UsageFault_Handler
 .text.DebugMon_Handler
                0x00000000080028ba        0xe ./Core/Src/stm32f4xx_it.o
                0x00000000080028ba                DebugMon_Handler
 .text.TIM1_UP_TIM10_IRQHandler
                0x00000000080028c8       0x14 ./Core/Src/stm32f4xx_it.o
                0x00000000080028c8                TIM1_UP_TIM10_IRQHandler
 .text.USART2_IRQHandler
                0x00000000080028dc       0x14 ./Core/Src/stm32f4xx_it.o
                0x00000000080028dc                USART2_IRQHandler
 .text._read    0x00000000080028f0       0x3a ./Core/Src/syscalls.o
                0x00000000080028f0                _read
 .text._write   0x000000000800292a       0x38 ./Core/Src/syscalls.o
                0x000000000800292a                _write
 .text._close   0x0000000008002962       0x18 ./Core/Src/syscalls.o
                0x0000000008002962                _close
 .text._fstat   0x000000000800297a       0x20 ./Core/Src/syscalls.o
                0x000000000800297a                _fstat
 .text._isatty  0x000000000800299a       0x16 ./Core/Src/syscalls.o
                0x000000000800299a                _isatty
 .text._lseek   0x00000000080029b0       0x1a ./Core/Src/syscalls.o
                0x00000000080029b0                _lseek
 *fill*         0x00000000080029ca        0x2 
 .text._sbrk    0x00000000080029cc       0x6c ./Core/Src/sysmem.o
                0x00000000080029cc                _sbrk
 .text.SystemInit
                0x0000000008002a38       0x24 ./Core/Src/system_stm32f4xx.o
                0x0000000008002a38                SystemInit
 .text.MX_TIM2_Init
                0x0000000008002a5c       0x98 ./Core/Src/tim.o
                0x0000000008002a5c                MX_TIM2_Init
 .text.MX_TIM3_Init
                0x0000000008002af4       0xfc ./Core/Src/tim.o
                0x0000000008002af4                MX_TIM3_Init
 .text.MX_TIM6_Init
                0x0000000008002bf0       0x6c ./Core/Src/tim.o
                0x0000000008002bf0                MX_TIM6_Init
 .text.HAL_TIM_Base_MspInit
                0x0000000008002c5c       0x98 ./Core/Src/tim.o
                0x0000000008002c5c                HAL_TIM_Base_MspInit
 .text.MX_USART2_UART_Init
                0x0000000008002cf4       0x54 ./Core/Src/usart.o
                0x0000000008002cf4                MX_USART2_UART_Init
 .text.HAL_UART_MspInit
                0x0000000008002d48       0xa0 ./Core/Src/usart.o
                0x0000000008002d48                HAL_UART_MspInit
 .text.ms5611_config
                0x0000000008002de8       0x40 ./Core/Src/yrt_ms5611.o
                0x0000000008002de8                ms5611_config
 .text.ms5611_i2c_write_byte
                0x0000000008002e28       0x48 ./Core/Src/yrt_ms5611.o
                0x0000000008002e28                ms5611_i2c_write_byte
 .text.ms5611_i2c_read_word
                0x0000000008002e70       0x54 ./Core/Src/yrt_ms5611.o
                0x0000000008002e70                ms5611_i2c_read_word
 .text.ms5611_i2c_read_24bits
                0x0000000008002ec4       0x54 ./Core/Src/yrt_ms5611.o
                0x0000000008002ec4                ms5611_i2c_read_24bits
 .text.ms5611_init
                0x0000000008002f18       0x58 ./Core/Src/yrt_ms5611.o
                0x0000000008002f18                ms5611_init
 .text.ms5611_read_rawTemp
                0x0000000008002f70       0x38 ./Core/Src/yrt_ms5611.o
                0x0000000008002f70                ms5611_read_rawTemp
 .text.ms5611_read_rawPress
                0x0000000008002fa8       0x38 ./Core/Src/yrt_ms5611.o
                0x0000000008002fa8                ms5611_read_rawPress
 .text.ms5611_calculate
                0x0000000008002fe0      0x534 ./Core/Src/yrt_ms5611.o
                0x0000000008002fe0                ms5611_calculate
 .text.ms5611_getTemperatureAndPressure
                0x0000000008003514       0x7c ./Core/Src/yrt_ms5611.o
                0x0000000008003514                ms5611_getTemperatureAndPressure
 .text.ms5611_setOSR
                0x0000000008003590       0xa4 ./Core/Src/yrt_ms5611.o
                0x0000000008003590                ms5611_setOSR
 .text.Reset_Handler
                0x0000000008003634       0x50 ./Core/Startup/startup_stm32f446retx.o
                0x0000000008003634                Reset_Handler
 .text.Default_Handler
                0x0000000008003684        0x2 ./Core/Startup/startup_stm32f446retx.o
                0x0000000008003684                RTC_Alarm_IRQHandler
                0x0000000008003684                EXTI2_IRQHandler
                0x0000000008003684                TIM8_CC_IRQHandler
                0x0000000008003684                FMPI2C1_EV_IRQHandler
                0x0000000008003684                SPI4_IRQHandler
                0x0000000008003684                TIM1_CC_IRQHandler
                0x0000000008003684                DMA2_Stream5_IRQHandler
                0x0000000008003684                DMA1_Stream5_IRQHandler
                0x0000000008003684                PVD_IRQHandler
                0x0000000008003684                SDIO_IRQHandler
                0x0000000008003684                TAMP_STAMP_IRQHandler
                0x0000000008003684                CAN2_RX1_IRQHandler
                0x0000000008003684                EXTI3_IRQHandler
                0x0000000008003684                TIM8_TRG_COM_TIM14_IRQHandler
                0x0000000008003684                TIM8_UP_TIM13_IRQHandler
                0x0000000008003684                I2C3_ER_IRQHandler
                0x0000000008003684                EXTI0_IRQHandler
                0x0000000008003684                I2C2_EV_IRQHandler
                0x0000000008003684                DMA1_Stream2_IRQHandler
                0x0000000008003684                CAN1_RX0_IRQHandler
                0x0000000008003684                FPU_IRQHandler
                0x0000000008003684                OTG_HS_WKUP_IRQHandler
                0x0000000008003684                CAN2_SCE_IRQHandler
                0x0000000008003684                DMA2_Stream2_IRQHandler
                0x0000000008003684                SPI1_IRQHandler
                0x0000000008003684                TIM6_DAC_IRQHandler
                0x0000000008003684                TIM1_BRK_TIM9_IRQHandler
                0x0000000008003684                DCMI_IRQHandler
                0x0000000008003684                CAN2_RX0_IRQHandler
                0x0000000008003684                DMA2_Stream3_IRQHandler
                0x0000000008003684                SAI2_IRQHandler
                0x0000000008003684                USART6_IRQHandler
                0x0000000008003684                USART3_IRQHandler
                0x0000000008003684                CAN1_RX1_IRQHandler
                0x0000000008003684                UART5_IRQHandler
                0x0000000008003684                DMA2_Stream0_IRQHandler
                0x0000000008003684                TIM4_IRQHandler
                0x0000000008003684                QUADSPI_IRQHandler
                0x0000000008003684                I2C1_EV_IRQHandler
                0x0000000008003684                DMA1_Stream6_IRQHandler
                0x0000000008003684                DMA1_Stream1_IRQHandler
                0x0000000008003684                UART4_IRQHandler
                0x0000000008003684                TIM3_IRQHandler
                0x0000000008003684                RCC_IRQHandler
                0x0000000008003684                TIM8_BRK_TIM12_IRQHandler
                0x0000000008003684                Default_Handler
                0x0000000008003684                CEC_IRQHandler
                0x0000000008003684                EXTI15_10_IRQHandler
                0x0000000008003684                ADC_IRQHandler
                0x0000000008003684                DMA1_Stream7_IRQHandler
                0x0000000008003684                TIM7_IRQHandler
                0x0000000008003684                CAN2_TX_IRQHandler
                0x0000000008003684                TIM5_IRQHandler
                0x0000000008003684                DMA2_Stream7_IRQHandler
                0x0000000008003684                I2C3_EV_IRQHandler
                0x0000000008003684                EXTI9_5_IRQHandler
                0x0000000008003684                RTC_WKUP_IRQHandler
                0x0000000008003684                SPDIF_RX_IRQHandler
                0x0000000008003684                SPI2_IRQHandler
                0x0000000008003684                OTG_HS_EP1_IN_IRQHandler
                0x0000000008003684                DMA1_Stream0_IRQHandler
                0x0000000008003684                CAN1_TX_IRQHandler
                0x0000000008003684                FMPI2C1_ER_IRQHandler
                0x0000000008003684                EXTI4_IRQHandler
                0x0000000008003684                OTG_HS_EP1_OUT_IRQHandler
                0x0000000008003684                WWDG_IRQHandler
                0x0000000008003684                TIM2_IRQHandler
                0x0000000008003684                OTG_FS_WKUP_IRQHandler
                0x0000000008003684                TIM1_TRG_COM_TIM11_IRQHandler
                0x0000000008003684                OTG_HS_IRQHandler
                0x0000000008003684                EXTI1_IRQHandler
                0x0000000008003684                I2C2_ER_IRQHandler
                0x0000000008003684                DMA2_Stream1_IRQHandler
                0x0000000008003684                CAN1_SCE_IRQHandler
                0x0000000008003684                FLASH_IRQHandler
                0x0000000008003684                DMA2_Stream4_IRQHandler
                0x0000000008003684                USART1_IRQHandler
                0x0000000008003684                OTG_FS_IRQHandler
                0x0000000008003684                SPI3_IRQHandler
                0x0000000008003684                DMA1_Stream4_IRQHandler
                0x0000000008003684                I2C1_ER_IRQHandler
                0x0000000008003684                FMC_IRQHandler
                0x0000000008003684                DMA2_Stream6_IRQHandler
                0x0000000008003684                SAI1_IRQHandler
                0x0000000008003684                DMA1_Stream3_IRQHandler
 *fill*         0x0000000008003686        0x2 
 .text.HAL_Init
                0x0000000008003688       0x44 ./Drivers/STM32F4xx_HAL_Driver/Src/stm32f4xx_hal.o
                0x0000000008003688                HAL_Init
 .text.HAL_IncTick
                0x00000000080036cc       0x28 ./Drivers/STM32F4xx_HAL_Driver/Src/stm32f4xx_hal.o
                0x00000000080036cc                HAL_IncTick
 .text.HAL_GetTick
                0x00000000080036f4       0x18 ./Drivers/STM32F4xx_HAL_Driver/Src/stm32f4xx_hal.o
                0x00000000080036f4                HAL_GetTick
 .text.HAL_Delay
                0x000000000800370c       0x48 ./Drivers/STM32F4xx_HAL_Driver/Src/stm32f4xx_hal.o
                0x000000000800370c                HAL_Delay
 .text.__NVIC_SetPriorityGrouping
                0x0000000008003754       0x48 ./Drivers/STM32F4xx_HAL_Driver/Src/stm32f4xx_hal_cortex.o
 .text.__NVIC_GetPriorityGrouping
                0x000000000800379c       0x1c ./Drivers/STM32F4xx_HAL_Driver/Src/stm32f4xx_hal_cortex.o
 .text.__NVIC_EnableIRQ
                0x00000000080037b8       0x3c ./Drivers/STM32F4xx_HAL_Driver/Src/stm32f4xx_hal_cortex.o
 .text.__NVIC_SetPriority
                0x00000000080037f4       0x54 ./Drivers/STM32F4xx_HAL_Driver/Src/stm32f4xx_hal_cortex.o
 .text.NVIC_EncodePriority
                0x0000000008003848       0x66 ./Drivers/STM32F4xx_HAL_Driver/Src/stm32f4xx_hal_cortex.o
 .text.HAL_NVIC_SetPriorityGrouping
                0x00000000080038ae       0x16 ./Drivers/STM32F4xx_HAL_Driver/Src/stm32f4xx_hal_cortex.o
                0x00000000080038ae                HAL_NVIC_SetPriorityGrouping
 .text.HAL_NVIC_SetPriority
                0x00000000080038c4       0x38 ./Drivers/STM32F4xx_HAL_Driver/Src/stm32f4xx_hal_cortex.o
                0x00000000080038c4                HAL_NVIC_SetPriority
 .text.HAL_NVIC_EnableIRQ
                0x00000000080038fc       0x1c ./Drivers/STM32F4xx_HAL_Driver/Src/stm32f4xx_hal_cortex.o
                0x00000000080038fc                HAL_NVIC_EnableIRQ
 .text.HAL_DMA_Abort
                0x0000000008003918       0xe0 ./Drivers/STM32F4xx_HAL_Driver/Src/stm32f4xx_hal_dma.o
                0x0000000008003918                HAL_DMA_Abort
 .text.HAL_DMA_Abort_IT
                0x00000000080039f8       0x44 ./Drivers/STM32F4xx_HAL_Driver/Src/stm32f4xx_hal_dma.o
                0x00000000080039f8                HAL_DMA_Abort_IT
 .text.HAL_GPIO_Init
                0x0000000008003a3c      0x328 ./Drivers/STM32F4xx_HAL_Driver/Src/stm32f4xx_hal_gpio.o
                0x0000000008003a3c                HAL_GPIO_Init
 .text.HAL_GPIO_WritePin
                0x0000000008003d64       0x32 ./Drivers/STM32F4xx_HAL_Driver/Src/stm32f4xx_hal_gpio.o
                0x0000000008003d64                HAL_GPIO_WritePin
 *fill*         0x0000000008003d96        0x2 
 .text.HAL_I2C_Init
                0x0000000008003d98      0x288 ./Drivers/STM32F4xx_HAL_Driver/Src/stm32f4xx_hal_i2c.o
                0x0000000008003d98                HAL_I2C_Init
 .text.HAL_I2C_Master_Transmit
                0x0000000008004020      0x1fc ./Drivers/STM32F4xx_HAL_Driver/Src/stm32f4xx_hal_i2c.o
                0x0000000008004020                HAL_I2C_Master_Transmit
 .text.HAL_I2C_Master_Receive
                0x000000000800421c      0x44c ./Drivers/STM32F4xx_HAL_Driver/Src/stm32f4xx_hal_i2c.o
                0x000000000800421c                HAL_I2C_Master_Receive
 .text.HAL_I2C_Mem_Write
                0x0000000008004668      0x1f4 ./Drivers/STM32F4xx_HAL_Driver/Src/stm32f4xx_hal_i2c.o
                0x0000000008004668                HAL_I2C_Mem_Write
 .text.HAL_I2C_Mem_Read
                0x000000000800485c      0x44c ./Drivers/STM32F4xx_HAL_Driver/Src/stm32f4xx_hal_i2c.o
                0x000000000800485c                HAL_I2C_Mem_Read
 .text.HAL_I2C_GetState
                0x0000000008004ca8       0x1c ./Drivers/STM32F4xx_HAL_Driver/Src/stm32f4xx_hal_i2c.o
                0x0000000008004ca8                HAL_I2C_GetState
 .text.HAL_I2C_GetError
                0x0000000008004cc4       0x18 ./Drivers/STM32F4xx_HAL_Driver/Src/stm32f4xx_hal_i2c.o
                0x0000000008004cc4                HAL_I2C_GetError
 .text.I2C_MasterRequestWrite
                0x0000000008004cdc      0x104 ./Drivers/STM32F4xx_HAL_Driver/Src/stm32f4xx_hal_i2c.o
 .text.I2C_MasterRequestRead
                0x0000000008004de0      0x19c ./Drivers/STM32F4xx_HAL_Driver/Src/stm32f4xx_hal_i2c.o
 .text.I2C_RequestMemoryWrite
                0x0000000008004f7c      0x12c ./Drivers/STM32F4xx_HAL_Driver/Src/stm32f4xx_hal_i2c.o
 .text.I2C_RequestMemoryRead
                0x00000000080050a8      0x1d0 ./Drivers/STM32F4xx_HAL_Driver/Src/stm32f4xx_hal_i2c.o
 .text.I2C_WaitOnFlagUntilTimeout
                0x0000000008005278       0xae ./Drivers/STM32F4xx_HAL_Driver/Src/stm32f4xx_hal_i2c.o
 .text.I2C_WaitOnMasterAddressFlagUntilTimeout
                0x0000000008005326       0xfe ./Drivers/STM32F4xx_HAL_Driver/Src/stm32f4xx_hal_i2c.o
 .text.I2C_WaitOnTXEFlagUntilTimeout
                0x0000000008005424       0x82 ./Drivers/STM32F4xx_HAL_Driver/Src/stm32f4xx_hal_i2c.o
 .text.I2C_WaitOnBTFFlagUntilTimeout
                0x00000000080054a6       0x82 ./Drivers/STM32F4xx_HAL_Driver/Src/stm32f4xx_hal_i2c.o
 .text.I2C_WaitOnRXNEFlagUntilTimeout
                0x0000000008005528       0xac ./Drivers/STM32F4xx_HAL_Driver/Src/stm32f4xx_hal_i2c.o
 .text.I2C_IsAcknowledgeFailed
                0x00000000080055d4       0x5e ./Drivers/STM32F4xx_HAL_Driver/Src/stm32f4xx_hal_i2c.o
 *fill*         0x0000000008005632        0x2 
 .text.HAL_PWREx_EnableOverDrive
                0x0000000008005634       0xa0 ./Drivers/STM32F4xx_HAL_Driver/Src/stm32f4xx_hal_pwr_ex.o
                0x0000000008005634                HAL_PWREx_EnableOverDrive
 .text.HAL_RCC_ClockConfig
                0x00000000080056d4      0x1cc ./Drivers/STM32F4xx_HAL_Driver/Src/stm32f4xx_hal_rcc.o
                0x00000000080056d4                HAL_RCC_ClockConfig
 .text.HAL_RCC_GetHCLKFreq
                0x00000000080058a0       0x18 ./Drivers/STM32F4xx_HAL_Driver/Src/stm32f4xx_hal_rcc.o
                0x00000000080058a0                HAL_RCC_GetHCLKFreq
 .text.HAL_RCC_GetPCLK1Freq
                0x00000000080058b8       0x28 ./Drivers/STM32F4xx_HAL_Driver/Src/stm32f4xx_hal_rcc.o
                0x00000000080058b8                HAL_RCC_GetPCLK1Freq
 .text.HAL_RCC_GetPCLK2Freq
                0x00000000080058e0       0x28 ./Drivers/STM32F4xx_HAL_Driver/Src/stm32f4xx_hal_rcc.o
                0x00000000080058e0                HAL_RCC_GetPCLK2Freq
 .text.HAL_RCC_GetClockConfig
                0x0000000008005908       0x64 ./Drivers/STM32F4xx_HAL_Driver/Src/stm32f4xx_hal_rcc.o
                0x0000000008005908                HAL_RCC_GetClockConfig
 .text.HAL_RCC_GetSysClockFreq
                0x000000000800596c      0x460 ./Drivers/STM32F4xx_HAL_Driver/Src/stm32f4xx_hal_rcc_ex.o
                0x000000000800596c                HAL_RCC_GetSysClockFreq
 .text.HAL_RCC_OscConfig
                0x0000000008005dcc      0x53c ./Drivers/STM32F4xx_HAL_Driver/Src/stm32f4xx_hal_rcc_ex.o
                0x0000000008005dcc                HAL_RCC_OscConfig
 .text.HAL_SPI_Init
                0x0000000008006308      0x112 ./Drivers/STM32F4xx_HAL_Driver/Src/stm32f4xx_hal_spi.o
                0x0000000008006308                HAL_SPI_Init
 .text.HAL_TIM_Base_Init
                0x000000000800641a       0x9e ./Drivers/STM32F4xx_HAL_Driver/Src/stm32f4xx_hal_tim.o
                0x000000000800641a                HAL_TIM_Base_Init
 .text.HAL_TIM_Base_Start
                0x00000000080064b8       0xd0 ./Drivers/STM32F4xx_HAL_Driver/Src/stm32f4xx_hal_tim.o
                0x00000000080064b8                HAL_TIM_Base_Start
 .text.HAL_TIM_Base_Start_IT
                0x0000000008006588       0xe0 ./Drivers/STM32F4xx_HAL_Driver/Src/stm32f4xx_hal_tim.o
                0x0000000008006588                HAL_TIM_Base_Start_IT
 .text.HAL_TIM_OC_Init
                0x0000000008006668       0x9e ./Drivers/STM32F4xx_HAL_Driver/Src/stm32f4xx_hal_tim.o
                0x0000000008006668                HAL_TIM_OC_Init
 .text.HAL_TIM_OC_MspInit
                0x0000000008006706       0x14 ./Drivers/STM32F4xx_HAL_Driver/Src/stm32f4xx_hal_tim.o
                0x0000000008006706                HAL_TIM_OC_MspInit
 .text.HAL_TIM_IRQHandler
                0x000000000800671a      0x210 ./Drivers/STM32F4xx_HAL_Driver/Src/stm32f4xx_hal_tim.o
                0x000000000800671a                HAL_TIM_IRQHandler
 *fill*         0x000000000800692a        0x2 
 .text.HAL_TIM_OC_ConfigChannel
                0x000000000800692c       0xb8 ./Drivers/STM32F4xx_HAL_Driver/Src/stm32f4xx_hal_tim.o
                0x000000000800692c                HAL_TIM_OC_ConfigChannel
 .text.HAL_TIM_ConfigClockSource
                0x00000000080069e4      0x18e ./Drivers/STM32F4xx_HAL_Driver/Src/stm32f4xx_hal_tim.o
                0x00000000080069e4                HAL_TIM_ConfigClockSource
 .text.HAL_TIM_OC_DelayElapsedCallback
                0x0000000008006b72       0x14 ./Drivers/STM32F4xx_HAL_Driver/Src/stm32f4xx_hal_tim.o
                0x0000000008006b72                HAL_TIM_OC_DelayElapsedCallback
 .text.HAL_TIM_IC_CaptureCallback
                0x0000000008006b86       0x14 ./Drivers/STM32F4xx_HAL_Driver/Src/stm32f4xx_hal_tim.o
                0x0000000008006b86                HAL_TIM_IC_CaptureCallback
 .text.HAL_TIM_PWM_PulseFinishedCallback
                0x0000000008006b9a       0x14 ./Drivers/STM32F4xx_HAL_Driver/Src/stm32f4xx_hal_tim.o
                0x0000000008006b9a                HAL_TIM_PWM_PulseFinishedCallback
 .text.HAL_TIM_TriggerCallback
                0x0000000008006bae       0x14 ./Drivers/STM32F4xx_HAL_Driver/Src/stm32f4xx_hal_tim.o
                0x0000000008006bae                HAL_TIM_TriggerCallback
 *fill*         0x0000000008006bc2        0x2 
 .text.TIM_Base_SetConfig
                0x0000000008006bc4      0x140 ./Drivers/STM32F4xx_HAL_Driver/Src/stm32f4xx_hal_tim.o
                0x0000000008006bc4                TIM_Base_SetConfig
 .text.TIM_OC1_SetConfig
                0x0000000008006d04       0xe0 ./Drivers/STM32F4xx_HAL_Driver/Src/stm32f4xx_hal_tim.o
 .text.TIM_OC2_SetConfig
                0x0000000008006de4       0xec ./Drivers/STM32F4xx_HAL_Driver/Src/stm32f4xx_hal_tim.o
                0x0000000008006de4                TIM_OC2_SetConfig
 .text.TIM_OC3_SetConfig
                0x0000000008006ed0       0xe8 ./Drivers/STM32F4xx_HAL_Driver/Src/stm32f4xx_hal_tim.o
 .text.TIM_OC4_SetConfig
                0x0000000008006fb8       0xac ./Drivers/STM32F4xx_HAL_Driver/Src/stm32f4xx_hal_tim.o
 .text.TIM_TI1_ConfigInputStage
                0x0000000008007064       0x5e ./Drivers/STM32F4xx_HAL_Driver/Src/stm32f4xx_hal_tim.o
 .text.TIM_TI2_ConfigInputStage
                0x00000000080070c2       0x60 ./Drivers/STM32F4xx_HAL_Driver/Src/stm32f4xx_hal_tim.o
 .text.TIM_ITRx_SetConfig
                0x0000000008007122       0x36 ./Drivers/STM32F4xx_HAL_Driver/Src/stm32f4xx_hal_tim.o
 .text.TIM_ETR_SetConfig
                0x0000000008007158       0x40 ./Drivers/STM32F4xx_HAL_Driver/Src/stm32f4xx_hal_tim.o
                0x0000000008007158                TIM_ETR_SetConfig
 .text.HAL_TIMEx_MasterConfigSynchronization
                0x0000000008007198       0xf8 ./Drivers/STM32F4xx_HAL_Driver/Src/stm32f4xx_hal_tim_ex.o
                0x0000000008007198                HAL_TIMEx_MasterConfigSynchronization
 .text.HAL_TIMEx_CommutCallback
                0x0000000008007290       0x14 ./Drivers/STM32F4xx_HAL_Driver/Src/stm32f4xx_hal_tim_ex.o
                0x0000000008007290                HAL_TIMEx_CommutCallback
 .text.HAL_TIMEx_BreakCallback
                0x00000000080072a4       0x14 ./Drivers/STM32F4xx_HAL_Driver/Src/stm32f4xx_hal_tim_ex.o
                0x00000000080072a4                HAL_TIMEx_BreakCallback
 .text.HAL_UART_Init
                0x00000000080072b8       0x9a ./Drivers/STM32F4xx_HAL_Driver/Src/stm32f4xx_hal_uart.o
                0x00000000080072b8                HAL_UART_Init
 *fill*         0x0000000008007352        0x2 
 .text.HAL_UART_IRQHandler
                0x0000000008007354      0x51c ./Drivers/STM32F4xx_HAL_Driver/Src/stm32f4xx_hal_uart.o
                0x0000000008007354                HAL_UART_IRQHandler
 .text.HAL_UART_TxCpltCallback
                0x0000000008007870       0x14 ./Drivers/STM32F4xx_HAL_Driver/Src/stm32f4xx_hal_uart.o
                0x0000000008007870                HAL_UART_TxCpltCallback
 .text.HAL_UART_RxCpltCallback
                0x0000000008007884       0x14 ./Drivers/STM32F4xx_HAL_Driver/Src/stm32f4xx_hal_uart.o
                0x0000000008007884                HAL_UART_RxCpltCallback
 .text.HAL_UART_ErrorCallback
                0x0000000008007898       0x14 ./Drivers/STM32F4xx_HAL_Driver/Src/stm32f4xx_hal_uart.o
                0x0000000008007898                HAL_UART_ErrorCallback
 .text.HAL_UARTEx_RxEventCallback
                0x00000000080078ac       0x18 ./Drivers/STM32F4xx_HAL_Driver/Src/stm32f4xx_hal_uart.o
                0x00000000080078ac                HAL_UARTEx_RxEventCallback
 .text.UART_EndRxTransfer
                0x00000000080078c4       0xc6 ./Drivers/STM32F4xx_HAL_Driver/Src/stm32f4xx_hal_uart.o
 .text.UART_DMAAbortOnError
                0x000000000800798a       0x28 ./Drivers/STM32F4xx_HAL_Driver/Src/stm32f4xx_hal_uart.o
 .text.UART_Transmit_IT
                0x00000000080079b2       0xa0 ./Drivers/STM32F4xx_HAL_Driver/Src/stm32f4xx_hal_uart.o
 .text.UART_EndTransmit_IT
                0x0000000008007a52       0x30 ./Drivers/STM32F4xx_HAL_Driver/Src/stm32f4xx_hal_uart.o
 .text.UART_Receive_IT
                0x0000000008007a82      0x176 ./Drivers/STM32F4xx_HAL_Driver/Src/stm32f4xx_hal_uart.o
 .text.UART_SetConfig
                0x0000000008007bf8      0x4e8 ./Drivers/STM32F4xx_HAL_Driver/Src/stm32f4xx_hal_uart.o
 .text.makeFreeRtosPriority
                0x00000000080080e0       0x30 ./Middlewares/Third_Party/FreeRTOS/Source/CMSIS_RTOS/cmsis_os.o
 .text.osKernelStart
                0x0000000008008110        0xe ./Middlewares/Third_Party/FreeRTOS/Source/CMSIS_RTOS/cmsis_os.o
                0x0000000008008110                osKernelStart
 .text.osThreadCreate
                0x000000000800811e       0x98 ./Middlewares/Third_Party/FreeRTOS/Source/CMSIS_RTOS/cmsis_os.o
                0x000000000800811e                osThreadCreate
 .text.osDelay  0x00000000080081b6       0x28 ./Middlewares/Third_Party/FreeRTOS/Source/CMSIS_RTOS/cmsis_os.o
                0x00000000080081b6                osDelay
 .text.vListInitialise
                0x00000000080081de       0x40 ./Middlewares/Third_Party/FreeRTOS/Source/list.o
                0x00000000080081de                vListInitialise
 .text.vListInitialiseItem
                0x000000000800821e       0x1a ./Middlewares/Third_Party/FreeRTOS/Source/list.o
                0x000000000800821e                vListInitialiseItem
 .text.vListInsertEnd
                0x0000000008008238       0x48 ./Middlewares/Third_Party/FreeRTOS/Source/list.o
                0x0000000008008238                vListInsertEnd
 .text.vListInsert
                0x0000000008008280       0x72 ./Middlewares/Third_Party/FreeRTOS/Source/list.o
                0x0000000008008280                vListInsert
 .text.uxListRemove
                0x00000000080082f2       0x54 ./Middlewares/Third_Party/FreeRTOS/Source/list.o
                0x00000000080082f2                uxListRemove
 .text.xTaskCreateStatic
                0x0000000008008346       0xba ./Middlewares/Third_Party/FreeRTOS/Source/tasks.o
                0x0000000008008346                xTaskCreateStatic
 .text.xTaskCreate
                0x0000000008008400       0x8a ./Middlewares/Third_Party/FreeRTOS/Source/tasks.o
                0x0000000008008400                xTaskCreate
 *fill*         0x000000000800848a        0x2 
 .text.prvInitialiseNewTask
                0x000000000800848c      0x13c ./Middlewares/Third_Party/FreeRTOS/Source/tasks.o
 .text.prvAddNewTaskToReadyList
                0x00000000080085c8       0xd4 ./Middlewares/Third_Party/FreeRTOS/Source/tasks.o
 .text.vTaskDelay
                0x000000000800869c       0x68 ./Middlewares/Third_Party/FreeRTOS/Source/tasks.o
                0x000000000800869c                vTaskDelay
 .text.vTaskStartScheduler
                0x0000000008008704       0xd4 ./Middlewares/Third_Party/FreeRTOS/Source/tasks.o
                0x0000000008008704                vTaskStartScheduler
 .text.vTaskSuspendAll
                0x00000000080087d8       0x1c ./Middlewares/Third_Party/FreeRTOS/Source/tasks.o
                0x00000000080087d8                vTaskSuspendAll
 .text.xTaskResumeAll
                0x00000000080087f4      0x138 ./Middlewares/Third_Party/FreeRTOS/Source/tasks.o
                0x00000000080087f4                xTaskResumeAll
 .text.xTaskIncrementTick
                0x000000000800892c      0x170 ./Middlewares/Third_Party/FreeRTOS/Source/tasks.o
                0x000000000800892c                xTaskIncrementTick
 .text.vTaskSwitchContext
                0x0000000008008a9c       0xe4 ./Middlewares/Third_Party/FreeRTOS/Source/tasks.o
                0x0000000008008a9c                vTaskSwitchContext
 .text.prvIdleTask
                0x0000000008008b80       0x30 ./Middlewares/Third_Party/FreeRTOS/Source/tasks.o
 .text.prvInitialiseTaskLists
                0x0000000008008bb0       0x80 ./Middlewares/Third_Party/FreeRTOS/Source/tasks.o
 .text.prvCheckTasksWaitingTermination
                0x0000000008008c30       0x5c ./Middlewares/Third_Party/FreeRTOS/Source/tasks.o
 .text.prvDeleteTCB
                0x0000000008008c8c       0x68 ./Middlewares/Third_Party/FreeRTOS/Source/tasks.o
 .text.prvResetNextTaskUnblockTime
                0x0000000008008cf4       0x40 ./Middlewares/Third_Party/FreeRTOS/Source/tasks.o
 .text.prvAddCurrentTaskToDelayedList
                0x0000000008008d34       0xcc ./Middlewares/Third_Party/FreeRTOS/Source/tasks.o
 .text.pxPortInitialiseStack
                0x0000000008008e00       0x68 ./Middlewares/Third_Party/FreeRTOS/Source/portable/GCC/ARM_CM4F/port.o
                0x0000000008008e00                pxPortInitialiseStack
 .text.prvTaskExitError
                0x0000000008008e68       0x58 ./Middlewares/Third_Party/FreeRTOS/Source/portable/GCC/ARM_CM4F/port.o
 .text.SVC_Handler
                0x0000000008008ec0       0x28 ./Middlewares/Third_Party/FreeRTOS/Source/portable/GCC/ARM_CM4F/port.o
                0x0000000008008ec0                SVC_Handler
 .text.prvPortStartFirstTask
                0x0000000008008ee8       0x28 ./Middlewares/Third_Party/FreeRTOS/Source/portable/GCC/ARM_CM4F/port.o
 .text.xPortStartScheduler
                0x0000000008008f10      0x144 ./Middlewares/Third_Party/FreeRTOS/Source/portable/GCC/ARM_CM4F/port.o
                0x0000000008008f10                xPortStartScheduler
 .text.vPortEnterCritical
                0x0000000008009054       0x60 ./Middlewares/Third_Party/FreeRTOS/Source/portable/GCC/ARM_CM4F/port.o
                0x0000000008009054                vPortEnterCritical
 .text.vPortExitCritical
                0x00000000080090b4       0x54 ./Middlewares/Third_Party/FreeRTOS/Source/portable/GCC/ARM_CM4F/port.o
                0x00000000080090b4                vPortExitCritical
 *fill*         0x0000000008009108        0x8 
 .text.PendSV_Handler
                0x0000000008009110       0x68 ./Middlewares/Third_Party/FreeRTOS/Source/portable/GCC/ARM_CM4F/port.o
                0x0000000008009110                PendSV_Handler
 .text.SysTick_Handler
                0x0000000008009178       0x44 ./Middlewares/Third_Party/FreeRTOS/Source/portable/GCC/ARM_CM4F/port.o
                0x0000000008009178                SysTick_Handler
 .text.vPortSetupTimerInterrupt
                0x00000000080091bc       0x48 ./Middlewares/Third_Party/FreeRTOS/Source/portable/GCC/ARM_CM4F/port.o
                0x00000000080091bc                vPortSetupTimerInterrupt
 .text.vPortEnableVFP
                0x0000000008009204       0x14 ./Middlewares/Third_Party/FreeRTOS/Source/portable/GCC/ARM_CM4F/port.o
 .text.pvPortMalloc
                0x0000000008009218      0x198 ./Middlewares/Third_Party/FreeRTOS/Source/portable/MemMang/heap_4.o
                0x0000000008009218                pvPortMalloc
 .text.vPortFree
                0x00000000080093b0       0xc4 ./Middlewares/Third_Party/FreeRTOS/Source/portable/MemMang/heap_4.o
                0x00000000080093b0                vPortFree
 .text.prvHeapInit
                0x0000000008009474       0xc4 ./Middlewares/Third_Party/FreeRTOS/Source/portable/MemMang/heap_4.o
 .text.prvInsertBlockIntoFreeList
                0x0000000008009538       0xb4 ./Middlewares/Third_Party/FreeRTOS/Source/portable/MemMang/heap_4.o
 .text.__errno  0x00000000080095ec        0xc c:/st/stm32cubeide_1.12.0/stm32cubeide/plugins/com.st.stm32cube.ide.mcu.externaltools.gnu-tools-for-stm32.10.3-2021.10.win32_1.0.200.202301161003/tools/bin/../lib/gcc/arm-none-eabi/10.3.1/../../../../arm-none-eabi/lib/thumb/v7e-m+fp/hard\libc_nano.a(lib_a-errno.o)
                0x00000000080095ec                __errno
 .text.std      0x00000000080095f8       0x48 c:/st/stm32cubeide_1.12.0/stm32cubeide/plugins/com.st.stm32cube.ide.mcu.externaltools.gnu-tools-for-stm32.10.3-2021.10.win32_1.0.200.202301161003/tools/bin/../lib/gcc/arm-none-eabi/10.3.1/../../../../arm-none-eabi/lib/thumb/v7e-m+fp/hard\libc_nano.a(lib_a-findfp.o)
 .text._cleanup_r
                0x0000000008009640        0xc c:/st/stm32cubeide_1.12.0/stm32cubeide/plugins/com.st.stm32cube.ide.mcu.externaltools.gnu-tools-for-stm32.10.3-2021.10.win32_1.0.200.202301161003/tools/bin/../lib/gcc/arm-none-eabi/10.3.1/../../../../arm-none-eabi/lib/thumb/v7e-m+fp/hard\libc_nano.a(lib_a-findfp.o)
                0x0000000008009640                _cleanup_r
 .text.__sfmoreglue
                0x000000000800964c       0x2c c:/st/stm32cubeide_1.12.0/stm32cubeide/plugins/com.st.stm32cube.ide.mcu.externaltools.gnu-tools-for-stm32.10.3-2021.10.win32_1.0.200.202301161003/tools/bin/../lib/gcc/arm-none-eabi/10.3.1/../../../../arm-none-eabi/lib/thumb/v7e-m+fp/hard\libc_nano.a(lib_a-findfp.o)
                0x000000000800964c                __sfmoreglue
 .text.__sfp_lock_acquire
                0x0000000008009678        0xc c:/st/stm32cubeide_1.12.0/stm32cubeide/plugins/com.st.stm32cube.ide.mcu.externaltools.gnu-tools-for-stm32.10.3-2021.10.win32_1.0.200.202301161003/tools/bin/../lib/gcc/arm-none-eabi/10.3.1/../../../../arm-none-eabi/lib/thumb/v7e-m+fp/hard\libc_nano.a(lib_a-findfp.o)
                0x0000000008009678                __sfp_lock_acquire
 .text.__sfp_lock_release
                0x0000000008009684        0xc c:/st/stm32cubeide_1.12.0/stm32cubeide/plugins/com.st.stm32cube.ide.mcu.externaltools.gnu-tools-for-stm32.10.3-2021.10.win32_1.0.200.202301161003/tools/bin/../lib/gcc/arm-none-eabi/10.3.1/../../../../arm-none-eabi/lib/thumb/v7e-m+fp/hard\libc_nano.a(lib_a-findfp.o)
                0x0000000008009684                __sfp_lock_release
 .text.__sinit_lock_acquire
                0x0000000008009690        0xc c:/st/stm32cubeide_1.12.0/stm32cubeide/plugins/com.st.stm32cube.ide.mcu.externaltools.gnu-tools-for-stm32.10.3-2021.10.win32_1.0.200.202301161003/tools/bin/../lib/gcc/arm-none-eabi/10.3.1/../../../../arm-none-eabi/lib/thumb/v7e-m+fp/hard\libc_nano.a(lib_a-findfp.o)
                0x0000000008009690                __sinit_lock_acquire
 .text.__sinit_lock_release
                0x000000000800969c        0xc c:/st/stm32cubeide_1.12.0/stm32cubeide/plugins/com.st.stm32cube.ide.mcu.externaltools.gnu-tools-for-stm32.10.3-2021.10.win32_1.0.200.202301161003/tools/bin/../lib/gcc/arm-none-eabi/10.3.1/../../../../arm-none-eabi/lib/thumb/v7e-m+fp/hard\libc_nano.a(lib_a-findfp.o)
                0x000000000800969c                __sinit_lock_release
 .text.__sinit  0x00000000080096a8       0x70 c:/st/stm32cubeide_1.12.0/stm32cubeide/plugins/com.st.stm32cube.ide.mcu.externaltools.gnu-tools-for-stm32.10.3-2021.10.win32_1.0.200.202301161003/tools/bin/../lib/gcc/arm-none-eabi/10.3.1/../../../../arm-none-eabi/lib/thumb/v7e-m+fp/hard\libc_nano.a(lib_a-findfp.o)
                0x00000000080096a8                __sinit
 .text.__sfp    0x0000000008009718       0x8c c:/st/stm32cubeide_1.12.0/stm32cubeide/plugins/com.st.stm32cube.ide.mcu.externaltools.gnu-tools-for-stm32.10.3-2021.10.win32_1.0.200.202301161003/tools/bin/../lib/gcc/arm-none-eabi/10.3.1/../../../../arm-none-eabi/lib/thumb/v7e-m+fp/hard\libc_nano.a(lib_a-findfp.o)
                0x0000000008009718                __sfp
 .text._fwalk_reent
                0x00000000080097a4       0x3e c:/st/stm32cubeide_1.12.0/stm32cubeide/plugins/com.st.stm32cube.ide.mcu.externaltools.gnu-tools-for-stm32.10.3-2021.10.win32_1.0.200.202301161003/tools/bin/../lib/gcc/arm-none-eabi/10.3.1/../../../../arm-none-eabi/lib/thumb/v7e-m+fp/hard\libc_nano.a(lib_a-fwalk.o)
                0x00000000080097a4                _fwalk_reent
 *fill*         0x00000000080097e2        0x2 
 .text.__libc_init_array
                0x00000000080097e4       0x48 c:/st/stm32cubeide_1.12.0/stm32cubeide/plugins/com.st.stm32cube.ide.mcu.externaltools.gnu-tools-for-stm32.10.3-2021.10.win32_1.0.200.202301161003/tools/bin/../lib/gcc/arm-none-eabi/10.3.1/../../../../arm-none-eabi/lib/thumb/v7e-m+fp/hard\libc_nano.a(lib_a-init.o)
                0x00000000080097e4                __libc_init_array
 .text.__retarget_lock_init_recursive
                0x000000000800982c        0x2 c:/st/stm32cubeide_1.12.0/stm32cubeide/plugins/com.st.stm32cube.ide.mcu.externaltools.gnu-tools-for-stm32.10.3-2021.10.win32_1.0.200.202301161003/tools/bin/../lib/gcc/arm-none-eabi/10.3.1/../../../../arm-none-eabi/lib/thumb/v7e-m+fp/hard\libc_nano.a(lib_a-lock.o)
                0x000000000800982c                __retarget_lock_init_recursive
 .text.__retarget_lock_acquire_recursive
                0x000000000800982e        0x2 c:/st/stm32cubeide_1.12.0/stm32cubeide/plugins/com.st.stm32cube.ide.mcu.externaltools.gnu-tools-for-stm32.10.3-2021.10.win32_1.0.200.202301161003/tools/bin/../lib/gcc/arm-none-eabi/10.3.1/../../../../arm-none-eabi/lib/thumb/v7e-m+fp/hard\libc_nano.a(lib_a-lock.o)
                0x000000000800982e                __retarget_lock_acquire_recursive
 .text.__retarget_lock_release_recursive
                0x0000000008009830        0x2 c:/st/stm32cubeide_1.12.0/stm32cubeide/plugins/com.st.stm32cube.ide.mcu.externaltools.gnu-tools-for-stm32.10.3-2021.10.win32_1.0.200.202301161003/tools/bin/../lib/gcc/arm-none-eabi/10.3.1/../../../../arm-none-eabi/lib/thumb/v7e-m+fp/hard\libc_nano.a(lib_a-lock.o)
                0x0000000008009830                __retarget_lock_release_recursive
 .text.memset   0x0000000008009832       0x10 c:/st/stm32cubeide_1.12.0/stm32cubeide/plugins/com.st.stm32cube.ide.mcu.externaltools.gnu-tools-for-stm32.10.3-2021.10.win32_1.0.200.202301161003/tools/bin/../lib/gcc/arm-none-eabi/10.3.1/../../../../arm-none-eabi/lib/thumb/v7e-m+fp/hard\libc_nano.a(lib_a-memset.o)
                0x0000000008009832                memset
 *fill*         0x0000000008009842        0x2 
 .text.sbrk_aligned
                0x0000000008009844       0x40 c:/st/stm32cubeide_1.12.0/stm32cubeide/plugins/com.st.stm32cube.ide.mcu.externaltools.gnu-tools-for-stm32.10.3-2021.10.win32_1.0.200.202301161003/tools/bin/../lib/gcc/arm-none-eabi/10.3.1/../../../../arm-none-eabi/lib/thumb/v7e-m+fp/hard\libc_nano.a(lib_a-nano-mallocr.o)
 .text._malloc_r
                0x0000000008009884       0xe8 c:/st/stm32cubeide_1.12.0/stm32cubeide/plugins/com.st.stm32cube.ide.mcu.externaltools.gnu-tools-for-stm32.10.3-2021.10.win32_1.0.200.202301161003/tools/bin/../lib/gcc/arm-none-eabi/10.3.1/../../../../arm-none-eabi/lib/thumb/v7e-m+fp/hard\libc_nano.a(lib_a-nano-mallocr.o)
                0x0000000008009884                _malloc_r
 .text.printf   0x000000000800996c       0x30 c:/st/stm32cubeide_1.12.0/stm32cubeide/plugins/com.st.stm32cube.ide.mcu.externaltools.gnu-tools-for-stm32.10.3-2021.10.win32_1.0.200.202301161003/tools/bin/../lib/gcc/arm-none-eabi/10.3.1/../../../../arm-none-eabi/lib/thumb/v7e-m+fp/hard\libc_nano.a(lib_a-printf.o)
                0x000000000800996c                iprintf
                0x000000000800996c                printf
 .text._puts_r  0x000000000800999c       0xdc c:/st/stm32cubeide_1.12.0/stm32cubeide/plugins/com.st.stm32cube.ide.mcu.externaltools.gnu-tools-for-stm32.10.3-2021.10.win32_1.0.200.202301161003/tools/bin/../lib/gcc/arm-none-eabi/10.3.1/../../../../arm-none-eabi/lib/thumb/v7e-m+fp/hard\libc_nano.a(lib_a-puts.o)
                0x000000000800999c                _puts_r
 .text.puts     0x0000000008009a78       0x10 c:/st/stm32cubeide_1.12.0/stm32cubeide/plugins/com.st.stm32cube.ide.mcu.externaltools.gnu-tools-for-stm32.10.3-2021.10.win32_1.0.200.202301161003/tools/bin/../lib/gcc/arm-none-eabi/10.3.1/../../../../arm-none-eabi/lib/thumb/v7e-m+fp/hard\libc_nano.a(lib_a-puts.o)
                0x0000000008009a78                puts
 .text.cleanup_glue
                0x0000000008009a88       0x1a c:/st/stm32cubeide_1.12.0/stm32cubeide/plugins/com.st.stm32cube.ide.mcu.externaltools.gnu-tools-for-stm32.10.3-2021.10.win32_1.0.200.202301161003/tools/bin/../lib/gcc/arm-none-eabi/10.3.1/../../../../arm-none-eabi/lib/thumb/v7e-m+fp/hard\libc_nano.a(lib_a-reent.o)
                0x0000000008009a88                cleanup_glue
 *fill*         0x0000000008009aa2        0x2 
 .text._reclaim_reent
                0x0000000008009aa4       0xb8 c:/st/stm32cubeide_1.12.0/stm32cubeide/plugins/com.st.stm32cube.ide.mcu.externaltools.gnu-tools-for-stm32.10.3-2021.10.win32_1.0.200.202301161003/tools/bin/../lib/gcc/arm-none-eabi/10.3.1/../../../../arm-none-eabi/lib/thumb/v7e-m+fp/hard\libc_nano.a(lib_a-reent.o)
                0x0000000008009aa4                _reclaim_reent
 .text._sbrk_r  0x0000000008009b5c       0x20 c:/st/stm32cubeide_1.12.0/stm32cubeide/plugins/com.st.stm32cube.ide.mcu.externaltools.gnu-tools-for-stm32.10.3-2021.10.win32_1.0.200.202301161003/tools/bin/../lib/gcc/arm-none-eabi/10.3.1/../../../../arm-none-eabi/lib/thumb/v7e-m+fp/hard\libc_nano.a(lib_a-sbrkr.o)
                0x0000000008009b5c                _sbrk_r
 .text.__sread  0x0000000008009b7c       0x22 c:/st/stm32cubeide_1.12.0/stm32cubeide/plugins/com.st.stm32cube.ide.mcu.externaltools.gnu-tools-for-stm32.10.3-2021.10.win32_1.0.200.202301161003/tools/bin/../lib/gcc/arm-none-eabi/10.3.1/../../../../arm-none-eabi/lib/thumb/v7e-m+fp/hard\libc_nano.a(lib_a-stdio.o)
                0x0000000008009b7c                __sread
 .text.__swrite
                0x0000000008009b9e       0x38 c:/st/stm32cubeide_1.12.0/stm32cubeide/plugins/com.st.stm32cube.ide.mcu.externaltools.gnu-tools-for-stm32.10.3-2021.10.win32_1.0.200.202301161003/tools/bin/../lib/gcc/arm-none-eabi/10.3.1/../../../../arm-none-eabi/lib/thumb/v7e-m+fp/hard\libc_nano.a(lib_a-stdio.o)
                0x0000000008009b9e                __swrite
 .text.__sseek  0x0000000008009bd6       0x24 c:/st/stm32cubeide_1.12.0/stm32cubeide/plugins/com.st.stm32cube.ide.mcu.externaltools.gnu-tools-for-stm32.10.3-2021.10.win32_1.0.200.202301161003/tools/bin/../lib/gcc/arm-none-eabi/10.3.1/../../../../arm-none-eabi/lib/thumb/v7e-m+fp/hard\libc_nano.a(lib_a-stdio.o)
                0x0000000008009bd6                __sseek
 .text.__sclose
                0x0000000008009bfa        0x8 c:/st/stm32cubeide_1.12.0/stm32cubeide/plugins/com.st.stm32cube.ide.mcu.externaltools.gnu-tools-for-stm32.10.3-2021.10.win32_1.0.200.202301161003/tools/bin/../lib/gcc/arm-none-eabi/10.3.1/../../../../arm-none-eabi/lib/thumb/v7e-m+fp/hard\libc_nano.a(lib_a-stdio.o)
                0x0000000008009bfa                __sclose
 *fill*         0x0000000008009c02        0x2 
 .text.__swbuf_r
                0x0000000008009c04       0xa4 c:/st/stm32cubeide_1.12.0/stm32cubeide/plugins/com.st.stm32cube.ide.mcu.externaltools.gnu-tools-for-stm32.10.3-2021.10.win32_1.0.200.202301161003/tools/bin/../lib/gcc/arm-none-eabi/10.3.1/../../../../arm-none-eabi/lib/thumb/v7e-m+fp/hard\libc_nano.a(lib_a-wbuf.o)
                0x0000000008009c04                __swbuf_r
 .text._write_r
                0x0000000008009ca8       0x24 c:/st/stm32cubeide_1.12.0/stm32cubeide/plugins/com.st.stm32cube.ide.mcu.externaltools.gnu-tools-for-stm32.10.3-2021.10.win32_1.0.200.202301161003/tools/bin/../lib/gcc/arm-none-eabi/10.3.1/../../../../arm-none-eabi/lib/thumb/v7e-m+fp/hard\libc_nano.a(lib_a-writer.o)
                0x0000000008009ca8                _write_r
 .text.__swsetup_r
                0x0000000008009ccc       0xdc c:/st/stm32cubeide_1.12.0/stm32cubeide/plugins/com.st.stm32cube.ide.mcu.externaltools.gnu-tools-for-stm32.10.3-2021.10.win32_1.0.200.202301161003/tools/bin/../lib/gcc/arm-none-eabi/10.3.1/../../../../arm-none-eabi/lib/thumb/v7e-m+fp/hard\libc_nano.a(lib_a-wsetup.o)
                0x0000000008009ccc                __swsetup_r
 .text._close_r
                0x0000000008009da8       0x20 c:/st/stm32cubeide_1.12.0/stm32cubeide/plugins/com.st.stm32cube.ide.mcu.externaltools.gnu-tools-for-stm32.10.3-2021.10.win32_1.0.200.202301161003/tools/bin/../lib/gcc/arm-none-eabi/10.3.1/../../../../arm-none-eabi/lib/thumb/v7e-m+fp/hard\libc_nano.a(lib_a-closer.o)
                0x0000000008009da8                _close_r
 .text.__sflush_r
                0x0000000008009dc8      0x10c c:/st/stm32cubeide_1.12.0/stm32cubeide/plugins/com.st.stm32cube.ide.mcu.externaltools.gnu-tools-for-stm32.10.3-2021.10.win32_1.0.200.202301161003/tools/bin/../lib/gcc/arm-none-eabi/10.3.1/../../../../arm-none-eabi/lib/thumb/v7e-m+fp/hard\libc_nano.a(lib_a-fflush.o)
                0x0000000008009dc8                __sflush_r
 .text._fflush_r
                0x0000000008009ed4       0x78 c:/st/stm32cubeide_1.12.0/stm32cubeide/plugins/com.st.stm32cube.ide.mcu.externaltools.gnu-tools-for-stm32.10.3-2021.10.win32_1.0.200.202301161003/tools/bin/../lib/gcc/arm-none-eabi/10.3.1/../../../../arm-none-eabi/lib/thumb/v7e-m+fp/hard\libc_nano.a(lib_a-fflush.o)
                0x0000000008009ed4                _fflush_r
 .text._lseek_r
                0x0000000008009f4c       0x24 c:/st/stm32cubeide_1.12.0/stm32cubeide/plugins/com.st.stm32cube.ide.mcu.externaltools.gnu-tools-for-stm32.10.3-2021.10.win32_1.0.200.202301161003/tools/bin/../lib/gcc/arm-none-eabi/10.3.1/../../../../arm-none-eabi/lib/thumb/v7e-m+fp/hard\libc_nano.a(lib_a-lseekr.o)
                0x0000000008009f4c                _lseek_r
 .text.__swhatbuf_r
                0x0000000008009f70       0x4a c:/st/stm32cubeide_1.12.0/stm32cubeide/plugins/com.st.stm32cube.ide.mcu.externaltools.gnu-tools-for-stm32.10.3-2021.10.win32_1.0.200.202301161003/tools/bin/../lib/gcc/arm-none-eabi/10.3.1/../../../../arm-none-eabi/lib/thumb/v7e-m+fp/hard\libc_nano.a(lib_a-makebuf.o)
                0x0000000008009f70                __swhatbuf_r
 *fill*         0x0000000008009fba        0x2 
 .text.__smakebuf_r
                0x0000000008009fbc       0x80 c:/st/stm32cubeide_1.12.0/stm32cubeide/plugins/com.st.stm32cube.ide.mcu.externaltools.gnu-tools-for-stm32.10.3-2021.10.win32_1.0.200.202301161003/tools/bin/../lib/gcc/arm-none-eabi/10.3.1/../../../../arm-none-eabi/lib/thumb/v7e-m+fp/hard\libc_nano.a(lib_a-makebuf.o)
                0x0000000008009fbc                __smakebuf_r
 .text.__malloc_lock
                0x000000000800a03c        0xc c:/st/stm32cubeide_1.12.0/stm32cubeide/plugins/com.st.stm32cube.ide.mcu.externaltools.gnu-tools-for-stm32.10.3-2021.10.win32_1.0.200.202301161003/tools/bin/../lib/gcc/arm-none-eabi/10.3.1/../../../../arm-none-eabi/lib/thumb/v7e-m+fp/hard\libc_nano.a(lib_a-mlock.o)
                0x000000000800a03c                __malloc_lock
 .text.__malloc_unlock
                0x000000000800a048        0xc c:/st/stm32cubeide_1.12.0/stm32cubeide/plugins/com.st.stm32cube.ide.mcu.externaltools.gnu-tools-for-stm32.10.3-2021.10.win32_1.0.200.202301161003/tools/bin/../lib/gcc/arm-none-eabi/10.3.1/../../../../arm-none-eabi/lib/thumb/v7e-m+fp/hard\libc_nano.a(lib_a-mlock.o)
                0x000000000800a048                __malloc_unlock
 .text._free_r  0x000000000800a054       0x98 c:/st/stm32cubeide_1.12.0/stm32cubeide/plugins/com.st.stm32cube.ide.mcu.externaltools.gnu-tools-for-stm32.10.3-2021.10.win32_1.0.200.202301161003/tools/bin/../lib/gcc/arm-none-eabi/10.3.1/../../../../arm-none-eabi/lib/thumb/v7e-m+fp/hard\libc_nano.a(lib_a-nano-freer.o)
                0x000000000800a054                _free_r
 .text.__sfputc_r
                0x000000000800a0ec       0x2e c:/st/stm32cubeide_1.12.0/stm32cubeide/plugins/com.st.stm32cube.ide.mcu.externaltools.gnu-tools-for-stm32.10.3-2021.10.win32_1.0.200.202301161003/tools/bin/../lib/gcc/arm-none-eabi/10.3.1/../../../../arm-none-eabi/lib/thumb/v7e-m+fp/hard\libc_nano.a(lib_a-nano-vfprintf.o)
 .text.__sfputs_r
                0x000000000800a11a       0x24 c:/st/stm32cubeide_1.12.0/stm32cubeide/plugins/com.st.stm32cube.ide.mcu.externaltools.gnu-tools-for-stm32.10.3-2021.10.win32_1.0.200.202301161003/tools/bin/../lib/gcc/arm-none-eabi/10.3.1/../../../../arm-none-eabi/lib/thumb/v7e-m+fp/hard\libc_nano.a(lib_a-nano-vfprintf.o)
                0x000000000800a11a                __sfputs_r
 *fill*         0x000000000800a13e        0x2 
 .text._vfprintf_r
                0x000000000800a140      0x260 c:/st/stm32cubeide_1.12.0/stm32cubeide/plugins/com.st.stm32cube.ide.mcu.externaltools.gnu-tools-for-stm32.10.3-2021.10.win32_1.0.200.202301161003/tools/bin/../lib/gcc/arm-none-eabi/10.3.1/../../../../arm-none-eabi/lib/thumb/v7e-m+fp/hard\libc_nano.a(lib_a-nano-vfprintf.o)
                0x000000000800a140                _vfprintf_r
                0x000000000800a140                _vfiprintf_r
 .text._printf_common
                0x000000000800a3a0       0xda c:/st/stm32cubeide_1.12.0/stm32cubeide/plugins/com.st.stm32cube.ide.mcu.externaltools.gnu-tools-for-stm32.10.3-2021.10.win32_1.0.200.202301161003/tools/bin/../lib/gcc/arm-none-eabi/10.3.1/../../../../arm-none-eabi/lib/thumb/v7e-m+fp/hard\libc_nano.a(lib_a-nano-vfprintf_i.o)
                0x000000000800a3a0                _printf_common
 *fill*         0x000000000800a47a        0x2 
 .text._printf_i
                0x000000000800a47c      0x24c c:/st/stm32cubeide_1.12.0/stm32cubeide/plugins/com.st.stm32cube.ide.mcu.externaltools.gnu-tools-for-stm32.10.3-2021.10.win32_1.0.200.202301161003/tools/bin/../lib/gcc/arm-none-eabi/10.3.1/../../../../arm-none-eabi/lib/thumb/v7e-m+fp/hard\libc_nano.a(lib_a-nano-vfprintf_i.o)
                0x000000000800a47c                _printf_i
 .text._read_r  0x000000000800a6c8       0x24 c:/st/stm32cubeide_1.12.0/stm32cubeide/plugins/com.st.stm32cube.ide.mcu.externaltools.gnu-tools-for-stm32.10.3-2021.10.win32_1.0.200.202301161003/tools/bin/../lib/gcc/arm-none-eabi/10.3.1/../../../../arm-none-eabi/lib/thumb/v7e-m+fp/hard\libc_nano.a(lib_a-readr.o)
                0x000000000800a6c8                _read_r
 .text._fstat_r
                0x000000000800a6ec       0x24 c:/st/stm32cubeide_1.12.0/stm32cubeide/plugins/com.st.stm32cube.ide.mcu.externaltools.gnu-tools-for-stm32.10.3-2021.10.win32_1.0.200.202301161003/tools/bin/../lib/gcc/arm-none-eabi/10.3.1/../../../../arm-none-eabi/lib/thumb/v7e-m+fp/hard\libc_nano.a(lib_a-fstatr.o)
                0x000000000800a6ec                _fstat_r
 .text._isatty_r
                0x000000000800a710       0x20 c:/st/stm32cubeide_1.12.0/stm32cubeide/plugins/com.st.stm32cube.ide.mcu.externaltools.gnu-tools-for-stm32.10.3-2021.10.win32_1.0.200.202301161003/tools/bin/../lib/gcc/arm-none-eabi/10.3.1/../../../../arm-none-eabi/lib/thumb/v7e-m+fp/hard\libc_nano.a(lib_a-isattyr.o)
                0x000000000800a710                _isatty_r
 .text.pow      0x000000000800a730       0xe0 c:/st/stm32cubeide_1.12.0/stm32cubeide/plugins/com.st.stm32cube.ide.mcu.externaltools.gnu-tools-for-stm32.10.3-2021.10.win32_1.0.200.202301161003/tools/bin/../lib/gcc/arm-none-eabi/10.3.1/../../../../arm-none-eabi/lib/thumb/v7e-m+fp/hard\libm.a(lib_a-w_pow.o)
                0x000000000800a730                pow
 .text.sqrt     0x000000000800a810       0x58 c:/st/stm32cubeide_1.12.0/stm32cubeide/plugins/com.st.stm32cube.ide.mcu.externaltools.gnu-tools-for-stm32.10.3-2021.10.win32_1.0.200.202301161003/tools/bin/../lib/gcc/arm-none-eabi/10.3.1/../../../../arm-none-eabi/lib/thumb/v7e-m+fp/hard\libm.a(lib_a-w_sqrt.o)
                0x000000000800a810                sqrt
 .text.__ieee754_pow
                0x000000000800a868      0xa5c c:/st/stm32cubeide_1.12.0/stm32cubeide/plugins/com.st.stm32cube.ide.mcu.externaltools.gnu-tools-for-stm32.10.3-2021.10.win32_1.0.200.202301161003/tools/bin/../lib/gcc/arm-none-eabi/10.3.1/../../../../arm-none-eabi/lib/thumb/v7e-m+fp/hard\libm.a(lib_a-e_pow.o)
                0x000000000800a868                __ieee754_pow
 .text.__ieee754_sqrt
                0x000000000800b2c4      0x164 c:/st/stm32cubeide_1.12.0/stm32cubeide/plugins/com.st.stm32cube.ide.mcu.externaltools.gnu-tools-for-stm32.10.3-2021.10.win32_1.0.200.202301161003/tools/bin/../lib/gcc/arm-none-eabi/10.3.1/../../../../arm-none-eabi/lib/thumb/v7e-m+fp/hard\libm.a(lib_a-e_sqrt.o)
                0x000000000800b2c4                __ieee754_sqrt
 .text.with_errno
                0x000000000800b428       0x14 c:/st/stm32cubeide_1.12.0/stm32cubeide/plugins/com.st.stm32cube.ide.mcu.externaltools.gnu-tools-for-stm32.10.3-2021.10.win32_1.0.200.202301161003/tools/bin/../lib/gcc/arm-none-eabi/10.3.1/../../../../arm-none-eabi/lib/thumb/v7e-m+fp/hard\libm.a(lib_a-math_err.o)
 .text.xflow    0x000000000800b43c       0x28 c:/st/stm32cubeide_1.12.0/stm32cubeide/plugins/com.st.stm32cube.ide.mcu.externaltools.gnu-tools-for-stm32.10.3-2021.10.win32_1.0.200.202301161003/tools/bin/../lib/gcc/arm-none-eabi/10.3.1/../../../../arm-none-eabi/lib/thumb/v7e-m+fp/hard\libm.a(lib_a-math_err.o)
 .text.__math_uflow
                0x000000000800b464       0x12 c:/st/stm32cubeide_1.12.0/stm32cubeide/plugins/com.st.stm32cube.ide.mcu.externaltools.gnu-tools-for-stm32.10.3-2021.10.win32_1.0.200.202301161003/tools/bin/../lib/gcc/arm-none-eabi/10.3.1/../../../../arm-none-eabi/lib/thumb/v7e-m+fp/hard\libm.a(lib_a-math_err.o)
                0x000000000800b464                __math_uflow
 .text.__math_oflow
                0x000000000800b476       0x12 c:/st/stm32cubeide_1.12.0/stm32cubeide/plugins/com.st.stm32cube.ide.mcu.externaltools.gnu-tools-for-stm32.10.3-2021.10.win32_1.0.200.202301161003/tools/bin/../lib/gcc/arm-none-eabi/10.3.1/../../../../arm-none-eabi/lib/thumb/v7e-m+fp/hard\libm.a(lib_a-math_err.o)
                0x000000000800b476                __math_oflow
 .text.fabs     0x000000000800b488       0x12 c:/st/stm32cubeide_1.12.0/stm32cubeide/plugins/com.st.stm32cube.ide.mcu.externaltools.gnu-tools-for-stm32.10.3-2021.10.win32_1.0.200.202301161003/tools/bin/../lib/gcc/arm-none-eabi/10.3.1/../../../../arm-none-eabi/lib/thumb/v7e-m+fp/hard\libm.a(lib_a-s_fabs.o)
                0x000000000800b488                fabs
 .text.finite   0x000000000800b49a       0x16 c:/st/stm32cubeide_1.12.0/stm32cubeide/plugins/com.st.stm32cube.ide.mcu.externaltools.gnu-tools-for-stm32.10.3-2021.10.win32_1.0.200.202301161003/tools/bin/../lib/gcc/arm-none-eabi/10.3.1/../../../../arm-none-eabi/lib/thumb/v7e-m+fp/hard\libm.a(lib_a-s_finite.o)
                0x000000000800b49a                finite
 .text.scalbn   0x000000000800b4b0      0x10c c:/st/stm32cubeide_1.12.0/stm32cubeide/plugins/com.st.stm32cube.ide.mcu.externaltools.gnu-tools-for-stm32.10.3-2021.10.win32_1.0.200.202301161003/tools/bin/../lib/gcc/arm-none-eabi/10.3.1/../../../../arm-none-eabi/lib/thumb/v7e-m+fp/hard\libm.a(lib_a-s_scalbn.o)
                0x000000000800b4b0                scalbn
 *(.glue_7)
 .glue_7        0x000000000800b5bc        0x0 linker stubs
 *(.glue_7t)
 .glue_7t       0x000000000800b5bc        0x0 linker stubs
 *(.eh_frame)
 .eh_frame      0x000000000800b5bc        0x0 c:/st/stm32cubeide_1.12.0/stm32cubeide/plugins/com.st.stm32cube.ide.mcu.externaltools.gnu-tools-for-stm32.10.3-2021.10.win32_1.0.200.202301161003/tools/bin/../lib/gcc/arm-none-eabi/10.3.1/thumb/v7e-m+fp/hard/crtbegin.o
 *(.init)
 .init          0x000000000800b5bc        0x4 c:/st/stm32cubeide_1.12.0/stm32cubeide/plugins/com.st.stm32cube.ide.mcu.externaltools.gnu-tools-for-stm32.10.3-2021.10.win32_1.0.200.202301161003/tools/bin/../lib/gcc/arm-none-eabi/10.3.1/thumb/v7e-m+fp/hard/crti.o
                0x000000000800b5bc                _init
 .init          0x000000000800b5c0        0x8 c:/st/stm32cubeide_1.12.0/stm32cubeide/plugins/com.st.stm32cube.ide.mcu.externaltools.gnu-tools-for-stm32.10.3-2021.10.win32_1.0.200.202301161003/tools/bin/../lib/gcc/arm-none-eabi/10.3.1/thumb/v7e-m+fp/hard/crtn.o
 *(.fini)
 .fini          0x000000000800b5c8        0x4 c:/st/stm32cubeide_1.12.0/stm32cubeide/plugins/com.st.stm32cube.ide.mcu.externaltools.gnu-tools-for-stm32.10.3-2021.10.win32_1.0.200.202301161003/tools/bin/../lib/gcc/arm-none-eabi/10.3.1/thumb/v7e-m+fp/hard/crti.o
                0x000000000800b5c8                _fini
 .fini          0x000000000800b5cc        0x8 c:/st/stm32cubeide_1.12.0/stm32cubeide/plugins/com.st.stm32cube.ide.mcu.externaltools.gnu-tools-for-stm32.10.3-2021.10.win32_1.0.200.202301161003/tools/bin/../lib/gcc/arm-none-eabi/10.3.1/thumb/v7e-m+fp/hard/crtn.o
                0x000000000800b5d4                . = ALIGN (0x4)
                0x000000000800b5d4                _etext = .

.vfp11_veneer   0x000000000800b5d4        0x0
 .vfp11_veneer  0x000000000800b5d4        0x0 linker stubs

.v4_bx          0x000000000800b5d4        0x0
 .v4_bx         0x000000000800b5d4        0x0 linker stubs

.iplt           0x000000000800b5d4        0x0
 .iplt          0x000000000800b5d4        0x0 c:/st/stm32cubeide_1.12.0/stm32cubeide/plugins/com.st.stm32cube.ide.mcu.externaltools.gnu-tools-for-stm32.10.3-2021.10.win32_1.0.200.202301161003/tools/bin/../lib/gcc/arm-none-eabi/10.3.1/thumb/v7e-m+fp/hard/crtbegin.o

.rodata         0x000000000800b5d8      0x340
                0x000000000800b5d8                . = ALIGN (0x4)
 *(.rodata)
 .rodata        0x000000000800b5d8      0x1fd ./Core/Src/aku_infra_imu.o
 *fill*         0x000000000800b7d5        0x3 
 .rodata        0x000000000800b7d8       0x58 ./Core/Src/freertos.o
 .rodata        0x000000000800b830        0x5 ./Middlewares/Third_Party/FreeRTOS/Source/tasks.o
 *(.rodata*)
 *fill*         0x000000000800b835        0x3 
 .rodata.AHBPrescTable
                0x000000000800b838       0x10 ./Core/Src/system_stm32f4xx.o
                0x000000000800b838                AHBPrescTable
 .rodata.APBPrescTable
                0x000000000800b848        0x8 ./Core/Src/system_stm32f4xx.o
                0x000000000800b848                APBPrescTable
 .rodata.__sf_fake_stderr
                0x000000000800b850       0x20 c:/st/stm32cubeide_1.12.0/stm32cubeide/plugins/com.st.stm32cube.ide.mcu.externaltools.gnu-tools-for-stm32.10.3-2021.10.win32_1.0.200.202301161003/tools/bin/../lib/gcc/arm-none-eabi/10.3.1/../../../../arm-none-eabi/lib/thumb/v7e-m+fp/hard\libc_nano.a(lib_a-findfp.o)
                0x000000000800b850                __sf_fake_stderr
 .rodata.__sf_fake_stdin
                0x000000000800b870       0x20 c:/st/stm32cubeide_1.12.0/stm32cubeide/plugins/com.st.stm32cube.ide.mcu.externaltools.gnu-tools-for-stm32.10.3-2021.10.win32_1.0.200.202301161003/tools/bin/../lib/gcc/arm-none-eabi/10.3.1/../../../../arm-none-eabi/lib/thumb/v7e-m+fp/hard\libc_nano.a(lib_a-findfp.o)
                0x000000000800b870                __sf_fake_stdin
 .rodata.__sf_fake_stdout
                0x000000000800b890       0x20 c:/st/stm32cubeide_1.12.0/stm32cubeide/plugins/com.st.stm32cube.ide.mcu.externaltools.gnu-tools-for-stm32.10.3-2021.10.win32_1.0.200.202301161003/tools/bin/../lib/gcc/arm-none-eabi/10.3.1/../../../../arm-none-eabi/lib/thumb/v7e-m+fp/hard\libc_nano.a(lib_a-findfp.o)
                0x000000000800b890                __sf_fake_stdout
 .rodata._global_impure_ptr
                0x000000000800b8b0        0x4 c:/st/stm32cubeide_1.12.0/stm32cubeide/plugins/com.st.stm32cube.ide.mcu.externaltools.gnu-tools-for-stm32.10.3-2021.10.win32_1.0.200.202301161003/tools/bin/../lib/gcc/arm-none-eabi/10.3.1/../../../../arm-none-eabi/lib/thumb/v7e-m+fp/hard\libc_nano.a(lib_a-impure.o)
                0x000000000800b8b0                _global_impure_ptr
 .rodata._vfprintf_r.str1.1
                0x000000000800b8b4       0x11 c:/st/stm32cubeide_1.12.0/stm32cubeide/plugins/com.st.stm32cube.ide.mcu.externaltools.gnu-tools-for-stm32.10.3-2021.10.win32_1.0.200.202301161003/tools/bin/../lib/gcc/arm-none-eabi/10.3.1/../../../../arm-none-eabi/lib/thumb/v7e-m+fp/hard\libc_nano.a(lib_a-nano-vfprintf.o)
 .rodata._printf_i.str1.1
                0x000000000800b8c5       0x22 c:/st/stm32cubeide_1.12.0/stm32cubeide/plugins/com.st.stm32cube.ide.mcu.externaltools.gnu-tools-for-stm32.10.3-2021.10.win32_1.0.200.202301161003/tools/bin/../lib/gcc/arm-none-eabi/10.3.1/../../../../arm-none-eabi/lib/thumb/v7e-m+fp/hard\libc_nano.a(lib_a-nano-vfprintf_i.o)
 *fill*         0x000000000800b8e7        0x1 
 .rodata.bp     0x000000000800b8e8       0x10 c:/st/stm32cubeide_1.12.0/stm32cubeide/plugins/com.st.stm32cube.ide.mcu.externaltools.gnu-tools-for-stm32.10.3-2021.10.win32_1.0.200.202301161003/tools/bin/../lib/gcc/arm-none-eabi/10.3.1/../../../../arm-none-eabi/lib/thumb/v7e-m+fp/hard\libm.a(lib_a-e_pow.o)
 .rodata.dp_h   0x000000000800b8f8       0x10 c:/st/stm32cubeide_1.12.0/stm32cubeide/plugins/com.st.stm32cube.ide.mcu.externaltools.gnu-tools-for-stm32.10.3-2021.10.win32_1.0.200.202301161003/tools/bin/../lib/gcc/arm-none-eabi/10.3.1/../../../../arm-none-eabi/lib/thumb/v7e-m+fp/hard\libm.a(lib_a-e_pow.o)
 .rodata.dp_l   0x000000000800b908       0x10 c:/st/stm32cubeide_1.12.0/stm32cubeide/plugins/com.st.stm32cube.ide.mcu.externaltools.gnu-tools-for-stm32.10.3-2021.10.win32_1.0.200.202301161003/tools/bin/../lib/gcc/arm-none-eabi/10.3.1/../../../../arm-none-eabi/lib/thumb/v7e-m+fp/hard\libm.a(lib_a-e_pow.o)
                0x000000000800b918                . = ALIGN (0x4)

.ARM.extab      0x000000000800b918        0x0
                0x000000000800b918                . = ALIGN (0x4)
 *(.ARM.extab* .gnu.linkonce.armextab.*)
                0x000000000800b918                . = ALIGN (0x4)

.ARM            0x000000000800b918        0x8
                0x000000000800b918                . = ALIGN (0x4)
                0x000000000800b918                __exidx_start = .
 *(.ARM.exidx*)
 .ARM.exidx     0x000000000800b918        0x8 c:/st/stm32cubeide_1.12.0/stm32cubeide/plugins/com.st.stm32cube.ide.mcu.externaltools.gnu-tools-for-stm32.10.3-2021.10.win32_1.0.200.202301161003/tools/bin/../lib/gcc/arm-none-eabi/10.3.1/thumb/v7e-m+fp/hard\libgcc.a(_udivmoddi4.o)
                0x000000000800b920                __exidx_end = .
                0x000000000800b920                . = ALIGN (0x4)

.rel.dyn        0x000000000800b920        0x0
 .rel.iplt      0x000000000800b920        0x0 c:/st/stm32cubeide_1.12.0/stm32cubeide/plugins/com.st.stm32cube.ide.mcu.externaltools.gnu-tools-for-stm32.10.3-2021.10.win32_1.0.200.202301161003/tools/bin/../lib/gcc/arm-none-eabi/10.3.1/thumb/v7e-m+fp/hard/crtbegin.o

.preinit_array  0x000000000800b920        0x0
                0x000000000800b920                . = ALIGN (0x4)
                0x000000000800b920                PROVIDE (__preinit_array_start = .)
 *(.preinit_array*)
                0x000000000800b920                PROVIDE (__preinit_array_end = .)
                0x000000000800b920                . = ALIGN (0x4)

.init_array     0x000000000800b920        0x4
                0x000000000800b920                . = ALIGN (0x4)
                0x000000000800b920                PROVIDE (__init_array_start = .)
 *(SORT_BY_NAME(.init_array.*))
 *(.init_array*)
 .init_array    0x000000000800b920        0x4 c:/st/stm32cubeide_1.12.0/stm32cubeide/plugins/com.st.stm32cube.ide.mcu.externaltools.gnu-tools-for-stm32.10.3-2021.10.win32_1.0.200.202301161003/tools/bin/../lib/gcc/arm-none-eabi/10.3.1/thumb/v7e-m+fp/hard/crtbegin.o
                0x000000000800b924                PROVIDE (__init_array_end = .)
                0x000000000800b924                . = ALIGN (0x4)

.fini_array     0x000000000800b924        0x4
                0x000000000800b924                . = ALIGN (0x4)
                [!provide]                        PROVIDE (__fini_array_start = .)
 *(SORT_BY_NAME(.fini_array.*))
 *(.fini_array*)
 .fini_array    0x000000000800b924        0x4 c:/st/stm32cubeide_1.12.0/stm32cubeide/plugins/com.st.stm32cube.ide.mcu.externaltools.gnu-tools-for-stm32.10.3-2021.10.win32_1.0.200.202301161003/tools/bin/../lib/gcc/arm-none-eabi/10.3.1/thumb/v7e-m+fp/hard/crtbegin.o
                [!provide]                        PROVIDE (__fini_array_end = .)
                0x000000000800b928                . = ALIGN (0x4)
                0x000000000800b928                _sidata = LOADADDR (.data)

.data           0x0000000020000000       0xa4 load address 0x000000000800b928
                0x0000000020000000                . = ALIGN (0x4)
                0x0000000020000000                _sdata = .
 *(.data)
 *(.data*)
 .data.ms5611   0x0000000020000000       0x10 ./Core/Src/aku_infra_barometer.o
                0x0000000020000000                ms5611
 .data.bno055   0x0000000020000010       0x10 ./Core/Src/aku_infra_imu.o
                0x0000000020000010                bno055
 .data.accelScale
                0x0000000020000020        0x2 ./Core/Src/bno055.o
                0x0000000020000020                accelScale
 .data.angularRateScale
                0x0000000020000022        0x2 ./Core/Src/bno055.o
                0x0000000020000022                angularRateScale
 .data.eulerScale
                0x0000000020000024        0x2 ./Core/Src/bno055.o
                0x0000000020000024                eulerScale
 .data.magScale
                0x0000000020000026        0x2 ./Core/Src/bno055.o
                0x0000000020000026                magScale
 .data.quaScale
                0x0000000020000028        0x2 ./Core/Src/bno055.o
                0x0000000020000028                quaScale
 *fill*         0x000000002000002a        0x2 
 .data.SystemCoreClock
                0x000000002000002c        0x4 ./Core/Src/system_stm32f4xx.o
                0x000000002000002c                SystemCoreClock
 .data.pressAddr
                0x0000000020000030        0x1 ./Core/Src/yrt_ms5611.o
 .data.tempAddr
                0x0000000020000031        0x1 ./Core/Src/yrt_ms5611.o
 .data.convDelay
                0x0000000020000032        0x1 ./Core/Src/yrt_ms5611.o
 *fill*         0x0000000020000033        0x1 
 .data.uwTickPrio
                0x0000000020000034        0x4 ./Drivers/STM32F4xx_HAL_Driver/Src/stm32f4xx_hal.o
                0x0000000020000034                uwTickPrio
 .data.uwTickFreq
                0x0000000020000038        0x1 ./Drivers/STM32F4xx_HAL_Driver/Src/stm32f4xx_hal.o
                0x0000000020000038                uwTickFreq
 *fill*         0x0000000020000039        0x3 
 .data.uxCriticalNesting
                0x000000002000003c        0x4 ./Middlewares/Third_Party/FreeRTOS/Source/portable/GCC/ARM_CM4F/port.o
 .data._impure_ptr
                0x0000000020000040        0x4 c:/st/stm32cubeide_1.12.0/stm32cubeide/plugins/com.st.stm32cube.ide.mcu.externaltools.gnu-tools-for-stm32.10.3-2021.10.win32_1.0.200.202301161003/tools/bin/../lib/gcc/arm-none-eabi/10.3.1/../../../../arm-none-eabi/lib/thumb/v7e-m+fp/hard\libc_nano.a(lib_a-impure.o)
                0x0000000020000040                _impure_ptr
 .data.impure_data
                0x0000000020000044       0x60 c:/st/stm32cubeide_1.12.0/stm32cubeide/plugins/com.st.stm32cube.ide.mcu.externaltools.gnu-tools-for-stm32.10.3-2021.10.win32_1.0.200.202301161003/tools/bin/../lib/gcc/arm-none-eabi/10.3.1/../../../../arm-none-eabi/lib/thumb/v7e-m+fp/hard\libc_nano.a(lib_a-impure.o)
 *(.RamFunc)
 *(.RamFunc*)
                0x00000000200000a4                . = ALIGN (0x4)
                0x00000000200000a4                _edata = .

.igot.plt       0x00000000200000a4        0x0 load address 0x000000000800b9cc
 .igot.plt      0x00000000200000a4        0x0 c:/st/stm32cubeide_1.12.0/stm32cubeide/plugins/com.st.stm32cube.ide.mcu.externaltools.gnu-tools-for-stm32.10.3-2021.10.win32_1.0.200.202301161003/tools/bin/../lib/gcc/arm-none-eabi/10.3.1/thumb/v7e-m+fp/hard/crtbegin.o
                0x00000000200000a4                . = ALIGN (0x4)

.bss            0x00000000200000a4     0xb908 load address 0x000000000800b9cc
                0x00000000200000a4                _sbss = .
                0x00000000200000a4                __bss_start__ = _sbss
 *(.bss)
 .bss           0x00000000200000a4       0x1c c:/st/stm32cubeide_1.12.0/stm32cubeide/plugins/com.st.stm32cube.ide.mcu.externaltools.gnu-tools-for-stm32.10.3-2021.10.win32_1.0.200.202301161003/tools/bin/../lib/gcc/arm-none-eabi/10.3.1/thumb/v7e-m+fp/hard/crtbegin.o
 *(.bss*)
 .bss.altitude  0x00000000200000c0       0x20 ./Core/Src/aku_infra_barometer.o
 .bss._bno055_i2c_port
                0x00000000200000e0        0x4 ./Core/Src/aku_infra_imu.o
                0x00000000200000e0                _bno055_i2c_port
 .bss.imu       0x00000000200000e4       0x70 ./Core/Src/aku_infra_imu.o
 .bss.imu_offset_data
                0x0000000020000154       0x70 ./Core/Src/aku_infra_imu.o
 .bss.imu_ptr   0x00000000200001c4        0x4 ./Core/Src/freertos.o
                0x00000000200001c4                imu_ptr
 .bss.altitude_ptr
                0x00000000200001c8        0x4 ./Core/Src/freertos.o
                0x00000000200001c8                altitude_ptr
 .bss.Read_SensorDataHandle
                0x00000000200001cc        0x4 ./Core/Src/freertos.o
                0x00000000200001cc                Read_SensorDataHandle
 .bss.Flight_StatesHandle
                0x00000000200001d0        0x4 ./Core/Src/freertos.o
                0x00000000200001d0                Flight_StatesHandle
 .bss.xIdleTaskTCBBuffer
                0x00000000200001d4       0xb4 ./Core/Src/freertos.o
 .bss.xIdleStack
                0x0000000020000288      0x200 ./Core/Src/freertos.o
 .bss.hi2c1     0x0000000020000488       0x54 ./Core/Src/i2c.o
                0x0000000020000488                hi2c1
 .bss.hi2c2     0x00000000200004dc       0x54 ./Core/Src/i2c.o
                0x00000000200004dc                hi2c2
 .bss.hspi2     0x0000000020000530       0x58 ./Core/Src/spi.o
                0x0000000020000530                hspi2
 .bss.htim1     0x0000000020000588       0x48 ./Core/Src/stm32f4xx_hal_timebase_tim.o
                0x0000000020000588                htim1
 .bss.__sbrk_heap_end
                0x00000000200005d0        0x4 ./Core/Src/sysmem.o
 .bss.htim2     0x00000000200005d4       0x48 ./Core/Src/tim.o
                0x00000000200005d4                htim2
 .bss.htim3     0x000000002000061c       0x48 ./Core/Src/tim.o
                0x000000002000061c                htim3
 .bss.htim6     0x0000000020000664       0x48 ./Core/Src/tim.o
                0x0000000020000664                htim6
 .bss.huart2    0x00000000200006ac       0x44 ./Core/Src/usart.o
                0x00000000200006ac                huart2
 .bss.ms5611_i2c
                0x00000000200006f0        0x4 ./Core/Src/yrt_ms5611.o
                0x00000000200006f0                ms5611_i2c
 .bss.ms5611_addr
                0x00000000200006f4        0x1 ./Core/Src/yrt_ms5611.o
 *fill*         0x00000000200006f5        0x3 
 .bss.prom      0x00000000200006f8        0xc ./Core/Src/yrt_ms5611.o
 .bss.temperature
                0x0000000020000704        0x4 ./Core/Src/yrt_ms5611.o
 .bss.pressure  0x0000000020000708        0x4 ./Core/Src/yrt_ms5611.o
 .bss.altitude_m
                0x000000002000070c        0x4 ./Core/Src/yrt_ms5611.o
 .bss.ms5611_delay
                0x0000000020000710        0x4 ./Core/Src/yrt_ms5611.o
                0x0000000020000710                ms5611_delay
 .bss.uwTick    0x0000000020000714        0x4 ./Drivers/STM32F4xx_HAL_Driver/Src/stm32f4xx_hal.o
                0x0000000020000714                uwTick
 .bss.pxCurrentTCB
                0x0000000020000718        0x4 ./Middlewares/Third_Party/FreeRTOS/Source/tasks.o
                0x0000000020000718                pxCurrentTCB
 .bss.pxReadyTasksLists
                0x000000002000071c       0x8c ./Middlewares/Third_Party/FreeRTOS/Source/tasks.o
 .bss.xDelayedTaskList1
                0x00000000200007a8       0x14 ./Middlewares/Third_Party/FreeRTOS/Source/tasks.o
 .bss.xDelayedTaskList2
                0x00000000200007bc       0x14 ./Middlewares/Third_Party/FreeRTOS/Source/tasks.o
 .bss.pxDelayedTaskList
                0x00000000200007d0        0x4 ./Middlewares/Third_Party/FreeRTOS/Source/tasks.o
 .bss.pxOverflowDelayedTaskList
                0x00000000200007d4        0x4 ./Middlewares/Third_Party/FreeRTOS/Source/tasks.o
 .bss.xPendingReadyList
                0x00000000200007d8       0x14 ./Middlewares/Third_Party/FreeRTOS/Source/tasks.o
 .bss.xTasksWaitingTermination
                0x00000000200007ec       0x14 ./Middlewares/Third_Party/FreeRTOS/Source/tasks.o
 .bss.uxDeletedTasksWaitingCleanUp
                0x0000000020000800        0x4 ./Middlewares/Third_Party/FreeRTOS/Source/tasks.o
 .bss.xSuspendedTaskList
                0x0000000020000804       0x14 ./Middlewares/Third_Party/FreeRTOS/Source/tasks.o
 .bss.uxCurrentNumberOfTasks
                0x0000000020000818        0x4 ./Middlewares/Third_Party/FreeRTOS/Source/tasks.o
 .bss.xTickCount
                0x000000002000081c        0x4 ./Middlewares/Third_Party/FreeRTOS/Source/tasks.o
 .bss.uxTopReadyPriority
                0x0000000020000820        0x4 ./Middlewares/Third_Party/FreeRTOS/Source/tasks.o
 .bss.xSchedulerRunning
                0x0000000020000824        0x4 ./Middlewares/Third_Party/FreeRTOS/Source/tasks.o
 .bss.xPendedTicks
                0x0000000020000828        0x4 ./Middlewares/Third_Party/FreeRTOS/Source/tasks.o
 .bss.xYieldPending
                0x000000002000082c        0x4 ./Middlewares/Third_Party/FreeRTOS/Source/tasks.o
 .bss.xNumOfOverflows
                0x0000000020000830        0x4 ./Middlewares/Third_Party/FreeRTOS/Source/tasks.o
 .bss.uxTaskNumber
                0x0000000020000834        0x4 ./Middlewares/Third_Party/FreeRTOS/Source/tasks.o
 .bss.xNextTaskUnblockTime
                0x0000000020000838        0x4 ./Middlewares/Third_Party/FreeRTOS/Source/tasks.o
 .bss.xIdleTaskHandle
                0x000000002000083c        0x4 ./Middlewares/Third_Party/FreeRTOS/Source/tasks.o
 .bss.uxSchedulerSuspended
                0x0000000020000840        0x4 ./Middlewares/Third_Party/FreeRTOS/Source/tasks.o
 .bss.ucMaxSysCallPriority
                0x0000000020000844        0x1 ./Middlewares/Third_Party/FreeRTOS/Source/portable/GCC/ARM_CM4F/port.o
 *fill*         0x0000000020000845        0x3 
 .bss.ulMaxPRIGROUPValue