Archive member included to satisfy reference by file (symbol)

c:/st/stm32cubeide_1.12.0/stm32cubeide/plugins/com.st.stm32cube.ide.mcu.externaltools.gnu-tools-for-stm32.10.3-2021.10.win32_1.0.200.202301161003/tools/bin/../lib/gcc/arm-none-eabi/10.3.1/../../../../arm-none-eabi/lib/thumb/v7e-m+fp/hard\libc_nano.a(lib_a-errno.o)
                              ./Core/Src/syscalls.o (__errno)
c:/st/stm32cubeide_1.12.0/stm32cubeide/plugins/com.st.stm32cube.ide.mcu.externaltools.gnu-tools-for-stm32.10.3-2021.10.win32_1.0.200.202301161003/tools/bin/../lib/gcc/arm-none-eabi/10.3.1/../../../../arm-none-eabi/lib/thumb/v7e-m+fp/hard\libc_nano.a(lib_a-exit.o)
                              c:/st/stm32cubeide_1.12.0/stm32cubeide/plugins/com.st.stm32cube.ide.mcu.externaltools.gnu-tools-for-stm32.10.3-2021.10.win32_1.0.200.202301161003/tools/bin/../lib/gcc/arm-none-eabi/10.3.1/../../../../arm-none-eabi/lib/thumb/v7e-m+fp/hard/crt0.o (exit)
c:/st/stm32cubeide_1.12.0/stm32cubeide/plugins/com.st.stm32cube.ide.mcu.externaltools.gnu-tools-for-stm32.10.3-2021.10.win32_1.0.200.202301161003/tools/bin/../lib/gcc/arm-none-eabi/10.3.1/../../../../arm-none-eabi/lib/thumb/v7e-m+fp/hard\libc_nano.a(lib_a-findfp.o)
                              ./Middlewares/Third_Party/FreeRTOS/Source/tasks.o (__sf_fake_stderr)
c:/st/stm32cubeide_1.12.0/stm32cubeide/plugins/com.st.stm32cube.ide.mcu.externaltools.gnu-tools-for-stm32.10.3-2021.10.win32_1.0.200.202301161003/tools/bin/../lib/gcc/arm-none-eabi/10.3.1/../../../../arm-none-eabi/lib/thumb/v7e-m+fp/hard\libc_nano.a(lib_a-fwalk.o)
                              c:/st/stm32cubeide_1.12.0/stm32cubeide/plugins/com.st.stm32cube.ide.mcu.externaltools.gnu-tools-for-stm32.10.3-2021.10.win32_1.0.200.202301161003/tools/bin/../lib/gcc/arm-none-eabi/10.3.1/../../../../arm-none-eabi/lib/thumb/v7e-m+fp/hard\libc_nano.a(lib_a-findfp.o) (_fwalk)
c:/st/stm32cubeide_1.12.0/stm32cubeide/plugins/com.st.stm32cube.ide.mcu.externaltools.gnu-tools-for-stm32.10.3-2021.10.win32_1.0.200.202301161003/tools/bin/../lib/gcc/arm-none-eabi/10.3.1/../../../../arm-none-eabi/lib/thumb/v7e-m+fp/hard\libc_nano.a(lib_a-impure.o)
                              c:/st/stm32cubeide_1.12.0/stm32cubeide/plugins/com.st.stm32cube.ide.mcu.externaltools.gnu-tools-for-stm32.10.3-2021.10.win32_1.0.200.202301161003/tools/bin/../lib/gcc/arm-none-eabi/10.3.1/../../../../arm-none-eabi/lib/thumb/v7e-m+fp/hard\libc_nano.a(lib_a-exit.o) (_global_impure_ptr)
c:/st/stm32cubeide_1.12.0/stm32cubeide/plugins/com.st.stm32cube.ide.mcu.externaltools.gnu-tools-for-stm32.10.3-2021.10.win32_1.0.200.202301161003/tools/bin/../lib/gcc/arm-none-eabi/10.3.1/../../../../arm-none-eabi/lib/thumb/v7e-m+fp/hard\libc_nano.a(lib_a-init.o)
                              c:/st/stm32cubeide_1.12.0/stm32cubeide/plugins/com.st.stm32cube.ide.mcu.externaltools.gnu-tools-for-stm32.10.3-2021.10.win32_1.0.200.202301161003/tools/bin/../lib/gcc/arm-none-eabi/10.3.1/../../../../arm-none-eabi/lib/thumb/v7e-m+fp/hard/crt0.o (__libc_init_array)
c:/st/stm32cubeide_1.12.0/stm32cubeide/plugins/com.st.stm32cube.ide.mcu.externaltools.gnu-tools-for-stm32.10.3-2021.10.win32_1.0.200.202301161003/tools/bin/../lib/gcc/arm-none-eabi/10.3.1/../../../../arm-none-eabi/lib/thumb/v7e-m+fp/hard\libc_nano.a(lib_a-lock.o)
                              c:/st/stm32cubeide_1.12.0/stm32cubeide/plugins/com.st.stm32cube.ide.mcu.externaltools.gnu-tools-for-stm32.10.3-2021.10.win32_1.0.200.202301161003/tools/bin/../lib/gcc/arm-none-eabi/10.3.1/../../../../arm-none-eabi/lib/thumb/v7e-m+fp/hard\libc_nano.a(lib_a-findfp.o) (__retarget_lock_init_recursive)
c:/st/stm32cubeide_1.12.0/stm32cubeide/plugins/com.st.stm32cube.ide.mcu.externaltools.gnu-tools-for-stm32.10.3-2021.10.win32_1.0.200.202301161003/tools/bin/../lib/gcc/arm-none-eabi/10.3.1/../../../../arm-none-eabi/lib/thumb/v7e-m+fp/hard\libc_nano.a(lib_a-memcpy-stub.o)
                              ./Core/Src/bno055.o (memcpy)
c:/st/stm32cubeide_1.12.0/stm32cubeide/plugins/com.st.stm32cube.ide.mcu.externaltools.gnu-tools-for-stm32.10.3-2021.10.win32_1.0.200.202301161003/tools/bin/../lib/gcc/arm-none-eabi/10.3.1/../../../../arm-none-eabi/lib/thumb/v7e-m+fp/hard\libc_nano.a(lib_a-memset.o)
                              c:/st/stm32cubeide_1.12.0/stm32cubeide/plugins/com.st.stm32cube.ide.mcu.externaltools.gnu-tools-for-stm32.10.3-2021.10.win32_1.0.200.202301161003/tools/bin/../lib/gcc/arm-none-eabi/10.3.1/../../../../arm-none-eabi/lib/thumb/v7e-m+fp/hard/crt0.o (memset)
c:/st/stm32cubeide_1.12.0/stm32cubeide/plugins/com.st.stm32cube.ide.mcu.externaltools.gnu-tools-for-stm32.10.3-2021.10.win32_1.0.200.202301161003/tools/bin/../lib/gcc/arm-none-eabi/10.3.1/../../../../arm-none-eabi/lib/thumb/v7e-m+fp/hard\libc_nano.a(lib_a-nano-mallocr.o)
[...]
Memory Configuration

Name             Origin             Length             Attributes
RAM              0x0000000020000000 0x0000000000020000 xrw
FLASH            0x0000000008000000 0x0000000000080000 xr
*default*        0x0000000000000000 0xffffffffffffffff

Linker script and memory map

LOAD c:/st/stm32cubeide_1.12.0/stm32cubeide/plugins/com.st.stm32cube.ide.mcu.externaltools.gnu-tools-for-stm32.10.3-2021.10.win32_1.0.200.202301161003/tools/bin/../lib/gcc/arm-none-eabi/10.3.1/thumb/v7e-m+fp/hard/crti.o
LOAD c:/st/stm32cubeide_1.12.0/stm32cubeide/plugins/com.st.stm32cube.ide.mcu.externaltools.gnu-tools-for-stm32.10.3-2021.10.win32_1.0.200.202301161003/tools/bin/../lib/gcc/arm-none-eabi/10.3.1/thumb/v7e-m+fp/hard/crtbegin.o
LOAD c:/st/stm32cubeide_1.12.0/stm32cubeide/plugins/com.st.stm32cube.ide.mcu.externaltools.gnu-tools-for-stm32.10.3-2021.10.win32_1.0.200.202301161003/tools/bin/../lib/gcc/arm-none-eabi/10.3.1/../../../../arm-none-eabi/lib/thumb/v7e-m+fp/hard/crt0.o
LOAD ./Core/Src/aku_infra_barometer.o
LOAD ./Core/Src/aku_infra_imu.o
LOAD ./Core/Src/aku_infrastructure.o
LOAD ./Core/Src/bno055.o
LOAD ./Core/Src/freertos.o
LOAD ./Core/Src/gpio.o
LOAD ./Core/Src/i2c.o
LOAD ./Core/Src/main.o
LOAD ./Core/Src/spi.o
LOAD ./Core/Src/stm32f4xx_hal_msp.o
LOAD ./Core/Src/stm32f4xx_hal_timebase_tim.o
LOAD ./Core/Src/stm32f4xx_it.o
LOAD ./Core/Src/syscalls.o
LOAD ./Core/Src/sysmem.o
LOAD ./Core/Src/system_stm32f4xx.o
LOAD ./Core/Src/tim.o
LOAD ./Core/Src/usart.o
LOAD ./Core/Src/yrt_ms5611.o
LOAD ./Core/Startup/startup_stm32f446retx.o
LOAD ./Drivers/STM32F4xx_HAL_Driver/Src/stm32f4xx_hal.o
LOAD ./Drivers/STM32F4xx_HAL_Driver/Src/stm32f4xx_hal_cortex.o
LOAD ./Drivers/STM32F4xx_HAL_Driver/Src/stm32f4xx_hal_dma.o
LOAD ./Drivers/STM32F4xx_HAL_Driver/Src/stm32f4xx_hal_dma_ex.o
LOAD ./Drivers/STM32F4xx_HAL_Driver/Src/stm32f4xx_hal_exti.o
LOAD ./Drivers/STM32F4xx_HAL_Driver/Src/stm32f4xx_hal_flash.o
LOAD ./Drivers/STM32F4xx_HAL_Driver/Src/stm32f4xx_hal_flash_ex.o
LOAD ./Drivers/STM32F4xx_HAL_Driver/Src/stm32f4xx_hal_flash_ramfunc.o
LOAD ./Drivers/STM32F4xx_HAL_Driver/Src/stm32f4xx_hal_gpio.o
LOAD ./Drivers/STM32F4xx_HAL_Driver/Src/stm32f4xx_hal_i2c.o
LOAD ./Drivers/STM32F4xx_HAL_Driver/Src/stm32f4xx_hal_i2c_ex.o
LOAD ./Drivers/STM32F4xx_HAL_Driver/Src/stm32f4xx_hal_pwr.o
LOAD ./Drivers/STM32F4xx_HAL_Driver/Src/stm32f4xx_hal_pwr_ex.o
LOAD ./Drivers/STM32F4xx_HAL_Driver/Src/stm32f4xx_hal_rcc.o
LOAD ./Drivers/STM32F4xx_HAL_Driver/Src/stm32f4xx_hal_rcc_ex.o
LOAD ./Drivers/STM32F4xx_HAL_Driver/Src/stm32f4xx_hal_spi.o
LOAD ./Drivers/STM32F4xx_HAL_Driver/Src/stm32f4xx_hal_tim.o
LOAD ./Drivers/STM32F4xx_HAL_Driver/Src/stm32f4xx_hal_tim_ex.o
LOAD ./Drivers/STM32F4xx_HAL_Driver/Src/stm32f4xx_hal_uart.o
LOAD ./FATFS/App/fatfs.o
LOAD ./FATFS/Target/user_diskio.o
LOAD ./Middlewares/Third_Party/FatFs/src/diskio.o
LOAD ./Middlewares/Third_Party/FatFs/src/ff.o
LOAD ./Middlewares/Third_Party/FatFs/src/ff_gen_drv.o
LOAD ./Middlewares/Third_Party/FatFs/src/option/syscall.o
LOAD ./Middlewares/Third_Party/FreeRTOS/Source/CMSIS_RTOS/cmsis_os.o
LOAD ./Middlewares/Third_Party/FreeRTOS/Source/croutine.o
LOAD ./Middlewares/Third_Party/FreeRTOS/Source/event_groups.o
LOAD ./Middlewares/Third_Party/FreeRTOS/Source/list.o
LOAD ./Middlewares/Third_Party/FreeRTOS/Source/queue.o
LOAD ./Middlewares/Third_Party/FreeRTOS/Source/stream_buffer.o
LOAD ./Middlewares/Third_Party/FreeRTOS/Source/tasks.o
LOAD ./Middlewares/Third_Party/FreeRTOS/Source/timers.o
LOAD ./Middlewares/Third_Party/FreeRTOS/Source/portable/GCC/ARM_CM4F/port.o
LOAD ./Middlewares/Third_Party/FreeRTOS/Source/portable/MemMang/heap_4.o
START GROUP
LOAD c:/st/stm32cubeide_1.12.0/stm32cubeide/plugins/com.st.stm32cube.ide.mcu.externaltools.gnu-tools-for-stm32.10.3-2021.10.win32_1.0.200.202301161003/tools/bin/../lib/gcc/arm-none-eabi/10.3.1/../../../../arm-none-eabi/lib/thumb/v7e-m+fp/hard\libc_nano.a
LOAD c:/st/stm32cubeide_1.12.0/stm32cubeide/plugins/com.st.stm32cube.ide.mcu.externaltools.gnu-tools-for-stm32.10.3-2021.10.win32_1.0.200.202301161003/tools/bin/../lib/gcc/arm-none-eabi/10.3.1/../../../../arm-none-eabi/lib/thumb/v7e-m+fp/hard\libm.a
END GROUP
START GROUP
LOAD c:/st/stm32cubeide_1.12.0/stm32cubeide/plugins/com.st.stm32cube.ide.mcu.externaltools.gnu-tools-for-stm32.10.3-2021.10.win32_1.0.200.202301161003/tools/bin/../lib/gcc/arm-none-eabi/10.3.1/thumb/v7e-m+fp/hard\libgcc.a
LOAD c:/st/stm32cubeide_1.12.0/stm32cubeide/plugins/com.st.stm32cube.ide.mcu.externaltools.gnu-tools-for-stm32.10.3-2021.10.win32_1.0.200.202301161003/tools/bin/../lib/gcc/arm-none-eabi/10.3.1/../../../../arm-none-eabi/lib/thumb/v7e-m+fp/hard\libc_nano.a
END GROUP
START GROUP
LOAD c:/st/stm32cubeide_1.12.0/stm32cubeide/plugins/com.st.stm32cube.ide.mcu.externaltools.gnu-tools-for-stm32.10.3-2021.10.win32_1.0.200.202301161003/tools/bin/../lib/gcc/arm-none-eabi/10.3.1/thumb/v7e-m+fp/hard\libgcc.a
LOAD c:/st/stm32cubeide_1.12.0/stm32cubeide/plugins/com.st.stm32cube.ide.mcu.externaltools.gnu-tools-for-stm32.10.3-2021.10.win32_1.0.200.202301161003/tools/bin/../lib/gcc/arm-none-eabi/10.3.1/../../../../arm-none-eabi/lib/thumb/v7e-m+fp/hard\libc_nano.a
LOAD c:/st/stm32cubeide_1.12.0/stm32cubeide/plugins/com.st.stm32cube.ide.mcu.externaltools.gnu-tools-for-stm32.10.3-2021.10.win32_1.0.200.202301161003/tools/bin/../lib/gcc/arm-none-eabi/10.3.1/../../../../arm-none-eabi/lib/thumb/v7e-m+fp/hard\libnosys.a
END GROUP
START GROUP
LOAD c:/st/stm32cubeide_1.12.0/stm32cubeide/plugins/com.st.stm32cube.ide.mcu.externaltools.gnu-tools-for-stm32.10.3-2021.10.win32_1.0.200.202301161003/tools/bin/../lib/gcc/arm-none-eabi/10.3.1/thumb/v7e-m+fp/hard\libgcc.a
LOAD c:/st/stm32cubeide_1.12.0/stm32cubeide/plugins/com.st.stm32cube.ide.mcu.externaltools.gnu-tools-for-stm32.10.3-2021.10.win32_1.0.200.202301161003/tools/bin/../lib/gcc/arm-none-eabi/10.3.1/../../../../arm-none-eabi/lib/thumb/v7e-m+fp/hard\libc_nano.a
LOAD c:/st/stm32cubeide_1.12.0/stm32cubeide/plugins/com.st.stm32cube.ide.mcu.externaltools.gnu-tools-for-stm32.10.3-2021.10.win32_1.0.200.202301161003/tools/bin/../lib/gcc/arm-none-eabi/10.3.1/../../../../arm-none-eabi/lib/thumb/v7e-m+fp/hard\libnosys.a
END GROUP
LOAD c:/st/stm32cubeide_1.12.0/stm32cubeide/plugins/com.st.stm32cube.ide.mcu.externaltools.gnu-tools-for-stm32.10.3-2021.10.win32_1.0.200.202301161003/tools/bin/../lib/gcc/arm-none-eabi/10.3.1/thumb/v7e-m+fp/hard/crtend.o
LOAD c:/st/stm32cubeide_1.12.0/stm32cubeide/plugins/com.st.stm32cube.ide.mcu.externaltools.gnu-tools-for-stm32.10.3-2021.10.win32_1.0.200.202301161003/tools/bin/../lib/gcc/arm-none-eabi/10.3.1/thumb/v7e-m+fp/hard/crtn.o
                0x0000000020020000                _estack = (ORIGIN (RAM) + LENGTH (RAM))
                0x0000000000000200                _Min_Heap_Size = 0x200
                0x0000000000000400                _Min_Stack_Size = 0x400

.isr_vector     0x0000000008000000      0x1c4
                0x0000000008000000                . = ALIGN (0x4)
 *(.isr_vector)
 .isr_vector    0x0000000008000000      0x1c4 ./Core/Startup/startup_stm32f446retx.o
                0x0000000008000000                g_pfnVectors
                0x00000000080001c4                . = ALIGN (0x4)

.text           0x00000000080001d0     0xb924
                0x00000000080001d0                . = ALIGN (0x4)
 *(.text)
 .text          0x00000000080001d0       0x40 c:/st/stm32cubeide_1.12.0/stm32cubeide/plugins/com.st.stm32cube.ide.mcu.externaltools.gnu-tools-for-stm32.10.3-2021.10.win32_1.0.200.202301161003/tools/bin/../lib/gcc/arm-none-eabi/10.3.1/thumb/v7e-m+fp/hard/crtbegin.o
 .text          0x0000000008000210       0xa0 c:/st/stm32cubeide_1.12.0/stm32cubeide/plugins/com.st.stm32cube.ide.mcu.externaltools.gnu-tools-for-stm32.10.3-2021.10.win32_1.0.200.202301161003/tools/bin/../lib/gcc/arm-none-eabi/10.3.1/../../../../arm-none-eabi/lib/thumb/v7e-m+fp/hard\libc_nano.a(lib_a-memchr.o)
                0x0000000008000210                memchr
 .text          0x00000000080002b0      0x378 c:/st/stm32cubeide_1.12.0/stm32cubeide/plugins/com.st.stm32cube.ide.mcu.externaltools.gnu-tools-for-stm32.10.3-2021.10.win32_1.0.200.202301161003/tools/bin/../lib/gcc/arm-none-eabi/10.3.1/thumb/v7e-m+fp/hard\libgcc.a(_arm_addsubdf3.o)
                0x00000000080002b0                __aeabi_drsub
                0x00000000080002b8                __aeabi_dsub
                0x00000000080002b8                __subdf3
                0x00000000080002bc                __aeabi_dadd
                0x00000000080002bc                __adddf3
                0x0000000008000534                __floatunsidf
                0x0000000008000534                __aeabi_ui2d
                0x0000000008000554                __floatsidf
                0x0000000008000554                __aeabi_i2d
                0x0000000008000578                __aeabi_f2d
                0x0000000008000578                __extendsfdf2
                0x00000000080005bc                __floatundidf
                0x00000000080005bc                __aeabi_ul2d
                0x00000000080005cc                __floatdidf
                0x00000000080005cc                __aeabi_l2d
 .text          0x0000000008000628      0x424 c:/st/stm32cubeide_1.12.0/stm32cubeide/plugins/com.st.stm32cube.ide.mcu.externaltools.gnu-tools-for-stm32.10.3-2021.10.win32_1.0.200.202301161003/tools/bin/../lib/gcc/arm-none-eabi/10.3.1/thumb/v7e-m+fp/hard\libgcc.a(_arm_muldivdf3.o)
                0x0000000008000628                __aeabi_dmul
                0x0000000008000628                __muldf3
                0x000000000800087c                __divdf3
                0x000000000800087c                __aeabi_ddiv
 .text          0x0000000008000a4c      0x110 c:/st/stm32cubeide_1.12.0/stm32cubeide/plugins/com.st.stm32cube.ide.mcu.externaltools.gnu-tools-for-stm32.10.3-2021.10.win32_1.0.200.202301161003/tools/bin/../lib/gcc/arm-none-eabi/10.3.1/thumb/v7e-m+fp/hard\libgcc.a(_arm_cmpdf2.o)
                0x0000000008000a4c                __gtdf2
                0x0000000008000a4c                __gedf2
                0x0000000008000a54                __ltdf2
                0x0000000008000a54                __ledf2
                0x0000000008000a5c                __nedf2
                0x0000000008000a5c                __eqdf2
                0x0000000008000a5c                __cmpdf2
                0x0000000008000ad8                __aeabi_cdrcmple
                0x0000000008000ae8                __aeabi_cdcmpeq
                0x0000000008000ae8                __aeabi_cdcmple
                0x0000000008000af8                __aeabi_dcmpeq
                0x0000000008000b0c                __aeabi_dcmplt
                0x0000000008000b20                __aeabi_dcmple
                0x0000000008000b34                __aeabi_dcmpge
                0x0000000008000b48                __aeabi_dcmpgt
 .text          0x0000000008000b5c       0x2c c:/st/stm32cubeide_1.12.0/stm32cubeide/plugins/com.st.stm32cube.ide.mcu.externaltools.gnu-tools-for-stm32.10.3-2021.10.win32_1.0.200.202301161003/tools/bin/../lib/gcc/arm-none-eabi/10.3.1/thumb/v7e-m+fp/hard\libgcc.a(_arm_unorddf2.o)
                0x0000000008000b5c                __unorddf2
                0x0000000008000b5c                __aeabi_dcmpun
 .text          0x0000000008000b88       0xa0 c:/st/stm32cubeide_1.12.0/stm32cubeide/plugins/com.st.stm32cube.ide.mcu.externaltools.gnu-tools-for-stm32.10.3-2021.10.win32_1.0.200.202301161003/tools/bin/../lib/gcc/arm-none-eabi/10.3.1/thumb/v7e-m+fp/hard\libgcc.a(_arm_truncdfsf2.o)
                0x0000000008000b88                __truncdfsf2
                0x0000000008000b88                __aeabi_d2f
 .text          0x0000000008000c28       0x30 c:/st/stm32cubeide_1.12.0/stm32cubeide/plugins/com.st.stm32cube.ide.mcu.externaltools.gnu-tools-for-stm32.10.3-2021.10.win32_1.0.200.202301161003/tools/bin/../lib/gcc/arm-none-eabi/10.3.1/thumb/v7e-m+fp/hard\libgcc.a(_aeabi_uldivmod.o)
                0x0000000008000c28                __aeabi_uldivmod
 .text          0x0000000008000c58      0x2d0 c:/st/stm32cubeide_1.12.0/stm32cubeide/plugins/com.st.stm32cube.ide.mcu.externaltools.gnu-tools-for-stm32.10.3-2021.10.win32_1.0.200.202301161003/tools/bin/../lib/gcc/arm-none-eabi/10.3.1/thumb/v7e-m+fp/hard\libgcc.a(_udivmoddi4.o)
                0x0000000008000c58                __udivmoddi4
 .text          0x0000000008000f28        0x4 c:/st/stm32cubeide_1.12.0/stm32cubeide/plugins/com.st.stm32cube.ide.mcu.externaltools.gnu-tools-for-stm32.10.3-2021.10.win32_1.0.200.202301161003/tools/bin/../lib/gcc/arm-none-eabi/10.3.1/thumb/v7e-m+fp/hard\libgcc.a(_dvmd_tls.o)
                0x0000000008000f28                __aeabi_idiv0
                0x0000000008000f28                __aeabi_ldiv0
 *(.text*)
 .text.config_barometer
                0x0000000008000f2c       0x2c ./Core/Src/aku_infra_barometer.o
                0x0000000008000f2c                config_barometer
 .text.read_barometer_data
                0x0000000008000f58       0x1e ./Core/Src/aku_infra_barometer.o
                0x0000000008000f58                read_barometer_data
 *fill*         0x0000000008000f76        0x2 
 .text.get_base_pressure
                0x0000000008000f78       0x74 ./Core/Src/aku_infra_barometer.o
                0x0000000008000f78                get_base_pressure
 .text.empty_barometer_registers
                0x0000000008000fec       0x40 ./Core/Src/aku_infra_barometer.o
                0x0000000008000fec                empty_barometer_registers
 .text.init_Barometer
                0x000000000800102c       0x14 ./Core/Src/aku_infra_barometer.o
                0x000000000800102c                init_Barometer
 .text.calculateAltitude
                0x0000000008001040       0xb0 ./Core/Src/aku_infra_barometer.o
                0x0000000008001040                calculateAltitude
 .text.read_Barometer
                0x00000000080010f0       0x8c ./Core/Src/aku_infra_barometer.o
                0x00000000080010f0                read_Barometer
 .text.bno055_assignI2C
                0x000000000800117c       0x20 ./Core/Src/aku_infra_imu.o
                0x000000000800117c                bno055_assignI2C
 .text.bno055_delay
                0x000000000800119c       0x18 ./Core/Src/aku_infra_imu.o
                0x000000000800119c                bno055_delay
 .text.bno055_writeData
                0x00000000080011b4      0x1d8 ./Core/Src/aku_infra_imu.o
                0x00000000080011b4                bno055_writeData
 .text.bno055_readData
                0x000000000800138c       0x44 ./Core/Src/aku_infra_imu.o
                0x000000000800138c                bno055_readData
 .text.config_IMU
                0x00000000080013d0       0x2c ./Core/Src/aku_infra_imu.o
                0x00000000080013d0                config_IMU
 .text.read_imu_data
                0x00000000080013fc      0x222 ./Core/Src/aku_infra_imu.o
                0x00000000080013fc                read_imu_data
 *fill*         0x000000000800161e        0x2 
 .text.init_IMU
                0x0000000008001620       0x28 ./Core/Src/aku_infra_imu.o
                0x0000000008001620                init_IMU
 .text.read_IMU
                0x0000000008001648      0x1e0 ./Core/Src/aku_infra_imu.o
                0x0000000008001648                read_IMU
 .text.get_offset_data
                0x0000000008001828      0x280 ./Core/Src/aku_infra_imu.o
                0x0000000008001828                get_offset_data
 .text.timer_init
                0x0000000008001aa8       0x14 ./Core/Src/aku_infrastructure.o
                0x0000000008001aa8                timer_init
 .text.aku_delay
                0x0000000008001abc       0x16 ./Core/Src/aku_infrastructure.o
                0x0000000008001abc                aku_delay
 .text.aku_chronometer
                0x0000000008001ad2       0x2e ./Core/Src/aku_infrastructure.o
                0x0000000008001ad2                aku_chronometer
 .text.bno055_setPage
                0x0000000008001b00       0x1c ./Core/Src/bno055.o
                0x0000000008001b00                bno055_setPage
 .text.bno055_setOperationMode
                0x0000000008001b1c       0x30 ./Core/Src/bno055.o
                0x0000000008001b1c                bno055_setOperationMode
 .text.bno055_setOperationModeNDOF
                0x0000000008001b4c        0xe ./Core/Src/bno055.o
                0x0000000008001b4c                bno055_setOperationModeNDOF
 .text.bno055_reset
                0x0000000008001b5a       0x18 ./Core/Src/bno055.o
                0x0000000008001b5a                bno055_reset
 *fill*         0x0000000008001b72        0x2 
 .text.bno055_getVector
                0x0000000008001b74      0x288 ./Core/Src/bno055.o
                0x0000000008001b74                bno055_getVector
 .text.bno055_getVectorAccelerometer
                0x0000000008001dfc       0x86 ./Core/Src/bno055.o
                0x0000000008001dfc                bno055_getVectorAccelerometer
 .text.bno055_getVectorMagnetometer
                0x0000000008001e82       0x86 ./Core/Src/bno055.o
                0x0000000008001e82                bno055_getVectorMagnetometer
 .text.bno055_getVectorGyroscope
                0x0000000008001f08       0x86 ./Core/Src/bno055.o
                0x0000000008001f08                bno055_getVectorGyroscope
 .text.bno055_getVectorEuler
                0x0000000008001f8e       0x86 ./Core/Src/bno055.o
                0x0000000008001f8e                bno055_getVectorEuler
 .text.bno055_getVectorLinearAccel
                0x0000000008002014       0x86 ./Core/Src/bno055.o
                0x0000000008002014                bno055_getVectorLinearAccel
 .text.vApplicationStackOverflowHook
                0x000000000800209a       0x16 ./Core/Src/freertos.o
                0x000000000800209a                vApplicationStackOverflowHook
 .text.vApplicationGetIdleTaskMemory
                0x00000000080020b0       0x34 ./Core/Src/freertos.o
                0x00000000080020b0                vApplicationGetIdleTaskMemory
 .text.MX_FREERTOS_Init
                0x00000000080020e4      0x14c ./Core/Src/freertos.o
                0x00000000080020e4                MX_FREERTOS_Init
 .text.Read_Sensor_Data_Task
                0x0000000008002230       0x38 ./Core/Src/freertos.o
                0x0000000008002230                Read_Sensor_Data_Task
 .text.Flight_States_Task
                0x0000000008002268       0x10 ./Core/Src/freertos.o
                0x0000000008002268                Flight_States_Task
 .text.Servo_Control_Task
                0x0000000008002278       0x28 ./Core/Src/freertos.o
                0x0000000008002278                Servo_Control_Task
 .text.DC_Motor_Control_Task
                0x00000000080022a0       0x10 ./Core/Src/freertos.o
                0x00000000080022a0                DC_Motor_Control_Task
 .text.Uart_to_LTC_Task
                0x00000000080022b0       0x10 ./Core/Src/freertos.o
                0x00000000080022b0                Uart_to_LTC_Task
 .text.Write_to_SD_Start
                0x00000000080022c0       0x10 ./Core/Src/freertos.o
                0x00000000080022c0                Write_to_SD_Start
 .text.System_Check_Start
                0x00000000080022d0       0x10 ./Core/Src/freertos.o
                0x00000000080022d0                System_Check_Start
 .text.MX_GPIO_Init
                0x00000000080022e0      0x164 ./Core/Src/gpio.o
                0x00000000080022e0                MX_GPIO_Init
 .text.MX_I2C1_Init
                0x0000000008002444       0x5c ./Core/Src/i2c.o
                0x0000000008002444                MX_I2C1_Init
 .text.MX_I2C2_Init
                0x00000000080024a0       0x5c ./Core/Src/i2c.o
                0x00000000080024a0                MX_I2C2_Init
 .text.HAL_I2C_MspInit
                0x00000000080024fc      0x13c ./Core/Src/i2c.o
                0x00000000080024fc                HAL_I2C_MspInit
 .text.main     0x0000000008002638       0x3a ./Core/Src/main.o
                0x0000000008002638                main
 *fill*         0x0000000008002672        0x2 
 .text.SystemClock_Config
                0x0000000008002674       0xe4 ./Core/Src/main.o
                0x0000000008002674                SystemClock_Config
 .text.HAL_TIM_PeriodElapsedCallback
                0x0000000008002758       0x24 ./Core/Src/main.o
                0x0000000008002758                HAL_TIM_PeriodElapsedCallback
 .text.Error_Handler
                0x000000000800277c        0xa ./Core/Src/main.o
                0x000000000800277c                Error_Handler
 *fill*         0x0000000008002786        0x2 
 .text.MX_SPI1_Init
                0x0000000008002788       0x6c ./Core/Src/spi.o
                0x0000000008002788                MX_SPI1_Init
 .text.HAL_SPI_MspInit
                0x00000000080027f4       0x90 ./Core/Src/spi.o
                0x00000000080027f4                HAL_SPI_MspInit
 .text.HAL_MspInit
                0x0000000008002884       0x58 ./Core/Src/stm32f4xx_hal_msp.o
                0x0000000008002884                HAL_MspInit
 .text.HAL_InitTick
                0x00000000080028dc       0xe8 ./Core/Src/stm32f4xx_hal_timebase_tim.o
                0x00000000080028dc                HAL_InitTick
 .text.NMI_Handler
                0x00000000080029c4        0x6 ./Core/Src/stm32f4xx_it.o
                0x00000000080029c4                NMI_Handler
 .text.HardFault_Handler
                0x00000000080029ca        0x6 ./Core/Src/stm32f4xx_it.o
                0x00000000080029ca                HardFault_Handler
 .text.MemManage_Handler
                0x00000000080029d0        0x6 ./Core/Src/stm32f4xx_it.o
                0x00000000080029d0                MemManage_Handler
 .text.BusFault_Handler
                0x00000000080029d6        0x6 ./Core/Src/stm32f4xx_it.o
                0x00000000080029d6                BusFault_Handler
 .text.UsageFault_Handler
                0x00000000080029dc        0x6 ./Core/Src/stm32f4xx_it.o
                0x00000000080029dc                UsageFault_Handler
 .text.DebugMon_Handler
                0x00000000080029e2        0xe ./Core/Src/stm32f4xx_it.o
                0x00000000080029e2                DebugMon_Handler
 .text.TIM1_UP_TIM10_IRQHandler
                0x00000000080029f0       0x14 ./Core/Src/stm32f4xx_it.o
                0x00000000080029f0                TIM1_UP_TIM10_IRQHandler
 .text.USART2_IRQHandler
                0x0000000008002a04       0x14 ./Core/Src/stm32f4xx_it.o
                0x0000000008002a04                USART2_IRQHandler
 .text._read    0x0000000008002a18       0x3a ./Core/Src/syscalls.o
                0x0000000008002a18                _read
 .text._write   0x0000000008002a52       0x38 ./Core/Src/syscalls.o
                0x0000000008002a52                _write
 .text._close   0x0000000008002a8a       0x18 ./Core/Src/syscalls.o
                0x0000000008002a8a                _close
 .text._fstat   0x0000000008002aa2       0x20 ./Core/Src/syscalls.o
                0x0000000008002aa2                _fstat
 .text._isatty  0x0000000008002ac2       0x16 ./Core/Src/syscalls.o
                0x0000000008002ac2                _isatty
 .text._lseek   0x0000000008002ad8       0x1a ./Core/Src/syscalls.o
                0x0000000008002ad8                _lseek
 *fill*         0x0000000008002af2        0x2 
 .text._sbrk    0x0000000008002af4       0x6c ./Core/Src/sysmem.o
                0x0000000008002af4                _sbrk
 .text.SystemInit
                0x0000000008002b60       0x24 ./Core/Src/system_stm32f4xx.o
                0x0000000008002b60                SystemInit
 .text.MX_TIM2_Init
                0x0000000008002b84      0x100 ./Core/Src/tim.o
                0x0000000008002b84                MX_TIM2_Init
 .text.MX_TIM3_Init
                0x0000000008002c84      0x130 ./Core/Src/tim.o
                0x0000000008002c84                MX_TIM3_Init
 .text.MX_TIM6_Init
                0x0000000008002db4       0x6c ./Core/Src/tim.o
                0x0000000008002db4                MX_TIM6_Init
 .text.HAL_TIM_Base_MspInit
                0x0000000008002e20       0x98 ./Core/Src/tim.o
                0x0000000008002e20                HAL_TIM_Base_MspInit
 .text.HAL_TIM_MspPostInit
                0x0000000008002eb8       0xfc ./Core/Src/tim.o
                0x0000000008002eb8                HAL_TIM_MspPostInit
 .text.MX_USART2_UART_Init
                0x0000000008002fb4       0x54 ./Core/Src/usart.o
                0x0000000008002fb4                MX_USART2_UART_Init
 .text.HAL_UART_MspInit
                0x0000000008003008       0xa0 ./Core/Src/usart.o
                0x0000000008003008                HAL_UART_MspInit
 .text.ms5611_config
                0x00000000080030a8       0x40 ./Core/Src/yrt_ms5611.o
                0x00000000080030a8                ms5611_config
 .text.ms5611_i2c_write_byte
                0x00000000080030e8       0x48 ./Core/Src/yrt_ms5611.o
                0x00000000080030e8                ms5611_i2c_write_byte
 .text.ms5611_i2c_read_word
                0x0000000008003130       0x54 ./Core/Src/yrt_ms5611.o
                0x0000000008003130                ms5611_i2c_read_word
 .text.ms5611_i2c_read_24bits
                0x0000000008003184       0x54 ./Core/Src/yrt_ms5611.o
                0x0000000008003184                ms5611_i2c_read_24bits
 .text.ms5611_init
                0x00000000080031d8       0x58 ./Core/Src/yrt_ms5611.o
                0x00000000080031d8                ms5611_init
 .text.ms5611_read_rawTemp
                0x0000000008003230       0x38 ./Core/Src/yrt_ms5611.o
                0x0000000008003230                ms5611_read_rawTemp
 .text.ms5611_read_rawPress
                0x0000000008003268       0x38 ./Core/Src/yrt_ms5611.o
                0x0000000008003268                ms5611_read_rawPress
 .text.ms5611_calculate
                0x00000000080032a0      0x534 ./Core/Src/yrt_ms5611.o
                0x00000000080032a0                ms5611_calculate
 .text.ms5611_getTemperatureAndPressure
                0x00000000080037d4       0x7c ./Core/Src/yrt_ms5611.o
                0x00000000080037d4                ms5611_getTemperatureAndPressure
 .text.ms5611_setOSR
                0x0000000008003850       0xa4 ./Core/Src/yrt_ms5611.o
                0x0000000008003850                ms5611_setOSR
 .text.Reset_Handler
                0x00000000080038f4       0x50 ./Core/Startup/startup_stm32f446retx.o
                0x00000000080038f4                Reset_Handler
 .text.Default_Handler
                0x0000000008003944        0x2 ./Core/Startup/startup_stm32f446retx.o
                0x0000000008003944                RTC_Alarm_IRQHandler
                0x0000000008003944                EXTI2_IRQHandler
                0x0000000008003944                TIM8_CC_IRQHandler
                0x0000000008003944                FMPI2C1_EV_IRQHandler
                0x0000000008003944                SPI4_IRQHandler
                0x0000000008003944                TIM1_CC_IRQHandler
                0x0000000008003944                DMA2_Stream5_IRQHandler
                0x0000000008003944                DMA1_Stream5_IRQHandler
                0x0000000008003944                PVD_IRQHandler
                0x0000000008003944                SDIO_IRQHandler
                0x0000000008003944                TAMP_STAMP_IRQHandler
                0x0000000008003944                CAN2_RX1_IRQHandler
                0x0000000008003944                EXTI3_IRQHandler
                0x0000000008003944                TIM8_TRG_COM_TIM14_IRQHandler
                0x0000000008003944                TIM8_UP_TIM13_IRQHandler
                0x0000000008003944                I2C3_ER_IRQHandler
                0x0000000008003944                EXTI0_IRQHandler
                0x0000000008003944                I2C2_EV_IRQHandler
                0x0000000008003944                DMA1_Stream2_IRQHandler
                0x0000000008003944                CAN1_RX0_IRQHandler
                0x0000000008003944                FPU_IRQHandler
                0x0000000008003944                OTG_HS_WKUP_IRQHandler
                0x0000000008003944                CAN2_SCE_IRQHandler
                0x0000000008003944                DMA2_Stream2_IRQHandler
                0x0000000008003944                SPI1_IRQHandler
                0x0000000008003944                TIM6_DAC_IRQHandler
                0x0000000008003944                TIM1_BRK_TIM9_IRQHandler
                0x0000000008003944                DCMI_IRQHandler
                0x0000000008003944                CAN2_RX0_IRQHandler
                0x0000000008003944                DMA2_Stream3_IRQHandler
                0x0000000008003944                SAI2_IRQHandler
                0x0000000008003944                USART6_IRQHandler
                0x0000000008003944                USART3_IRQHandler
                0x0000000008003944                CAN1_RX1_IRQHandler
                0x0000000008003944                UART5_IRQHandler
                0x0000000008003944                DMA2_Stream0_IRQHandler
                0x0000000008003944                TIM4_IRQHandler
                0x0000000008003944                QUADSPI_IRQHandler
                0x0000000008003944                I2C1_EV_IRQHandler
                0x0000000008003944                DMA1_Stream6_IRQHandler
                0x0000000008003944                DMA1_Stream1_IRQHandler
                0x0000000008003944                UART4_IRQHandler
                0x0000000008003944                TIM3_IRQHandler
                0x0000000008003944                RCC_IRQHandler
                0x0000000008003944                TIM8_BRK_TIM12_IRQHandler
                0x0000000008003944                Default_Handler
                0x0000000008003944                CEC_IRQHandler
                0x0000000008003944                EXTI15_10_IRQHandler
                0x0000000008003944                ADC_IRQHandler
                0x0000000008003944                DMA1_Stream7_IRQHandler
                0x0000000008003944                TIM7_IRQHandler
                0x0000000008003944                CAN2_TX_IRQHandler
                0x0000000008003944                TIM5_IRQHandler
                0x0000000008003944                DMA2_Stream7_IRQHandler
                0x0000000008003944                I2C3_EV_IRQHandler
                0x0000000008003944                EXTI9_5_IRQHandler
                0x0000000008003944                RTC_WKUP_IRQHandler
                0x0000000008003944                SPDIF_RX_IRQHandler
                0x0000000008003944                SPI2_IRQHandler
                0x0000000008003944                OTG_HS_EP1_IN_IRQHandler
                0x0000000008003944                DMA1_Stream0_IRQHandler
                0x0000000008003944                CAN1_TX_IRQHandler
                0x0000000008003944                FMPI2C1_ER_IRQHandler
                0x0000000008003944                EXTI4_IRQHandler
                0x0000000008003944                OTG_HS_EP1_OUT_IRQHandler
                0x0000000008003944                WWDG_IRQHandler
                0x0000000008003944                TIM2_IRQHandler
                0x0000000008003944                OTG_FS_WKUP_IRQHandler
                0x0000000008003944                TIM1_TRG_COM_TIM11_IRQHandler
                0x0000000008003944                OTG_HS_IRQHandler
                0x0000000008003944                EXTI1_IRQHandler
                0x0000000008003944                I2C2_ER_IRQHandler
                0x0000000008003944                DMA2_Stream1_IRQHandler
                0x0000000008003944                CAN1_SCE_IRQHandler
                0x0000000008003944                FLASH_IRQHandler
                0x0000000008003944                DMA2_Stream4_IRQHandler
                0x0000000008003944                USART1_IRQHandler
                0x0000000008003944                OTG_FS_IRQHandler
                0x0000000008003944                SPI3_IRQHandler
                0x0000000008003944                DMA1_Stream4_IRQHandler
                0x0000000008003944                I2C1_ER_IRQHandler
                0x0000000008003944                FMC_IRQHandler
                0x0000000008003944                DMA2_Stream6_IRQHandler
                0x0000000008003944                SAI1_IRQHandler
                0x0000000008003944                DMA1_Stream3_IRQHandler
 *fill*         0x0000000008003946        0x2 
 .text.HAL_Init
                0x0000000008003948       0x44 ./Drivers/STM32F4xx_HAL_Driver/Src/stm32f4xx_hal.o
                0x0000000008003948                HAL_Init
 .text.HAL_IncTick
                0x000000000800398c       0x28 ./Drivers/STM32F4xx_HAL_Driver/Src/stm32f4xx_hal.o
                0x000000000800398c                HAL_IncTick
 .text.HAL_GetTick
                0x00000000080039b4       0x18 ./Drivers/STM32F4xx_HAL_Driver/Src/stm32f4xx_hal.o
                0x00000000080039b4                HAL_GetTick
 .text.HAL_Delay
                0x00000000080039cc       0x48 ./Drivers/STM32F4xx_HAL_Driver/Src/stm32f4xx_hal.o
                0x00000000080039cc                HAL_Delay
 .text.__NVIC_SetPriorityGrouping
                0x0000000008003a14       0x48 ./Drivers/STM32F4xx_HAL_Driver/Src/stm32f4xx_hal_cortex.o
 .text.__NVIC_GetPriorityGrouping
                0x0000000008003a5c       0x1c ./Drivers/STM32F4xx_HAL_Driver/Src/stm32f4xx_hal_cortex.o
 .text.__NVIC_EnableIRQ
                0x0000000008003a78       0x3c ./Drivers/STM32F4xx_HAL_Driver/Src/stm32f4xx_hal_cortex.o
 .text.__NVIC_SetPriority
                0x0000000008003ab4       0x54 ./Drivers/STM32F4xx_HAL_Driver/Src/stm32f4xx_hal_cortex.o
 .text.NVIC_EncodePriority
                0x0000000008003b08       0x66 ./Drivers/STM32F4xx_HAL_Driver/Src/stm32f4xx_hal_cortex.o
 .text.HAL_NVIC_SetPriorityGrouping
                0x0000000008003b6e       0x16 ./Drivers/STM32F4xx_HAL_Driver/Src/stm32f4xx_hal_cortex.o
                0x0000000008003b6e                HAL_NVIC_SetPriorityGrouping
 .text.HAL_NVIC_SetPriority
                0x0000000008003b84       0x38 ./Drivers/STM32F4xx_HAL_Driver/Src/stm32f4xx_hal_cortex.o
                0x0000000008003b84                HAL_NVIC_SetPriority
 .text.HAL_NVIC_EnableIRQ
                0x0000000008003bbc       0x1c ./Drivers/STM32F4xx_HAL_Driver/Src/stm32f4xx_hal_cortex.o
                0x0000000008003bbc                HAL_NVIC_EnableIRQ
 .text.HAL_DMA_Abort
                0x0000000008003bd8       0xe0 ./Drivers/STM32F4xx_HAL_Driver/Src/stm32f4xx_hal_dma.o
                0x0000000008003bd8                HAL_DMA_Abort
 .text.HAL_DMA_Abort_IT
                0x0000000008003cb8       0x44 ./Drivers/STM32F4xx_HAL_Driver/Src/stm32f4xx_hal_dma.o
                0x0000000008003cb8                HAL_DMA_Abort_IT
 .text.HAL_GPIO_Init
                0x0000000008003cfc      0x328 ./Drivers/STM32F4xx_HAL_Driver/Src/stm32f4xx_hal_gpio.o
                0x0000000008003cfc                HAL_GPIO_Init
 .text.HAL_GPIO_WritePin
                0x0000000008004024       0x32 ./Drivers/STM32F4xx_HAL_Driver/Src/stm32f4xx_hal_gpio.o
                0x0000000008004024                HAL_GPIO_WritePin
 *fill*         0x0000000008004056        0x2 
 .text.HAL_I2C_Init
                0x0000000008004058      0x288 ./Drivers/STM32F4xx_HAL_Driver/Src/stm32f4xx_hal_i2c.o
                0x0000000008004058                HAL_I2C_Init
 .text.HAL_I2C_Master_Transmit
                0x00000000080042e0      0x1fc ./Drivers/STM32F4xx_HAL_Driver/Src/stm32f4xx_hal_i2c.o
                0x00000000080042e0                HAL_I2C_Master_Transmit
 .text.HAL_I2C_Master_Receive
                0x00000000080044dc      0x44c ./Drivers/STM32F4xx_HAL_Driver/Src/stm32f4xx_hal_i2c.o
                0x00000000080044dc                HAL_I2C_Master_Receive
 .text.HAL_I2C_Mem_Write
                0x0000000008004928      0x1f4 ./Drivers/STM32F4xx_HAL_Driver/Src/stm32f4xx_hal_i2c.o
                0x0000000008004928                HAL_I2C_Mem_Write
 .text.HAL_I2C_Mem_Read
                0x0000000008004b1c      0x44c ./Drivers/STM32F4xx_HAL_Driver/Src/stm32f4xx_hal_i2c.o
                0x0000000008004b1c                HAL_I2C_Mem_Read
 .text.HAL_I2C_GetState
                0x0000000008004f68       0x1c ./Drivers/STM32F4xx_HAL_Driver/Src/stm32f4xx_hal_i2c.o
                0x0000000008004f68                HAL_I2C_GetState
 .text.HAL_I2C_GetError
                0x0000000008004f84       0x18 ./Drivers/STM32F4xx_HAL_Driver/Src/stm32f4xx_hal_i2c.o
                0x0000000008004f84                HAL_I2C_GetError
 .text.I2C_MasterRequestWrite
                0x0000000008004f9c      0x104 ./Drivers/STM32F4xx_HAL_Driver/Src/stm32f4xx_hal_i2c.o
 .text.I2C_MasterRequestRead
                0x00000000080050a0      0x19c ./Drivers/STM32F4xx_HAL_Driver/Src/stm32f4xx_hal_i2c.o
 .text.I2C_RequestMemoryWrite
                0x000000000800523c      0x12c ./Drivers/STM32F4xx_HAL_Driver/Src/stm32f4xx_hal_i2c.o
 .text.I2C_RequestMemoryRead
                0x0000000008005368      0x1d0 ./Drivers/STM32F4xx_HAL_Driver/Src/stm32f4xx_hal_i2c.o
 .text.I2C_WaitOnFlagUntilTimeout
                0x0000000008005538       0xae ./Drivers/STM32F4xx_HAL_Driver/Src/stm32f4xx_hal_i2c.o
 .text.I2C_WaitOnMasterAddressFlagUntilTimeout
                0x00000000080055e6       0xfe ./Drivers/STM32F4xx_HAL_Driver/Src/stm32f4xx_hal_i2c.o
 .text.I2C_WaitOnTXEFlagUntilTimeout
                0x00000000080056e4       0x82 ./Drivers/STM32F4xx_HAL_Driver/Src/stm32f4xx_hal_i2c.o
 .text.I2C_WaitOnBTFFlagUntilTimeout
                0x0000000008005766       0x82 ./Drivers/STM32F4xx_HAL_Driver/Src/stm32f4xx_hal_i2c.o
 .text.I2C_WaitOnRXNEFlagUntilTimeout
                0x00000000080057e8       0xac ./Drivers/STM32F4xx_HAL_Driver/Src/stm32f4xx_hal_i2c.o
 .text.I2C_IsAcknowledgeFailed
                0x0000000008005894       0x5e ./Drivers/STM32F4xx_HAL_Driver/Src/stm32f4xx_hal_i2c.o
 *fill*         0x00000000080058f2        0x2 
 .text.HAL_PWREx_EnableOverDrive
                0x00000000080058f4       0xa0 ./Drivers/STM32F4xx_HAL_Driver/Src/stm32f4xx_hal_pwr_ex.o
                0x00000000080058f4                HAL_PWREx_EnableOverDrive
 .text.HAL_RCC_ClockConfig
                0x0000000008005994      0x1cc ./Drivers/STM32F4xx_HAL_Driver/Src/stm32f4xx_hal_rcc.o
                0x0000000008005994                HAL_RCC_ClockConfig
 .text.HAL_RCC_GetHCLKFreq
                0x0000000008005b60       0x18 ./Drivers/STM32F4xx_HAL_Driver/Src/stm32f4xx_hal_rcc.o
                0x0000000008005b60                HAL_RCC_GetHCLKFreq
 .text.HAL_RCC_GetPCLK1Freq
                0x0000000008005b78       0x28 ./Drivers/STM32F4xx_HAL_Driver/Src/stm32f4xx_hal_rcc.o
                0x0000000008005b78                HAL_RCC_GetPCLK1Freq
 .text.HAL_RCC_GetPCLK2Freq
                0x0000000008005ba0       0x28 ./Drivers/STM32F4xx_HAL_Driver/Src/stm32f4xx_hal_rcc.o
                0x0000000008005ba0                HAL_RCC_GetPCLK2Freq
 .text.HAL_RCC_GetClockConfig
                0x0000000008005bc8       0x64 ./Drivers/STM32F4xx_HAL_Driver/Src/stm32f4xx_hal_rcc.o
                0x0000000008005bc8                HAL_RCC_GetClockConfig
 .text.HAL_RCC_GetSysClockFreq
                0x0000000008005c2c      0x460 ./Drivers/STM32F4xx_HAL_Driver/Src/stm32f4xx_hal_rcc_ex.o
                0x0000000008005c2c                HAL_RCC_GetSysClockFreq
 .text.HAL_RCC_OscConfig
                0x000000000800608c      0x53c ./Drivers/STM32F4xx_HAL_Driver/Src/stm32f4xx_hal_rcc_ex.o
                0x000000000800608c                HAL_RCC_OscConfig
 .text.HAL_SPI_Init
                0x00000000080065c8      0x112 ./Drivers/STM32F4xx_HAL_Driver/Src/stm32f4xx_hal_spi.o
                0x00000000080065c8                HAL_SPI_Init
 .text.HAL_TIM_Base_Init
                0x00000000080066da       0x9e ./Drivers/STM32F4xx_HAL_Driver/Src/stm32f4xx_hal_tim.o
                0x00000000080066da                HAL_TIM_Base_Init
 .text.HAL_TIM_Base_Start
                0x0000000008006778       0xd0 ./Drivers/STM32F4xx_HAL_Driver/Src/stm32f4xx_hal_tim.o
                0x0000000008006778                HAL_TIM_Base_Start
 .text.HAL_TIM_Base_Start_IT
                0x0000000008006848       0xe0 ./Drivers/STM32F4xx_HAL_Driver/Src/stm32f4xx_hal_tim.o
                0x0000000008006848                HAL_TIM_Base_Start_IT
 .text.HAL_TIM_PWM_Init
                0x0000000008006928       0x9e ./Drivers/STM32F4xx_HAL_Driver/Src/stm32f4xx_hal_tim.o
                0x0000000008006928                HAL_TIM_PWM_Init
 .text.HAL_TIM_PWM_MspInit
                0x00000000080069c6       0x14 ./Drivers/STM32F4xx_HAL_Driver/Src/stm32f4xx_hal_tim.o
                0x00000000080069c6                HAL_TIM_PWM_MspInit
 .text.HAL_TIM_IRQHandler
                0x00000000080069da      0x210 ./Drivers/STM32F4xx_HAL_Driver/Src/stm32f4xx_hal_tim.o
                0x00000000080069da                HAL_TIM_IRQHandler
 *fill*         0x0000000008006bea        0x2 
 .text.HAL_TIM_PWM_ConfigChannel
                0x0000000008006bec      0x184 ./Drivers/STM32F4xx_HAL_Driver/Src/stm32f4xx_hal_tim.o
                0x0000000008006bec                HAL_TIM_PWM_ConfigChannel
 .text.HAL_TIM_ConfigClockSource
                0x0000000008006d70      0x18e ./Drivers/STM32F4xx_HAL_Driver/Src/stm32f4xx_hal_tim.o
                0x0000000008006d70                HAL_TIM_ConfigClockSource
 .text.HAL_TIM_OC_DelayElapsedCallback
                0x0000000008006efe       0x14 ./Drivers/STM32F4xx_HAL_Driver/Src/stm32f4xx_hal_tim.o
                0x0000000008006efe                HAL_TIM_OC_DelayElapsedCallback
 .text.HAL_TIM_IC_CaptureCallback
                0x0000000008006f12       0x14 ./Drivers/STM32F4xx_HAL_Driver/Src/stm32f4xx_hal_tim.o
                0x0000000008006f12                HAL_TIM_IC_CaptureCallback
 .text.HAL_TIM_PWM_PulseFinishedCallback
                0x0000000008006f26       0x14 ./Drivers/STM32F4xx_HAL_Driver/Src/stm32f4xx_hal_tim.o
                0x0000000008006f26                HAL_TIM_PWM_PulseFinishedCallback
 .text.HAL_TIM_TriggerCallback
                0x0000000008006f3a       0x14 ./Drivers/STM32F4xx_HAL_Driver/Src/stm32f4xx_hal_tim.o
                0x0000000008006f3a                HAL_TIM_TriggerCallback
 *fill*         0x0000000008006f4e        0x2 
 .text.TIM_Base_SetConfig
                0x0000000008006f50      0x140 ./Drivers/STM32F4xx_HAL_Driver/Src/stm32f4xx_hal_tim.o
                0x0000000008006f50                TIM_Base_SetConfig
 .text.TIM_OC1_SetConfig
                0x0000000008007090       0xe0 ./Drivers/STM32F4xx_HAL_Driver/Src/stm32f4xx_hal_tim.o
 .text.TIM_OC2_SetConfig
                0x0000000008007170       0xec ./Drivers/STM32F4xx_HAL_Driver/Src/stm32f4xx_hal_tim.o
                0x0000000008007170                TIM_OC2_SetConfig
 .text.TIM_OC3_SetConfig
                0x000000000800725c       0xe8 ./Drivers/STM32F4xx_HAL_Driver/Src/stm32f4xx_hal_tim.o
 .text.TIM_OC4_SetConfig
                0x0000000008007344       0xac ./Drivers/STM32F4xx_HAL_Driver/Src/stm32f4xx_hal_tim.o
 .text.TIM_TI1_ConfigInputStage
                0x00000000080073f0       0x5e ./Drivers/STM32F4xx_HAL_Driver/Src/stm32f4xx_hal_tim.o
 .text.TIM_TI2_ConfigInputStage
                0x000000000800744e       0x60 ./Drivers/STM32F4xx_HAL_Driver/Src/stm32f4xx_hal_tim.o
 .text.TIM_ITRx_SetConfig
                0x00000000080074ae       0x36 ./Drivers/STM32F4xx_HAL_Driver/Src/stm32f4xx_hal_tim.o
 .text.TIM_ETR_SetConfig
                0x00000000080074e4       0x40 ./Drivers/STM32F4xx_HAL_Driver/Src/stm32f4xx_hal_tim.o
                0x00000000080074e4                TIM_ETR_SetConfig
 .text.HAL_TIMEx_MasterConfigSynchronization
                0x0000000008007524       0xf8 ./Drivers/STM32F4xx_HAL_Driver/Src/stm32f4xx_hal_tim_ex.o
                0x0000000008007524                HAL_TIMEx_MasterConfigSynchronization
 .text.HAL_TIMEx_CommutCallback
                0x000000000800761c       0x14 ./Drivers/STM32F4xx_HAL_Driver/Src/stm32f4xx_hal_tim_ex.o
                0x000000000800761c                HAL_TIMEx_CommutCallback
 .text.HAL_TIMEx_BreakCallback
                0x0000000008007630       0x14 ./Drivers/STM32F4xx_HAL_Driver/Src/stm32f4xx_hal_tim_ex.o
                0x0000000008007630                HAL_TIMEx_BreakCallback
 .text.HAL_UART_Init
                0x0000000008007644       0x9a ./Drivers/STM32F4xx_HAL_Driver/Src/stm32f4xx_hal_uart.o
                0x0000000008007644                HAL_UART_Init
 *fill*         0x00000000080076de        0x2 
 .text.HAL_UART_IRQHandler
                0x00000000080076e0      0x51c ./Drivers/STM32F4xx_HAL_Driver/Src/stm32f4xx_hal_uart.o
                0x00000000080076e0                HAL_UART_IRQHandler
 .text.HAL_UART_TxCpltCallback
                0x0000000008007bfc       0x14 ./Drivers/STM32F4xx_HAL_Driver/Src/stm32f4xx_hal_uart.o
                0x0000000008007bfc                HAL_UART_TxCpltCallback
 .text.HAL_UART_RxCpltCallback
                0x0000000008007c10       0x14 ./Drivers/STM32F4xx_HAL_Driver/Src/stm32f4xx_hal_uart.o
                0x0000000008007c10                HAL_UART_RxCpltCallback
 .text.HAL_UART_ErrorCallback
                0x0000000008007c24       0x14 ./Drivers/STM32F4xx_HAL_Driver/Src/stm32f4xx_hal_uart.o
                0x0000000008007c24                HAL_UART_ErrorCallback
 .text.HAL_UARTEx_RxEventCallback
                0x0000000008007c38       0x18 ./Drivers/STM32F4xx_HAL_Driver/Src/stm32f4xx_hal_uart.o
                0x0000000008007c38                HAL_UARTEx_RxEventCallback
 .text.UART_EndRxTransfer
                0x0000000008007c50       0xc6 ./Drivers/STM32F4xx_HAL_Driver/Src/stm32f4xx_hal_uart.o
 .text.UART_DMAAbortOnError
                0x0000000008007d16       0x28 ./Drivers/STM32F4xx_HAL_Driver/Src/stm32f4xx_hal_uart.o
 .text.UART_Transmit_IT
                0x0000000008007d3e       0xa0 ./Drivers/STM32F4xx_HAL_Driver/Src/stm32f4xx_hal_uart.o
 .text.UART_EndTransmit_IT
                0x0000000008007dde       0x30 ./Drivers/STM32F4xx_HAL_Driver/Src/stm32f4xx_hal_uart.o
 .text.UART_Receive_IT
                0x0000000008007e0e      0x176 ./Drivers/STM32F4xx_HAL_Driver/Src/stm32f4xx_hal_uart.o
 .text.UART_SetConfig
                0x0000000008007f84      0x4e8 ./Drivers/STM32F4xx_HAL_Driver/Src/stm32f4xx_hal_uart.o
 .text.MX_FATFS_Init
                0x000000000800846c       0x24 ./FATFS/App/fatfs.o
                0x000000000800846c                MX_FATFS_Init
 .text.USER_initialize
                0x0000000008008490       0x28 ./FATFS/Target/user_diskio.o
                0x0000000008008490                USER_initialize
 .text.USER_status
                0x00000000080084b8       0x28 ./FATFS/Target/user_diskio.o
                0x00000000080084b8                USER_status
 .text.USER_read
                0x00000000080084e0       0x1e ./FATFS/Target/user_diskio.o
                0x00000000080084e0                USER_read
 .text.USER_write
                0x00000000080084fe       0x1e ./FATFS/Target/user_diskio.o
                0x00000000080084fe                USER_write
 .text.USER_ioctl
                0x000000000800851c       0x22 ./FATFS/Target/user_diskio.o
                0x000000000800851c                USER_ioctl
 *fill*         0x000000000800853e        0x2 
 .text.FATFS_LinkDriverEx
                0x0000000008008540       0x98 ./Middlewares/Third_Party/FatFs/src/ff_gen_drv.o
                0x0000000008008540                FATFS_LinkDriverEx
 .text.FATFS_LinkDriver
                0x00000000080085d8       0x1e ./Middlewares/Third_Party/FatFs/src/ff_gen_drv.o
                0x00000000080085d8                FATFS_LinkDriver
 .text.makeFreeRtosPriority
                0x00000000080085f6       0x30 ./Middlewares/Third_Party/FreeRTOS/Source/CMSIS_RTOS/cmsis_os.o
 .text.osKernelStart
                0x0000000008008626        0xe ./Middlewares/Third_Party/FreeRTOS/Source/CMSIS_RTOS/cmsis_os.o
                0x0000000008008626                osKernelStart
 .text.osThreadCreate
                0x0000000008008634       0x98 ./Middlewares/Third_Party/FreeRTOS/Source/CMSIS_RTOS/cmsis_os.o
                0x0000000008008634                osThreadCreate
 .text.osDelay  0x00000000080086cc       0x28 ./Middlewares/Third_Party/FreeRTOS/Source/CMSIS_RTOS/cmsis_os.o
                0x00000000080086cc                osDelay
 .text.vListInitialise
                0x00000000080086f4       0x40 ./Middlewares/Third_Party/FreeRTOS/Source/list.o
                0x00000000080086f4                vListInitialise
 .text.vListInitialiseItem
                0x0000000008008734       0x1a ./Middlewares/Third_Party/FreeRTOS/Source/list.o
                0x0000000008008734                vListInitialiseItem
 .text.vListInsertEnd
                0x000000000800874e       0x48 ./Middlewares/Third_Party/FreeRTOS/Source/list.o
                0x000000000800874e                vListInsertEnd
 .text.vListInsert
                0x0000000008008796       0x72 ./Middlewares/Third_Party/FreeRTOS/Source/list.o
                0x0000000008008796                vListInsert
 .text.uxListRemove
                0x0000000008008808       0x54 ./Middlewares/Third_Party/FreeRTOS/Source/list.o
                0x0000000008008808                uxListRemove
 .text.xTaskCreateStatic
                0x000000000800885c       0xba ./Middlewares/Third_Party/FreeRTOS/Source/tasks.o
                0x000000000800885c                xTaskCreateStatic
 .text.xTaskCreate
                0x0000000008008916       0x8a ./Middlewares/Third_Party/FreeRTOS/Source/tasks.o
                0x0000000008008916                xTaskCreate
 .text.prvInitialiseNewTask
                0x00000000080089a0      0x13c ./Middlewares/Third_Party/FreeRTOS/Source/tasks.o
 .text.prvAddNewTaskToReadyList
                0x0000000008008adc       0xd4 ./Middlewares/Third_Party/FreeRTOS/Source/tasks.o
 .text.vTaskDelay
                0x0000000008008bb0       0x68 ./Middlewares/Third_Party/FreeRTOS/Source/tasks.o
                0x0000000008008bb0                vTaskDelay
 .text.vTaskStartScheduler
                0x0000000008008c18       0xd4 ./Middlewares/Third_Party/FreeRTOS/Source/tasks.o
                0x0000000008008c18                vTaskStartScheduler
 .text.vTaskSuspendAll
                0x0000000008008cec       0x1c ./Middlewares/Third_Party/FreeRTOS/Source/tasks.o
                0x0000000008008cec                vTaskSuspendAll
 .text.xTaskResumeAll
                0x0000000008008d08      0x138 ./Middlewares/Third_Party/FreeRTOS/Source/tasks.o
                0x0000000008008d08                xTaskResumeAll
 .text.xTaskIncrementTick
                0x0000000008008e40      0x170 ./Middlewares/Third_Party/FreeRTOS/Source/tasks.o
                0x0000000008008e40                xTaskIncrementTick
 .text.vTaskSwitchContext
                0x0000000008008fb0       0xe4 ./Middlewares/Third_Party/FreeRTOS/Source/tasks.o
                0x0000000008008fb0                vTaskSwitchContext
 .text.prvIdleTask
                0x0000000008009094       0x30 ./Middlewares/Third_Party/FreeRTOS/Source/tasks.o
 .text.prvInitialiseTaskLists
                0x00000000080090c4       0x80 ./Middlewares/Third_Party/FreeRTOS/Source/tasks.o
 .text.prvCheckTasksWaitingTermination
                0x0000000008009144       0x5c ./Middlewares/Third_Party/FreeRTOS/Source/tasks.o
 .text.prvDeleteTCB
                0x00000000080091a0       0x68 ./Middlewares/Third_Party/FreeRTOS/Source/tasks.o
 .text.prvResetNextTaskUnblockTime
                0x0000000008009208       0x40 ./Middlewares/Third_Party/FreeRTOS/Source/tasks.o
 .text.prvAddCurrentTaskToDelayedList
                0x0000000008009248       0xcc ./Middlewares/Third_Party/FreeRTOS/Source/tasks.o
 .text.pxPortInitialiseStack
                0x0000000008009314       0x68 ./Middlewares/Third_Party/FreeRTOS/Source/portable/GCC/ARM_CM4F/port.o
                0x0000000008009314                pxPortInitialiseStack
 .text.prvTaskExitError
                0x000000000800937c       0x58 ./Middlewares/Third_Party/FreeRTOS/Source/portable/GCC/ARM_CM4F/port.o
 *fill*         0x00000000080093d4        0xc 
 .text.SVC_Handler
                0x00000000080093e0       0x28 ./Middlewares/Third_Party/FreeRTOS/Source/portable/GCC/ARM_CM4F/port.o
                0x00000000080093e0                SVC_Handler
 .text.prvPortStartFirstTask
                0x0000000008009408       0x28 ./Middlewares/Third_Party/FreeRTOS/Source/portable/GCC/ARM_CM4F/port.o
 .text.xPortStartScheduler
                0x0000000008009430      0x144 ./Middlewares/Third_Party/FreeRTOS/Source/portable/GCC/ARM_CM4F/port.o
                0x0000000008009430                xPortStartScheduler
 .text.vPortEnterCritical
                0x0000000008009574       0x60 ./Middlewares/Third_Party/FreeRTOS/Source/portable/GCC/ARM_CM4F/port.o
                0x0000000008009574                vPortEnterCritical
 .text.vPortExitCritical
                0x00000000080095d4       0x54 ./Middlewares/Third_Party/FreeRTOS/Source/portable/GCC/ARM_CM4F/port.o
                0x00000000080095d4                vPortExitCritical
 *fill*         0x0000000008009628        0x8 
 .text.PendSV_Handler
                0x0000000008009630       0x68 ./Middlewares/Third_Party/FreeRTOS/Source/portable/GCC/ARM_CM4F/port.o
                0x0000000008009630                PendSV_Handler
 .text.SysTick_Handler
                0x0000000008009698       0x44 ./Middlewares/Third_Party/FreeRTOS/Source/portable/GCC/ARM_CM4F/port.o
                0x0000000008009698                SysTick_Handler
 .text.vPortSetupTimerInterrupt
                0x00000000080096dc       0x48 ./Middlewares/Third_Party/FreeRTOS/Source/portable/GCC/ARM_CM4F/port.o
                0x00000000080096dc                vPortSetupTimerInterrupt
 .text.vPortEnableVFP
                0x0000000008009724       0x14 ./Middlewares/Third_Party/FreeRTOS/Source/portable/GCC/ARM_CM4F/port.o
 .text.pvPortMalloc
                0x0000000008009738      0x198 ./Middlewares/Third_Party/FreeRTOS/Source/portable/MemMang/heap_4.o
                0x0000000008009738                pvPortMalloc
 .text.vPortFree
                0x00000000080098d0       0xc4 ./Middlewares/Third_Party/FreeRTOS/Source/portable/MemMang/heap_4.o
                0x00000000080098d0                vPortFree
 .text.prvHeapInit
                0x0000000008009994       0xc4 ./Middlewares/Third_Party/FreeRTOS/Source/portable/MemMang/heap_4.o
 .text.prvInsertBlockIntoFreeList
                0x0000000008009a58       0xb4 ./Middlewares/Third_Party/FreeRTOS/Source/portable/MemMang/heap_4.o
 .text.__errno  0x0000000008009b0c        0xc c:/st/stm32cubeide_1.12.0/stm32cubeide/plugins/com.st.stm32cube.ide.mcu.externaltools.gnu-tools-for-stm32.10.3-2021.10.win32_1.0.200.202301161003/tools/bin/../lib/gcc/arm-none-eabi/10.3.1/../../../../arm-none-eabi/lib/thumb/v7e-m+fp/hard\libc_nano.a(lib_a-errno.o)
                0x0000000008009b0c                __errno
 .text.std      0x0000000008009b18       0x48 c:/st/stm32cubeide_1.12.0/stm32cubeide/plugins/com.st.stm32cube.ide.mcu.externaltools.gnu-tools-for-stm32.10.3-2021.10.win32_1.0.200.202301161003/tools/bin/../lib/gcc/arm-none-eabi/10.3.1/../../../../arm-none-eabi/lib/thumb/v7e-m+fp/hard\libc_nano.a(lib_a-findfp.o)
 .text._cleanup_r
                0x0000000008009b60        0xc c:/st/stm32cubeide_1.12.0/stm32cubeide/plugins/com.st.stm32cube.ide.mcu.externaltools.gnu-tools-for-stm32.10.3-2021.10.win32_1.0.200.202301161003/tools/bin/../lib/gcc/arm-none-eabi/10.3.1/../../../../arm-none-eabi/lib/thumb/v7e-m+fp/hard\libc_nano.a(lib_a-findfp.o)
                0x0000000008009b60                _cleanup_r
 .text.__sfmoreglue
                0x0000000008009b6c       0x2c c:/st/stm32cubeide_1.12.0/stm32cubeide/plugins/com.st.stm32cube.ide.mcu.externaltools.gnu-tools-for-stm32.10.3-2021.10.win32_1.0.200.202301161003/tools/bin/../lib/gcc/arm-none-eabi/10.3.1/../../../../arm-none-eabi/lib/thumb/v7e-m+fp/hard\libc_nano.a(lib_a-findfp.o)
                0x0000000008009b6c                __sfmoreglue
 .text.__sfp_lock_acquire
                0x0000000008009b98        0xc c:/st/stm32cubeide_1.12.0/stm32cubeide/plugins/com.st.stm32cube.ide.mcu.externaltools.gnu-tools-for-stm32.10.3-2021.10.win32_1.0.200.202301161003/tools/bin/../lib/gcc/arm-none-eabi/10.3.1/../../../../arm-none-eabi/lib/thumb/v7e-m+fp/hard\libc_nano.a(lib_a-findfp.o)
                0x0000000008009b98                __sfp_lock_acquire
 .text.__sfp_lock_release
                0x0000000008009ba4        0xc c:/st/stm32cubeide_1.12.0/stm32cubeide/plugins/com.st.stm32cube.ide.mcu.externaltools.gnu-tools-for-stm32.10.3-2021.10.win32_1.0.200.202301161003/tools/bin/../lib/gcc/arm-none-eabi/10.3.1/../../../../arm-none-eabi/lib/thumb/v7e-m+fp/hard\libc_nano.a(lib_a-findfp.o)
                0x0000000008009ba4                __sfp_lock_release
 .text.__sinit_lock_acquire
                0x0000000008009bb0        0xc c:/st/stm32cubeide_1.12.0/stm32cubeide/plugins/com.st.stm32cube.ide.mcu.externaltools.gnu-tools-for-stm32.10.3-2021.10.win32_1.0.200.202301161003/tools/bin/../lib/gcc/arm-none-eabi/10.3.1/../../../../arm-none-eabi/lib/thumb/v7e-m+fp/hard\libc_nano.a(lib_a-findfp.o)
                0x0000000008009bb0                __sinit_lock_acquire
 .text.__sinit_lock_release
                0x0000000008009bbc        0xc c:/st/stm32cubeide_1.12.0/stm32cubeide/plugins/com.st.stm32cube.ide.mcu.externaltools.gnu-tools-for-stm32.10.3-2021.10.win32_1.0.200.202301161003/tools/bin/../lib/gcc/arm-none-eabi/10.3.1/../../../../arm-none-eabi/lib/thumb/v7e-m+fp/hard\libc_nano.a(lib_a-findfp.o)
                0x0000000008009bbc                __sinit_lock_release
 .text.__sinit  0x0000000008009bc8       0x70 c:/st/stm32cubeide_1.12.0/stm32cubeide/plugins/com.st.stm32cube.ide.mcu.externaltools.gnu-tools-for-stm32.10.3-2021.10.win32_1.0.200.202301161003/tools/bin/../lib/gcc/arm-none-eabi/10.3.1/../../../../arm-none-eabi/lib/thumb/v7e-m+fp/hard\libc_nano.a(lib_a-findfp.o)
                0x0000000008009bc8                __sinit
 .text.__sfp    0x0000000008009c38       0x8c c:/st/stm32cubeide_1.12.0/stm32cubeide/plugins/com.st.stm32cube.ide.mcu.externaltools.gnu-tools-for-stm32.10.3-2021.10.win32_1.0.200.202301161003/tools/bin/../lib/gcc/arm-none-eabi/10.3.1/../../../../arm-none-eabi/lib/thumb/v7e-m+fp/hard\libc_nano.a(lib_a-findfp.o)
                0x0000000008009c38                __sfp
 .text._fwalk_reent
                0x0000000008009cc4       0x3e c:/st/stm32cubeide_1.12.0/stm32cubeide/plugins/com.st.stm32cube.ide.mcu.externaltools.gnu-tools-for-stm32.10.3-2021.10.win32_1.0.200.202301161003/tools/bin/../lib/gcc/arm-none-eabi/10.3.1/../../../../arm-none-eabi/lib/thumb/v7e-m+fp/hard\libc_nano.a(lib_a-fwalk.o)
                0x0000000008009cc4                _fwalk_reent
 *fill*         0x0000000008009d02        0x2 
 .text.__libc_init_array
                0x0000000008009d04       0x48 c:/st/stm32cubeide_1.12.0/stm32cubeide/plugins/com.st.stm32cube.ide.mcu.externaltools.gnu-tools-for-stm32.10.3-2021.10.win32_1.0.200.202301161003/tools/bin/../lib/gcc/arm-none-eabi/10.3.1/../../../../arm-none-eabi/lib/thumb/v7e-m+fp/hard\libc_nano.a(lib_a-init.o)
                0x0000000008009d04                __libc_init_array
 .text.__retarget_lock_init_recursive
                0x0000000008009d4c        0x2 c:/st/stm32cubeide_1.12.0/stm32cubeide/plugins/com.st.stm32cube.ide.mcu.externaltools.gnu-tools-for-stm32.10.3-2021.10.win32_1.0.200.202301161003/tools/bin/../lib/gcc/arm-none-eabi/10.3.1/../../../../arm-none-eabi/lib/thumb/v7e-m+fp/hard\libc_nano.a(lib_a-lock.o)
                0x0000000008009d4c                __retarget_lock_init_recursive
 .text.__retarget_lock_acquire_recursive
                0x0000000008009d4e        0x2 c:/st/stm32cubeide_1.12.0/stm32cubeide/plugins/com.st.stm32cube.ide.mcu.externaltools.gnu-tools-for-stm32.10.3-2021.10.win32_1.0.200.202301161003/tools/bin/../lib/gcc/arm-none-eabi/10.3.1/../../../../arm-none-eabi/lib/thumb/v7e-m+fp/hard\libc_nano.a(lib_a-lock.o)
                0x0000000008009d4e                __retarget_lock_acquire_recursive
 .text.__retarget_lock_release_recursive
                0x0000000008009d50        0x2 c:/st/stm32cubeide_1.12.0/stm32cubeide/plugins/com.st.stm32cube.ide.mcu.externaltools.gnu-tools-for-stm32.10.3-2021.10.win32_1.0.200.202301161003/tools/bin/../lib/gcc/arm-none-eabi/10.3.1/../../../../arm-none-eabi/lib/thumb/v7e-m+fp/hard\libc_nano.a(lib_a-lock.o)
                0x0000000008009d50                __retarget_lock_release_recursive
 .text.memset   0x0000000008009d52       0x10 c:/st/stm32cubeide_1.12.0/stm32cubeide/plugins/com.st.stm32cube.ide.mcu.externaltools.gnu-tools-for-stm32.10.3-2021.10.win32_1.0.200.202301161003/tools/bin/../lib/gcc/arm-none-eabi/10.3.1/../../../../arm-none-eabi/lib/thumb/v7e-m+fp/hard\libc_nano.a(lib_a-memset.o)
                0x0000000008009d52                memset
 *fill*         0x0000000008009d62        0x2 
 .text.sbrk_aligned
                0x0000000008009d64       0x40 c:/st/stm32cubeide_1.12.0/stm32cubeide/plugins/com.st.stm32cube.ide.mcu.externaltools.gnu-tools-for-stm32.10.3-2021.10.win32_1.0.200.202301161003/tools/bin/../lib/gcc/arm-none-eabi/10.3.1/../../../../arm-none-eabi/lib/thumb/v7e-m+fp/hard\libc_nano.a(lib_a-nano-mallocr.o)
 .text._malloc_r
                0x0000000008009da4       0xe8 c:/st/stm32cubeide_1.12.0/stm32cubeide/plugins/com.st.stm32cube.ide.mcu.externaltools.gnu-tools-for-stm32.10.3-2021.10.win32_1.0.200.202301161003/tools/bin/../lib/gcc/arm-none-eabi/10.3.1/../../../../arm-none-eabi/lib/thumb/v7e-m+fp/hard\libc_nano.a(lib_a-nano-mallocr.o)
                0x0000000008009da4                _malloc_r
 .text.printf   0x0000000008009e8c       0x30 c:/st/stm32cubeide_1.12.0/stm32cubeide/plugins/com.st.stm32cube.ide.mcu.externaltools.gnu-tools-for-stm32.10.3-2021.10.win32_1.0.200.202301161003/tools/bin/../lib/gcc/arm-none-eabi/10.3.1/../../../../arm-none-eabi/lib/thumb/v7e-m+fp/hard\libc_nano.a(lib_a-printf.o)
                0x0000000008009e8c                iprintf
                0x0000000008009e8c                printf
 .text._puts_r  0x0000000008009ebc       0xdc c:/st/stm32cubeide_1.12.0/stm32cubeide/plugins/com.st.stm32cube.ide.mcu.externaltools.gnu-tools-for-stm32.10.3-2021.10.win32_1.0.200.202301161003/tools/bin/../lib/gcc/arm-none-eabi/10.3.1/../../../../arm-none-eabi/lib/thumb/v7e-m+fp/hard\libc_nano.a(lib_a-puts.o)
                0x0000000008009ebc                _puts_r
 .text.puts     0x0000000008009f98       0x10 c:/st/stm32cubeide_1.12.0/stm32cubeide/plugins/com.st.stm32cube.ide.mcu.externaltools.gnu-tools-for-stm32.10.3-2021.10.win32_1.0.200.202301161003/tools/bin/../lib/gcc/arm-none-eabi/10.3.1/../../../../arm-none-eabi/lib/thumb/v7e-m+fp/hard\libc_nano.a(lib_a-puts.o)
                0x0000000008009f98                puts
 .text.cleanup_glue
                0x0000000008009fa8       0x1a c:/st/stm32cubeide_1.12.0/stm32cubeide/plugins/com.st.stm32cube.ide.mcu.externaltools.gnu-tools-for-stm32.10.3-2021.10.win32_1.0.200.202301161003/tools/bin/../lib/gcc/arm-none-eabi/10.3.1/../../../../arm-none-eabi/lib/thumb/v7e-m+fp/hard\libc_nano.a(lib_a-reent.o)
                0x0000000008009fa8                cleanup_glue
 *fill*         0x0000000008009fc2        0x2 
 .text._reclaim_reent
                0x0000000008009fc4       0xb8 c:/st/stm32cubeide_1.12.0/stm32cubeide/plugins/com.st.stm32cube.ide.mcu.externaltools.gnu-tools-for-stm32.10.3-2021.10.win32_1.0.200.202301161003/tools/bin/../lib/gcc/arm-none-eabi/10.3.1/../../../../arm-none-eabi/lib/thumb/v7e-m+fp/hard\libc_nano.a(lib_a-reent.o)
                0x0000000008009fc4                _reclaim_reent
 .text._sbrk_r  0x000000000800a07c       0x20 c:/st/stm32cubeide_1.12.0/stm32cubeide/plugins/com.st.stm32cube.ide.mcu.externaltools.gnu-tools-for-stm32.10.3-2021.10.win32_1.0.200.202301161003/tools/bin/../lib/gcc/arm-none-eabi/10.3.1/../../../../arm-none-eabi/lib/thumb/v7e-m+fp/hard\libc_nano.a(lib_a-sbrkr.o)
                0x000000000800a07c                _sbrk_r
 .text.__sread  0x000000000800a09c       0x22 c:/st/stm32cubeide_1.12.0/stm32cubeide/plugins/com.st.stm32cube.ide.mcu.externaltools.gnu-tools-for-stm32.10.3-2021.10.win32_1.0.200.202301161003/tools/bin/../lib/gcc/arm-none-eabi/10.3.1/../../../../arm-none-eabi/lib/thumb/v7e-m+fp/hard\libc_nano.a(lib_a-stdio.o)
                0x000000000800a09c                __sread
 .text.__swrite
                0x000000000800a0be       0x38 c:/st/stm32cubeide_1.12.0/stm32cubeide/plugins/com.st.stm32cube.ide.mcu.externaltools.gnu-tools-for-stm32.10.3-2021.10.win32_1.0.200.202301161003/tools/bin/../lib/gcc/arm-none-eabi/10.3.1/../../../../arm-none-eabi/lib/thumb/v7e-m+fp/hard\libc_nano.a(lib_a-stdio.o)
                0x000000000800a0be                __swrite
 .text.__sseek  0x000000000800a0f6       0x24 c:/st/stm32cubeide_1.12.0/stm32cubeide/plugins/com.st.stm32cube.ide.mcu.externaltools.gnu-tools-for-stm32.10.3-2021.10.win32_1.0.200.202301161003/tools/bin/../lib/gcc/arm-none-eabi/10.3.1/../../../../arm-none-eabi/lib/thumb/v7e-m+fp/hard\libc_nano.a(lib_a-stdio.o)
                0x000000000800a0f6                __sseek
 .text.__sclose
                0x000000000800a11a        0x8 c:/st/stm32cubeide_1.12.0/stm32cubeide/plugins/com.st.stm32cube.ide.mcu.externaltools.gnu-tools-for-stm32.10.3-2021.10.win32_1.0.200.202301161003/tools/bin/../lib/gcc/arm-none-eabi/10.3.1/../../../../arm-none-eabi/lib/thumb/v7e-m+fp/hard\libc_nano.a(lib_a-stdio.o)
                0x000000000800a11a                __sclose
 *fill*         0x000000000800a122        0x2 
 .text.__swbuf_r
                0x000000000800a124       0xa4 c:/st/stm32cubeide_1.12.0/stm32cubeide/plugins/com.st.stm32cube.ide.mcu.externaltools.gnu-tools-for-stm32.10.3-2021.10.win32_1.0.200.202301161003/tools/bin/../lib/gcc/arm-none-eabi/10.3.1/../../../../arm-none-eabi/lib/thumb/v7e-m+fp/hard\libc_nano.a(lib_a-wbuf.o)
                0x000000000800a124                __swbuf_r
 .text._write_r
                0x000000000800a1c8       0x24 c:/st/stm32cubeide_1.12.0/stm32cubeide/plugins/com.st.stm32cube.ide.mcu.externaltools.gnu-tools-for-stm32.10.3-2021.10.win32_1.0.200.202301161003/tools/bin/../lib/gcc/arm-none-eabi/10.3.1/../../../../arm-none-eabi/lib/thumb/v7e-m+fp/hard\libc_nano.a(lib_a-writer.o)
                0x000000000800a1c8                _write_r
 .text.__swsetup_r
                0x000000000800a1ec       0xdc c:/st/stm32cubeide_1.12.0/stm32cubeide/plugins/com.st.stm32cube.ide.mcu.externaltools.gnu-tools-for-stm32.10.3-2021.10.win32_1.0.200.202301161003/tools/bin/../lib/gcc/arm-none-eabi/10.3.1/../../../../arm-none-eabi/lib/thumb/v7e-m+fp/hard\libc_nano.a(lib_a-wsetup.o)
                0x000000000800a1ec                __swsetup_r
 .text._close_r
                0x000000000800a2c8       0x20 c:/st/stm32cubeide_1.12.0/stm32cubeide/plugins/com.st.stm32cube.ide.mcu.externaltools.gnu-tools-for-stm32.10.3-2021.10.win32_1.0.200.202301161003/tools/bin/../lib/gcc/arm-none-eabi/10.3.1/../../../../arm-none-eabi/lib/thumb/v7e-m+fp/hard\libc_nano.a(lib_a-closer.o)
                0x000000000800a2c8                _close_r
 .text.__sflush_r
                0x000000000800a2e8      0x10c c:/st/stm32cubeide_1.12.0/stm32cubeide/plugins/com.st.stm32cube.ide.mcu.externaltools.gnu-tools-for-stm32.10.3-2021.10.win32_1.0.200.202301161003/tools/bin/../lib/gcc/arm-none-eabi/10.3.1/../../../../arm-none-eabi/lib/thumb/v7e-m+fp/hard\libc_nano.a(lib_a-fflush.o)
                0x000000000800a2e8                __sflush_r
 .text._fflush_r
                0x000000000800a3f4       0x78 c:/st/stm32cubeide_1.12.0/stm32cubeide/plugins/com.st.stm32cube.ide.mcu.externaltools.gnu-tools-for-stm32.10.3-2021.10.win32_1.0.200.202301161003/tools/bin/../lib/gcc/arm-none-eabi/10.3.1/../../../../arm-none-eabi/lib/thumb/v7e-m+fp/hard\libc_nano.a(lib_a-fflush.o)
                0x000000000800a3f4                _fflush_r
 .text._lseek_r
                0x000000000800a46c       0x24 c:/st/stm32cubeide_1.12.0/stm32cubeide/plugins/com.st.stm32cube.ide.mcu.externaltools.gnu-tools-for-stm32.10.3-2021.10.win32_1.0.200.202301161003/tools/bin/../lib/gcc/arm-none-eabi/10.3.1/../../../../arm-none-eabi/lib/thumb/v7e-m+fp/hard\libc_nano.a(lib_a-lseekr.o)
                0x000000000800a46c                _lseek_r
 .text.__swhatbuf_r
                0x000000000800a490       0x4a c:/st/stm32cubeide_1.12.0/stm32cubeide/plugins/com.st.stm32cube.ide.mcu.externaltools.gnu-tools-for-stm32.10.3-2021.10.win32_1.0.200.202301161003/tools/bin/../lib/gcc/arm-none-eabi/10.3.1/../../../../arm-none-eabi/lib/thumb/v7e-m+fp/hard\libc_nano.a(lib_a-makebuf.o)
                0x000000000800a490                __swhatbuf_r
 *fill*         0x000000000800a4da        0x2 
 .text.__smakebuf_r
                0x000000000800a4dc       0x80 c:/st/stm32cubeide_1.12.0/stm32cubeide/plugins/com.st.stm32cube.ide.mcu.externaltools.gnu-tools-for-stm32.10.3-2021.10.win32_1.0.200.202301161003/tools/bin/../lib/gcc/arm-none-eabi/10.3.1/../../../../arm-none-eabi/lib/thumb/v7e-m+fp/hard\libc_nano.a(lib_a-makebuf.o)
                0x000000000800a4dc                __smakebuf_r
 .text.__malloc_lock
                0x000000000800a55c        0xc c:/st/stm32cubeide_1.12.0/stm32cubeide/plugins/com.st.stm32cube.ide.mcu.externaltools.gnu-tools-for-stm32.10.3-2021.10.win32_1.0.200.202301161003/tools/bin/../lib/gcc/arm-none-eabi/10.3.1/../../../../arm-none-eabi/lib/thumb/v7e-m+fp/hard\libc_nano.a(lib_a-mlock.o)
                0x000000000800a55c                __malloc_lock
 .text.__malloc_unlock
                0x000000000800a568        0xc c:/st/stm32cubeide_1.12.0/stm32cubeide/plugins/com.st.stm32cube.ide.mcu.externaltools.gnu-tools-for-stm32.10.3-2021.10.win32_1.0.200.202301161003/tools/bin/../lib/gcc/arm-none-eabi/10.3.1/../../../../arm-none-eabi/lib/thumb/v7e-m+fp/hard\libc_nano.a(lib_a-mlock.o)
                0x000000000800a568                __malloc_unlock
 .text._free_r  0x000000000800a574       0x98 c:/st/stm32cubeide_1.12.0/stm32cubeide/plugins/com.st.stm32cube.ide.mcu.externaltools.gnu-tools-for-stm32.10.3-2021.10.win32_1.0.200.202301161003/tools/bin/../lib/gcc/arm-none-eabi/10.3.1/../../../../arm-none-eabi/lib/thumb/v7e-m+fp/hard\libc_nano.a(lib_a-nano-freer.o)
                0x000000000800a574                _free_r
 .text.__sfputc_r
                0x000000000800a60c       0x2e c:/st/stm32cubeide_1.12.0/stm32cubeide/plugins/com.st.stm32cube.ide.mcu.externaltools.gnu-tools-for-stm32.10.3-2021.10.win32_1.0.200.202301161003/tools/bin/../lib/gcc/arm-none-eabi/10.3.1/../../../../arm-none-eabi/lib/thumb/v7e-m+fp/hard\libc_nano.a(lib_a-nano-vfprintf.o)
 .text.__sfputs_r
                0x000000000800a63a       0x24 c:/st/stm32cubeide_1.12.0/stm32cubeide/plugins/com.st.stm32cube.ide.mcu.externaltools.gnu-tools-for-stm32.10.3-2021.10.win32_1.0.200.202301161003/tools/bin/../lib/gcc/arm-none-eabi/10.3.1/../../../../arm-none-eabi/lib/thumb/v7e-m+fp/hard\libc_nano.a(lib_a-nano-vfprintf.o)
                0x000000000800a63a                __sfputs_r
 *fill*         0x000000000800a65e        0x2 
 .text._vfprintf_r
                0x000000000800a660      0x260 c:/st/stm32cubeide_1.12.0/stm32cubeide/plugins/com.st.stm32cube.ide.mcu.externaltools.gnu-tools-for-stm32.10.3-2021.10.win32_1.0.200.202301161003/tools/bin/../lib/gcc/arm-none-eabi/10.3.1/../../../../arm-none-eabi/lib/thumb/v7e-m+fp/hard\libc_nano.a(lib_a-nano-vfprintf.o)
                0x000000000800a660                _vfprintf_r
                0x000000000800a660                _vfiprintf_r
 .text._printf_common
                0x000000000800a8c0       0xda c:/st/stm32cubeide_1.12.0/stm32cubeide/plugins/com.st.stm32cube.ide.mcu.externaltools.gnu-tools-for-stm32.10.3-2021.10.win32_1.0.200.202301161003/tools/bin/../lib/gcc/arm-none-eabi/10.3.1/../../../../arm-none-eabi/lib/thumb/v7e-m+fp/hard\libc_nano.a(lib_a-nano-vfprintf_i.o)
                0x000000000800a8c0                _printf_common
 *fill*         0x000000000800a99a        0x2 
 .text._printf_i
                0x000000000800a99c      0x24c c:/st/stm32cubeide_1.12.0/stm32cubeide/plugins/com.st.stm32cube.ide.mcu.externaltools.gnu-tools-for-stm32.10.3-2021.10.win32_1.0.200.202301161003/tools/bin/../lib/gcc/arm-none-eabi/10.3.1/../../../../arm-none-eabi/lib/thumb/v7e-m+fp/hard\libc_nano.a(lib_a-nano-vfprintf_i.o)
                0x000000000800a99c                _printf_i
 .text._read_r  0x000000000800abe8       0x24 c:/st/stm32cubeide_1.12.0/stm32cubeide/plugins/com.st.stm32cube.ide.mcu.externaltools.gnu-tools-for-stm32.10.3-2021.10.win32_1.0.200.202301161003/tools/bin/../lib/gcc/arm-none-eabi/10.3.1/../../../../arm-none-eabi/lib/thumb/v7e-m+fp/hard\libc_nano.a(lib_a-readr.o)
                0x000000000800abe8                _read_r
 .text._fstat_r
                0x000000000800ac0c       0x24 c:/st/stm32cubeide_1.12.0/stm32cubeide/plugins/com.st.stm32cube.ide.mcu.externaltools.gnu-tools-for-stm32.10.3-2021.10.win32_1.0.200.202301161003/tools/bin/../lib/gcc/arm-none-eabi/10.3.1/../../../../arm-none-eabi/lib/thumb/v7e-m+fp/hard\libc_nano.a(lib_a-fstatr.o)
                0x000000000800ac0c                _fstat_r
 .text._isatty_r
                0x000000000800ac30       0x20 c:/st/stm32cubeide_1.12.0/stm32cubeide/plugins/com.st.stm32cube.ide.mcu.externaltools.gnu-tools-for-stm32.10.3-2021.10.win32_1.0.200.202301161003/tools/bin/../lib/gcc/arm-none-eabi/10.3.1/../../../../arm-none-eabi/lib/thumb/v7e-m+fp/hard\libc_nano.a(lib_a-isattyr.o)
                0x000000000800ac30                _isatty_r
 .text.pow      0x000000000800ac50       0xe0 c:/st/stm32cubeide_1.12.0/stm32cubeide/plugins/com.st.stm32cube.ide.mcu.externaltools.gnu-tools-for-stm32.10.3-2021.10.win32_1.0.200.202301161003/tools/bin/../lib/gcc/arm-none-eabi/10.3.1/../../../../arm-none-eabi/lib/thumb/v7e-m+fp/hard\libm.a(lib_a-w_pow.o)
                0x000000000800ac50                pow
 .text.sqrt     0x000000000800ad30       0x58 c:/st/stm32cubeide_1.12.0/stm32cubeide/plugins/com.st.stm32cube.ide.mcu.externaltools.gnu-tools-for-stm32.10.3-2021.10.win32_1.0.200.202301161003/tools/bin/../lib/gcc/arm-none-eabi/10.3.1/../../../../arm-none-eabi/lib/thumb/v7e-m+fp/hard\libm.a(lib_a-w_sqrt.o)
                0x000000000800ad30                sqrt
 .text.__ieee754_pow
                0x000000000800ad88      0xa5c c:/st/stm32cubeide_1.12.0/stm32cubeide/plugins/com.st.stm32cube.ide.mcu.externaltools.gnu-tools-for-stm32.10.3-2021.10.win32_1.0.200.202301161003/tools/bin/../lib/gcc/arm-none-eabi/10.3.1/../../../../arm-none-eabi/lib/thumb/v7e-m+fp/hard\libm.a(lib_a-e_pow.o)
                0x000000000800ad88                __ieee754_pow
 .text.__ieee754_sqrt
                0x000000000800b7e4      0x164 c:/st/stm32cubeide_1.12.0/stm32cubeide/plugins/com.st.stm32cube.ide.mcu.externaltools.gnu-tools-for-stm32.10.3-2021.10.win32_1.0.200.202301161003/tools/bin/../lib/gcc/arm-none-eabi/10.3.1/../../../../arm-none-eabi/lib/thumb/v7e-m+fp/hard\libm.a(lib_a-e_sqrt.o)
                0x000000000800b7e4                __ieee754_sqrt
 .text.with_errno
                0x000000000800b948       0x14 c:/st/stm32cubeide_1.12.0/stm32cubeide/plugins/com.st.stm32cube.ide.mcu.externaltools.gnu-tools-for-stm32.10.3-2021.10.win32_1.0.200.202301161003/tools/bin/../lib/gcc/arm-none-eabi/10.3.1/../../../../arm-none-eabi/lib/thumb/v7e-m+fp/hard\libm.a(lib_a-math_err.o)
 .text.xflow    0x000000000800b95c       0x28 c:/st/stm32cubeide_1.12.0/stm32cubeide/plugins/com.st.stm32cube.ide.mcu.externaltools.gnu-tools-for-stm32.10.3-2021.10.win32_1.0.200.202301161003/tools/bin/../lib/gcc/arm-none-eabi/10.3.1/../../../../arm-none-eabi/lib/thumb/v7e-m+fp/hard\libm.a(lib_a-math_err.o)
 .text.__math_uflow
                0x000000000800b984       0x12 c:/st/stm32cubeide_1.12.0/stm32cubeide/plugins/com.st.stm32cube.ide.mcu.externaltools.gnu-tools-for-stm32.10.3-2021.10.win32_1.0.200.202301161003/tools/bin/../lib/gcc/arm-none-eabi/10.3.1/../../../../arm-none-eabi/lib/thumb/v7e-m+fp/hard\libm.a(lib_a-math_err.o)
                0x000000000800b984                __math_uflow
 .text.__math_oflow
                0x000000000800b996       0x12 c:/st/stm32cubeide_1.12.0/stm32cubeide/plugins/com.st.stm32cube.ide.mcu.externaltools.gnu-tools-for-stm32.10.3-2021.10.win32_1.0.200.202301161003/tools/bin/../lib/gcc/arm-none-eabi/10.3.1/../../../../arm-none-eabi/lib/thumb/v7e-m+fp/hard\libm.a(lib_a-math_err.o)
                0x000000000800b996                __math_oflow
 .text.fabs     0x000000000800b9a8       0x12 c:/st/stm32cubeide_1.12.0/stm32cubeide/plugins/com.st.stm32cube.ide.mcu.externaltools.gnu-tools-for-stm32.10.3-2021.10.win32_1.0.200.202301161003/tools/bin/../lib/gcc/arm-none-eabi/10.3.1/../../../../arm-none-eabi/lib/thumb/v7e-m+fp/hard\libm.a(lib_a-s_fabs.o)
                0x000000000800b9a8                fabs
 .text.finite   0x000000000800b9ba       0x16 c:/st/stm32cubeide_1.12.0/stm32cubeide/plugins/com.st.stm32cube.ide.mcu.externaltools.gnu-tools-for-stm32.10.3-2021.10.win32_1.0.200.202301161003/tools/bin/../lib/gcc/arm-none-eabi/10.3.1/../../../../arm-none-eabi/lib/thumb/v7e-m+fp/hard\libm.a(lib_a-s_finite.o)
                0x000000000800b9ba                finite
 .text.scalbn   0x000000000800b9d0      0x10c c:/st/stm32cubeide_1.12.0/stm32cubeide/plugins/com.st.stm32cube.ide.mcu.externaltools.gnu-tools-for-stm32.10.3-2021.10.win32_1.0.200.202301161003/tools/bin/../lib/gcc/arm-none-eabi/10.3.1/../../../../arm-none-eabi/lib/thumb/v7e-m+fp/hard\libm.a(lib_a-s_scalbn.o)
                0x000000000800b9d0                scalbn
 *(.glue_7)
 .glue_7        0x000000000800badc        0x0 linker stubs
 *(.glue_7t)
 .glue_7t       0x000000000800badc        0x0 linker stubs
 *(.eh_frame)
 .eh_frame      0x000000000800badc        0x0 c:/st/stm32cubeide_1.12.0/stm32cubeide/plugins/com.st.stm32cube.ide.mcu.externaltools.gnu-tools-for-stm32.10.3-2021.10.win32_1.0.200.202301161003/tools/bin/../lib/gcc/arm-none-eabi/10.3.1/thumb/v7e-m+fp/hard/crtbegin.o
 *(.init)
 .init          0x000000000800badc        0x4 c:/st/stm32cubeide_1.12.0/stm32cubeide/plugins/com.st.stm32cube.ide.mcu.externaltools.gnu-tools-for-stm32.10.3-2021.10.win32_1.0.200.202301161003/tools/bin/../lib/gcc/arm-none-eabi/10.3.1/thumb/v7e-m+fp/hard/crti.o
                0x000000000800badc                _init
 .init          0x000000000800bae0        0x8 c:/st/stm32cubeide_1.12.0/stm32cubeide/plugins/com.st.stm32cube.ide.mcu.externaltools.gnu-tools-for-stm32.10.3-2021.10.win32_1.0.200.202301161003/tools/bin/../lib/gcc/arm-none-eabi/10.3.1/thumb/v7e-m+fp/hard/crtn.o
 *(.fini)
 .fini          0x000000000800bae8        0x4 c:/st/stm32cubeide_1.12.0/stm32cubeide/plugins/com.st.stm32cube.ide.mcu.externaltools.gnu-tools-for-stm32.10.3-2021.10.win32_1.0.200.202301161003/tools/bin/../lib/gcc/arm-none-eabi/10.3.1/thumb/v7e-m+fp/hard/crti.o
                0x000000000800bae8                _fini
 .fini          0x000000000800baec        0x8 c:/st/stm32cubeide_1.12.0/stm32cubeide/plugins/com.st.stm32cube.ide.mcu.externaltools.gnu-tools-for-stm32.10.3-2021.10.win32_1.0.200.202301161003/tools/bin/../lib/gcc/arm-none-eabi/10.3.1/thumb/v7e-m+fp/hard/crtn.o
                0x000000000800baf4                . = ALIGN (0x4)
                0x000000000800baf4                _etext = .

.vfp11_veneer   0x000000000800baf4        0x0
 .vfp11_veneer  0x000000000800baf4        0x0 linker stubs

.v4_bx          0x000000000800baf4        0x0
 .v4_bx         0x000000000800baf4        0x0 linker stubs

.iplt           0x000000000800baf4        0x0
 .iplt          0x000000000800baf4        0x0 c:/st/stm32cubeide_1.12.0/stm32cubeide/plugins/com.st.stm32cube.ide.mcu.externaltools.gnu-tools-for-stm32.10.3-2021.10.win32_1.0.200.202301161003/tools/bin/../lib/gcc/arm-none-eabi/10.3.1/thumb/v7e-m+fp/hard/crtbegin.o

.rodata         0x000000000800baf8      0x418
                0x000000000800baf8                . = ALIGN (0x4)
 *(.rodata)
 .rodata        0x000000000800baf8      0x1fd ./Core/Src/aku_infra_imu.o
 *fill*         0x000000000800bcf5        0x3 
 .rodata        0x000000000800bcf8      0x12c ./Core/Src/freertos.o
 .rodata        0x000000000800be24        0x5 ./Middlewares/Third_Party/FreeRTOS/Source/tasks.o
 *(.rodata*)
 *fill*         0x000000000800be29        0x3 
 .rodata.AHBPrescTable
                0x000000000800be2c       0x10 ./Core/Src/system_stm32f4xx.o
                0x000000000800be2c                AHBPrescTable
 .rodata.APBPrescTable
                0x000000000800be3c        0x8 ./Core/Src/system_stm32f4xx.o
                0x000000000800be3c                APBPrescTable
 .rodata.__sf_fake_stderr
                0x000000000800be44       0x20 c:/st/stm32cubeide_1.12.0/stm32cubeide/plugins/com.st.stm32cube.ide.mcu.externaltools.gnu-tools-for-stm32.10.3-2021.10.win32_1.0.200.202301161003/tools/bin/../lib/gcc/arm-none-eabi/10.3.1/../../../../arm-none-eabi/lib/thumb/v7e-m+fp/hard\libc_nano.a(lib_a-findfp.o)
                0x000000000800be44                __sf_fake_stderr
 .rodata.__sf_fake_stdin
                0x000000000800be64       0x20 c:/st/stm32cubeide_1.12.0/stm32cubeide/plugins/com.st.stm32cube.ide.mcu.externaltools.gnu-tools-for-stm32.10.3-2021.10.win32_1.0.200.202301161003/tools/bin/../lib/gcc/arm-none-eabi/10.3.1/../../../../arm-none-eabi/lib/thumb/v7e-m+fp/hard\libc_nano.a(lib_a-findfp.o)
                0x000000000800be64                __sf_fake_stdin
 .rodata.__sf_fake_stdout
                0x000000000800be84       0x20 c:/st/stm32cubeide_1.12.0/stm32cubeide/plugins/com.st.stm32cube.ide.mcu.externaltools.gnu-tools-for-stm32.10.3-2021.10.win32_1.0.200.202301161003/tools/bin/../lib/gcc/arm-none-eabi/10.3.1/../../../../arm-none-eabi/lib/thumb/v7e-m+fp/hard\libc_nano.a(lib_a-findfp.o)
                0x000000000800be84                __sf_fake_stdout
 .rodata._global_impure_ptr
                0x000000000800bea4        0x4 c:/st/stm32cubeide_1.12.0/stm32cubeide/plugins/com.st.stm32cube.ide.mcu.externaltools.gnu-tools-for-stm32.10.3-2021.10.win32_1.0.200.202301161003/tools/bin/../lib/gcc/arm-none-eabi/10.3.1/../../../../arm-none-eabi/lib/thumb/v7e-m+fp/hard\libc_nano.a(lib_a-impure.o)
                0x000000000800bea4                _global_impure_ptr
 .rodata._vfprintf_r.str1.1
                0x000000000800bea8       0x11 c:/st/stm32cubeide_1.12.0/stm32cubeide/plugins/com.st.stm32cube.ide.mcu.externaltools.gnu-tools-for-stm32.10.3-2021.10.win32_1.0.200.202301161003/tools/bin/../lib/gcc/arm-none-eabi/10.3.1/../../../../arm-none-eabi/lib/thumb/v7e-m+fp/hard\libc_nano.a(lib_a-nano-vfprintf.o)
 .rodata._printf_i.str1.1
                0x000000000800beb9       0x22 c:/st/stm32cubeide_1.12.0/stm32cubeide/plugins/com.st.stm32cube.ide.mcu.externaltools.gnu-tools-for-stm32.10.3-2021.10.win32_1.0.200.202301161003/tools/bin/../lib/gcc/arm-none-eabi/10.3.1/../../../../arm-none-eabi/lib/thumb/v7e-m+fp/hard\libc_nano.a(lib_a-nano-vfprintf_i.o)
 *fill*         0x000000000800bedb        0x5 
 .rodata.bp     0x000000000800bee0       0x10 c:/st/stm32cubeide_1.12.0/stm32cubeide/plugins/com.st.stm32cube.ide.mcu.externaltools.gnu-tools-for-stm32.10.3-2021.10.win32_1.0.200.202301161003/tools/bin/../lib/gcc/arm-none-eabi/10.3.1/../../../../arm-none-eabi/lib/thumb/v7e-m+fp/hard\libm.a(lib_a-e_pow.o)
 .rodata.dp_h   0x000000000800bef0       0x10 c:/st/stm32cubeide_1.12.0/stm32cubeide/plugins/com.st.stm32cube.ide.mcu.externaltools.gnu-tools-for-stm32.10.3-2021.10.win32_1.0.200.202301161003/tools/bin/../lib/gcc/arm-none-eabi/10.3.1/../../../../arm-none-eabi/lib/thumb/v7e-m+fp/hard\libm.a(lib_a-e_pow.o)
 .rodata.dp_l   0x000000000800bf00       0x10 c:/st/stm32cubeide_1.12.0/stm32cubeide/plugins/com.st.stm32cube.ide.mcu.externaltools.gnu-tools-for-stm32.10.3-2021.10.win32_1.0.200.202301161003/tools/bin/../lib/gcc/arm-none-eabi/10.3.1/../../../../arm-none-eabi/lib/thumb/v7e-m+fp/hard\libm.a(lib_a-e_pow.o)
                0x000000000800bf10                . = ALIGN (0x4)

.ARM.extab      0x000000000800bf10        0x0
                0x000000000800bf10                . = ALIGN (0x4)
 *(.ARM.extab* .gnu.linkonce.armextab.*)
                0x000000000800bf10                . = ALIGN (0x4)

.ARM            0x000000000800bf10        0x8
                0x000000000800bf10                . = ALIGN (0x4)
                0x000000000800bf10                __exidx_start = .
 *(.ARM.exidx*)
 .ARM.exidx     0x000000000800bf10        0x8 c:/st/stm32cubeide_1.12.0/stm32cubeide/plugins/com.st.stm32cube.ide.mcu.externaltools.gnu-tools-for-stm32.10.3-2021.10.win32_1.0.200.202301161003/tools/bin/../lib/gcc/arm-none-eabi/10.3.1/thumb/v7e-m+fp/hard\libgcc.a(_udivmoddi4.o)
                0x000000000800bf18                __exidx_end = .
                0x000000000800bf18                . = ALIGN (0x4)

.rel.dyn        0x000000000800bf18        0x0
 .rel.iplt      0x000000000800bf18        0x0 c:/st/stm32cubeide_1.12.0/stm32cubeide/plugins/com.st.stm32cube.ide.mcu.externaltools.gnu-tools-for-stm32.10.3-2021.10.win32_1.0.200.202301161003/tools/bin/../lib/gcc/arm-none-eabi/10.3.1/thumb/v7e-m+fp/hard/crtbegin.o

.preinit_array  0x000000000800bf18        0x0
                0x000000000800bf18                . = ALIGN (0x4)
                0x000000000800bf18                PROVIDE (__preinit_array_start = .)
 *(.preinit_array*)
                0x000000000800bf18                PROVIDE (__preinit_array_end = .)
                0x000000000800bf18                . = ALIGN (0x4)

.init_array     0x000000000800bf18        0x4
                0x000000000800bf18                . = ALIGN (0x4)
                0x000000000800bf18                PROVIDE (__init_array_start = .)
 *(SORT_BY_NAME(.init_array.*))
 *(.init_array*)
 .init_array    0x000000000800bf18        0x4 c:/st/stm32cubeide_1.12.0/stm32cubeide/plugins/com.st.stm32cube.ide.mcu.externaltools.gnu-tools-for-stm32.10.3-2021.10.win32_1.0.200.202301161003/tools/bin/../lib/gcc/arm-none-eabi/10.3.1/thumb/v7e-m+fp/hard/crtbegin.o
                0x000000000800bf1c                PROVIDE (__init_array_end = .)
                0x000000000800bf1c                . = ALIGN (0x4)

.fini_array     0x000000000800bf1c        0x4
                0x000000000800bf1c                . = ALIGN (0x4)
                [!provide]                        PROVIDE (__fini_array_start = .)
 *(SORT_BY_NAME(.fini_array.*))
 *(.fini_array*)
 .fini_array    0x000000000800bf1c        0x4 c:/st/stm32cubeide_1.12.0/stm32cubeide/plugins/com.st.stm32cube.ide.mcu.externaltools.gnu-tools-for-stm32.10.3-2021.10.win32_1.0.200.202301161003/tools/bin/../lib/gcc/arm-none-eabi/10.3.1/thumb/v7e-m+fp/hard/crtbegin.o
                [!provide]                        PROVIDE (__fini_array_end = .)
                0x000000000800bf20                . = ALIGN (0x4)
                0x000000000800bf20                _sidata = LOADADDR (.data)

.data           0x0000000020000000       0xb8 load address 0x000000000800bf20
                0x0000000020000000                . = ALIGN (0x4)
                0x0000000020000000                _sdata = .
 *(.data)
 *(.data*)
 .data.ms5611   0x0000000020000000       0x10 ./Core/Src/aku_infra_barometer.o
                0x0000000020000000                ms5611
 .data.bno055   0x0000000020000010       0x10 ./Core/Src/aku_infra_imu.o
                0x0000000020000010                bno055
 .data.accelScale
                0x0000000020000020        0x2 ./Core/Src/bno055.o
                0x0000000020000020                accelScale
 .data.angularRateScale
                0x0000000020000022        0x2 ./Core/Src/bno055.o
                0x0000000020000022                angularRateScale
 .data.eulerScale
                0x0000000020000024        0x2 ./Core/Src/bno055.o
                0x0000000020000024                eulerScale
 .data.magScale
                0x0000000020000026        0x2 ./Core/Src/bno055.o
                0x0000000020000026                magScale
 .data.quaScale
                0x0000000020000028        0x2 ./Core/Src/bno055.o
                0x0000000020000028                quaScale
 *fill*         0x000000002000002a        0x2 
 .data.SystemCoreClock
                0x000000002000002c        0x4 ./Core/Src/system_stm32f4xx.o
                0x000000002000002c                SystemCoreClock
 .data.pressAddr
                0x0000000020000030        0x1 ./Core/Src/yrt_ms5611.o
 .data.tempAddr
                0x0000000020000031        0x1 ./Core/Src/yrt_ms5611.o
 .data.convDelay
                0x0000000020000032        0x1 ./Core/Src/yrt_ms5611.o
 *fill*         0x0000000020000033        0x1 
 .data.uwTickPrio
                0x0000000020000034        0x4 ./Drivers/STM32F4xx_HAL_Driver/Src/stm32f4xx_hal.o
                0x0000000020000034                uwTickPrio
 .data.uwTickFreq
                0x0000000020000038        0x1 ./Drivers/STM32F4xx_HAL_Driver/Src/stm32f4xx_hal.o
                0x0000000020000038                uwTickFreq
 .data.Stat     0x0000000020000039        0x1 ./FATFS/Target/user_diskio.o
 *fill*         0x000000002000003a        0x2 
 .data.USER_Driver
                0x000000002000003c       0x14 ./FATFS/Target/user_diskio.o
                0x000000002000003c                USER_Driver
 .data.uxCriticalNesting
                0x0000000020000050        0x4 ./Middlewares/Third_Party/FreeRTOS/Source/portable/GCC/ARM_CM4F/port.o
 .data._impure_ptr
                0x0000000020000054        0x4 c:/st/stm32cubeide_1.12.0/stm32cubeide/plugins/com.st.stm32cube.ide.mcu.externaltools.gnu-tools-for-stm32.10.3-2021.10.win32_1.0.200.202301161003/tools/bin/../lib/gcc/arm-none-eabi/10.3.1/../../../../arm-none-eabi/lib/thumb/v7e-m+fp/hard\libc_nano.a(lib_a-impure.o)
                0x0000000020000054                _impure_ptr
 .data.impure_data
                0x0000000020000058       0x60 c:/st/stm32cubeide_1.12.0/stm32cubeide/plugins/com.st.stm32cube.ide.mcu.externaltools.gnu-tools-for-stm32.10.3-2021.10.win32_1.0.200.202301161003/tools/bin/../lib/gcc/arm-none-eabi/10.3.1/../../../../arm-none-eabi/lib/thumb/v7e-m+fp/hard\libc_nano.a(lib_a-impure.o)
 *(.RamFunc)
 *(.RamFunc*)
                0x00000000200000b8                . = ALIGN (0x4)
                0x00000000200000b8                _edata = .

.igot.plt       0x00000000200000b8        0x0 load address 0x000000000800bfd8
 .igot.plt      0x00000000200000b8        0x0 c:/st/stm32cubeide_1.12.0/stm32cubeide/plugins/com.st.stm32cube.ide.mcu.externaltools.gnu-tools-for-stm32.10.3-2021.10.win32_1.0.200.202301161003/tools/bin/../lib/gcc/arm-none-eabi/10.3.1/thumb/v7e-m+fp/hard/crtbegin.o
                0x00000000200000b8                . = ALIGN (0x4)

.bss            0x00000000200000b8     0xb938 load address 0x000000000800bfd8
                0x00000000200000b8                _sbss = .
                0x00000000200000b8                __bss_start__ = _sbss
 *(.bss)
 .bss           0x00000000200000b8       0x1c c:/st/stm32cubeide_1.12.0/stm32cubeide/plugins/com.st.stm32cube.ide.mcu.externaltools.gnu-tools-for-stm32.10.3-2021.10.win32_1.0.200.202301161003/tools/bin/../lib/gcc/arm-none-eabi/10.3.1/thumb/v7e-m+fp/hard/crtbegin.o
 *(.bss*)
 .bss.altitude  0x00000000200000d4       0x20 ./Core/Src/aku_infra_barometer.o
 .bss._bno055_i2c_port
                0x00000000200000f4        0x4 ./Core/Src/aku_infra_imu.o
                0x00000000200000f4                _bno055_i2c_port
 .bss.imu       0x00000000200000f8       0x70 ./Core/Src/aku_infra_imu.o
 .bss.imu_offset_data
                0x0000000020000168       0x70 ./Core/Src/aku_infra_imu.o
 .bss.imu_ptr   0x00000000200001d8        0x4 ./Core/Src/freertos.o
                0x00000000200001d8                imu_ptr
 .bss.altitude_ptr
                0x00000000200001dc        0x4 ./Core/Src/freertos.o
                0x00000000200001dc                altitude_ptr
 .bss.Read_SensorDataHandle
                0x00000000200001e0        0x4 ./Core/Src/freertos.o
                0x00000000200001e0                Read_SensorDataHandle
 .bss.Flight_StatesHandle
                0x00000000200001e4        0x4 ./Core/Src/freertos.o
                0x00000000200001e4                Flight_StatesHandle
 .bss.Servo_ControlHandle
                0x00000000200001e8        0x4 ./Core/Src/freertos.o
                0x00000000200001e8                Servo_ControlHandle
 .bss.DC_Motor_ControHandle
                0x00000000200001ec        0x4 ./Core/Src/freertos.o
                0x00000000200001ec                DC_Motor_ControHandle
 .bss.Uart_to_LTCHandle
                0x00000000200001f0        0x4 ./Core/Src/freertos.o
                0x00000000200001f0                Uart_to_LTCHandle
 .bss.Write_to_SDHandle
                0x00000000200001f4        0x4 ./Core/Src/freertos.o
                0x00000000200001f4                Write_to_SDHandle
 .bss.System_CheckHandle
                0x00000000200001f8        0x4 ./Core/Src/freertos.o
                0x00000000200001f8                System_CheckHandle
 .bss.xIdleTaskTCBBuffer
                0x00000000200001fc       0xb4 ./Core/Src/freertos.o
 .bss.xIdleStack
                0x00000000200002b0      0x200 ./Core/Src/freertos.o
 .bss.a         0x00000000200004b0        0x4 ./Core/Src/freertos.o
                0x00000000200004b0                a
 .bss.tick      0x00000000200004b4        0x4 ./Core/Src/freertos.o
                0x00000000200004b4                tick
 .bss.hi2c1     0x00000000200004b8       0x54 ./Core/Src/i2c.o
                0x00000000200004b8                hi2c1
 .bss.hi2c2     0x000000002000050c       0x54 ./Core/Src/i2c.o
                0x000000002000050c                hi2c2
 .bss.hspi1     0x0000000020000560       0x58 ./Core/Src/spi.o
                0x0000000020000560                hspi1
 .bss.htim1     0x00000000200005b8       0x48 ./Core/Src/stm32f4xx_hal_timebase_tim.o
                0x00000000200005b8                htim1
 .bss.__sbrk_heap_end
                0x0000000020000600        0x4 ./Core/Src/sysmem.o
 .bss.htim2     0x0000000020000604       0x48 ./Core/Src/tim.o
                0x0000000020000604                htim2
 .bss.htim3     0x000000002000064c       0x48 ./Core/Src/tim.o
                0x000000002000064c                htim3
 .bss.htim6     0x0000000020000694       0x48 ./Core/Src/tim.o
                0x0000000020000694                htim6
 .bss.huart2    0x00000000200006dc       0x44 ./Core/Src/usart.o
                0x00000000200006dc                huart2
 .bss.ms5611_i2c